NSP top_k値: 50 (trainとdevで共通)
使用する特徴量タイプ: post
=== allによるclarification分類 ===

データセット: AmbigNQ
検索手法: dpr
使用する特徴量: QPPスコア（post）
  設定: --feature-typesで指定
モデルタイプ: all
ラベル分布の調整: 無効
非負制約: 無効
クロスバリデーション: 無効
正規化方法: 訓練データの統計量で[0,1]正規化（Min-Max）（通常）

1. データ読み込み中...

【ラベル抽出のデバッグ情報】
response_type別の分布:
  clarification: 総数=4747, ラベル0=0, ラベル1=4747
  directAnswer: 総数=5289, ラベル0=5289, ラベル1=0
総ラベル分布: 0=5289, 1=4747

  - 訓練データ: 10036 サンプル
Loaded 10036 nqc scores for train
Loaded 10036 clarity scores for train
Loaded 10036 wig scores for train
Loaded 10036 smv scores for train
Loaded 10036 n_sigma_50 scores for train
  - nqc: 10036 サンプル
  - clarity: 10036 サンプル
  - wig: 10036 サンプル
  - smv: 10036 サンプル
  - n_sigma_50: 10036 サンプル

【ラベル抽出のデバッグ情報】
response_type別の分布:
  clarification: 総数=1070, ラベル0=0, ラベル1=1070
  directAnswer: 総数=932, ラベル0=932, ラベル1=0
総ラベル分布: 0=932, 1=1070

  - テストデータ: 2002 サンプル
Loaded 2002 nqc scores for dev
Loaded 2002 clarity scores for dev
Loaded 2002 wig scores for dev
Loaded 2002 smv scores for dev
Loaded 2002 n_sigma_50 scores for dev
  - nqc: 2002 サンプル
  - clarity: 2002 サンプル
  - wig: 2002 サンプル
  - smv: 2002 サンプル
  - n_sigma_50: 2002 サンプル

2. 特徴量マージ中...
  - 訓練データ: 10036 サンプル, 5 特徴量
  - テストデータ: 2002 サンプル, 5 特徴量
  - 特徴量: ['nqc', 'clarity', 'wig', 'smv', 'n_sigma_50']
  - 訓練データのラベル分布: {0: 5289, 1: 4747}
  - テストデータのラベル分布: {1: 1070, 0: 932}

2.5. ラベル分布の調整: スキップ（--balance-label-distribution が指定されていません）

【データ分布の確認（正規化前）】
訓練データの特徴量統計（正規化前）:
                nqc       clarity           wig           smv    n_sigma_50
count  10036.000000  10036.000000  10036.000000  10036.000000  10036.000000
mean       0.021661      0.975597      2.263694      2.968611      0.551338
std        0.006785      0.077001      0.713127      1.980740      0.180152
min        0.007064      0.811213      0.797854      0.261301      0.158761
25%        0.016680      0.921450      1.751146      1.583925      0.418450
50%        0.020548      0.962997      2.144358      2.450369      0.525863
75%        0.025554      1.014740      2.637486      3.789471      0.656604
max        0.063175      1.642578      7.826504     22.990061      1.812262

テストデータの特徴量統計（正規化前）:
               nqc      clarity          wig          smv   n_sigma_50
count  2002.000000  2002.000000  2002.000000  2002.000000  2002.000000
mean      0.021334     1.227400     2.220286     2.870781     0.540869
std       0.006958     0.120185     0.714778     1.994135     0.184069
min       0.007258     0.848381     0.912869     0.349211     0.157935
25%       0.016190     1.148800     1.704377     1.504740     0.404773
50%       0.020325     1.225732     2.085503     2.319565     0.511659
75%       0.025292     1.298937     2.594617     3.686286     0.649870
max       0.054812     1.718179     5.845074    16.198214     1.422946

訓練データのラベル分布: {0: 5289, 1: 4747} (正例率: 0.4730)
テストデータのラベル分布: {1: 1070, 0: 932} (正例率: 0.5345)

3. [0,1]正規化（Min-Max）中...
  - 方法: 訓練データの統計量でテストデータも正規化（通常）
  - 正規化完了

【データ分布の確認（正規化後）】
訓練データの特徴量統計（正規化後）:
                nqc       clarity           wig           smv    n_sigma_50
count  10036.000000  10036.000000  10036.000000  10036.000000  10036.000000
mean       0.260146      0.197727      0.208552      0.119114      0.237421
std        0.120924      0.092620      0.101460      0.087147      0.108952
min        0.000000      0.000000      0.000000      0.000000      0.000000
25%        0.171368      0.132598      0.135629      0.058192      0.157054
50%        0.240311      0.182573      0.191574      0.096313      0.222015
75%        0.329530      0.244811      0.261733      0.155229      0.301084
max        1.000000      1.000000      1.000000      1.000000      1.000000

テストデータの特徴量統計（正規化後）:
               nqc      clarity          wig          smv   n_sigma_50
count  2002.000000  2002.000000  2002.000000  2002.000000  2002.000000
mean      0.254308     0.500607     0.202376     0.114810     0.231090
std       0.124012     0.144563     0.101695     0.087736     0.111321
min       0.003446     0.044707     0.016364     0.003868    -0.000500
25%       0.162633     0.406063     0.128975     0.054708     0.148782
50%       0.236335     0.498600     0.183200     0.090558     0.213425
75%       0.324848     0.586655     0.255634     0.150689     0.297011
max       0.850955     1.090935     0.718092     0.701178     0.764551

【分布の違いの分析（正規化前）】
nqc:
  平均の差: 訓練=0.0217, テスト=0.0213, 相対差=0.0151
  標準偏差の差: 訓練=0.0068, テスト=0.0070, 相対差=0.0255
clarity:
  平均の差: 訓練=0.9756, テスト=1.2274, 相対差=0.2581
  標準偏差の差: 訓練=0.0770, テスト=0.1202, 相対差=0.5608
wig:
  平均の差: 訓練=2.2637, テスト=2.2203, 相対差=0.0192
  標準偏差の差: 訓練=0.7131, テスト=0.7148, 相対差=0.0023
smv:
  平均の差: 訓練=2.9686, テスト=2.8708, 相対差=0.0330
  標準偏差の差: 訓練=1.9807, テスト=1.9941, 相対差=0.0068
n_sigma_50:
  平均の差: 訓練=0.5513, テスト=0.5409, 相対差=0.0190
  標準偏差の差: 訓練=0.1802, テスト=0.1841, 相対差=0.0217

【分布の違いの分析（正規化後）】
nqc:
  平均: 訓練=0.260146, テスト=0.254308, 差=0.005838
  標準偏差: 訓練=0.120924, テスト=0.124012, 差=0.003089
clarity:
  平均: 訓練=0.197727, テスト=0.500607, 差=0.302879
  標準偏差: 訓練=0.092620, テスト=0.144563, 差=0.051943
wig:
  平均: 訓練=0.208552, テスト=0.202376, 差=0.006176
  標準偏差: 訓練=0.101460, テスト=0.101695, 差=0.000235
smv:
  平均: 訓練=0.119114, テスト=0.114810, 差=0.004304
  標準偏差: 訓練=0.087147, テスト=0.087736, 差=0.000589
n_sigma_50:
  平均: 訓練=0.237421, テスト=0.231090, 差=0.006331
  標準偏差: 訓練=0.108952, テスト=0.111321, 差=0.002369

4. モデル学習中...
  - モデルタイプ: all
  - 学習完了

特徴量の係数:
   feature  coefficient
n_sigma_50     2.792365
   clarity     1.509301
       wig    -1.056210
       nqc    -0.913889
       smv    -0.563935
  - 係数をCSVファイルに保存しました: /home/daiki_shibata/pj/QPP4SIP/LogReg/LASSO/outputs/AmbigNQ/post/clarity_ns50_nqc_smv_wig/csv/coefficients.csv

5. 評価中...

5.6. 単体指標の最高ROCと回帰モデルのDeLong検定を実行中...
  単体指標の最高ROC: WIG (AUC = 0.5535)
  回帰モデルのROC: AUC = 0.5113

  DeLongの検定結果:
    モデルA (回帰): AUC = 0.5113
    モデルB (単体指標 WIG): AUC = 0.5535
    AUC差: -0.0422
    Z統計量: -2.6732
    p値: 0.0075
    有意差: あり (α=0.05)

  === 各指標とモデルの比較表 ===

Metric	AUC-ROC	AUC-PR	p-value
NQC	0.5348	0.5540	-
Clarity	0.5007	0.5332	-
WIG	0.5535	0.5766	-
SMV	0.5368	0.5570	-
n(σ%)	0.5454	0.5643	-
ALL Logistic Regression	0.5113	0.5381	0.0075

  - DeLongの検定結果を保存: /home/daiki_shibata/pj/QPP4SIP/LogReg/LASSO/outputs/AmbigNQ/post/clarity_ns50_nqc_smv_wig/delong/delong_test_single_metric.csv
  - 比較表を保存: /home/daiki_shibata/pj/QPP4SIP/LogReg/LASSO/outputs/AmbigNQ/post/clarity_ns50_nqc_smv_wig/delong/comparison_table.csv
  - 回帰モデル同士の比較用に予測結果を保存: /home/daiki_shibata/pj/QPP4SIP/LogReg/LASSO/outputs/AmbigNQ/post/clarity_ns50_nqc_smv_wig/csv/predictions_for_delong.csv

=== 訓練データの評価 ===
Accuracy: 0.5378
F1 Score: 0.5028
AUC-ROC: 0.5535
Average Precision: 0.5172

分類レポート:
                   precision    recall  f1-score   support

not_clarification       0.56      0.58      0.57      5289
    clarification       0.51      0.49      0.50      4747

         accuracy                           0.54     10036
        macro avg       0.54      0.54      0.54     10036
     weighted avg       0.54      0.54      0.54     10036


=== テストデータの評価 ===
Accuracy: 0.5445
F1 Score: 0.6976
AUC-ROC: 0.5113
Average Precision: 0.5381

分類レポート:
                   precision    recall  f1-score   support

not_clarification       0.68      0.04      0.08       932
    clarification       0.54      0.98      0.70      1070

         accuracy                           0.54      2002
        macro avg       0.61      0.51      0.39      2002
     weighted avg       0.60      0.54      0.41      2002


【訓練データとテストデータの評価指標の比較】
Accuracy差: +0.0067 (テスト 高)
F1 Score差: +0.1948 (テスト 高)
AUC-ROC差: -0.0423 (テスト 低)
Average Precision差: +0.0209 (テスト 高)

【注意】テストデータの評価指標が訓練データよりも高い場合、以下の可能性があります:
  1. 訓練データとテストデータの分布が異なる（データ分布のシフト）
  2. ラベル分布の違い（正例率の違い）
  3. モデルが単純で過学習が起きにくい（特徴量が少ない場合など）
  4. テストデータの方が「簡単」なケースが多い可能性

6. ROC曲線を描画中...
  - 保存先: /home/daiki_shibata/pj/QPP4SIP/LogReg/LASSO/outputs/AmbigNQ/post/clarity_ns50_nqc_smv_wig/graphs/roc_curves.png
  - ROC曲線を保存しました

7. Precision-Recall曲線を描画中...
  - 保存先: /home/daiki_shibata/pj/QPP4SIP/LogReg/LASSO/outputs/AmbigNQ/post/clarity_ns50_nqc_smv_wig/graphs/pr_curves.png
  - PR曲線を保存しました

8. 閾値とF1スコアの関係を描画中...
  - 保存先: /home/daiki_shibata/pj/QPP4SIP/LogReg/LASSO/outputs/AmbigNQ/post/clarity_ns50_nqc_smv_wig/graphs/threshold_f1_curves.png
  - 閾値とF1スコアの関係を保存しました

9. 特徴量のスコア分布を描画中...
  - 保存先: /home/daiki_shibata/pj/QPP4SIP/LogReg/LASSO/outputs/AmbigNQ/post/clarity_ns50_nqc_smv_wig/graphs/feature_distributions.png
  - 保存先: /home/daiki_shibata/pj/QPP4SIP/LogReg/LASSO/outputs/AmbigNQ/post/clarity_ns50_nqc_smv_wig/graphs/feature_distributions_by_label.png
  - 特徴量のスコア分布を保存しました

10. 相関係数ヒートマップを描画中...
testデータのみ使用: 2002サンプル
  - 相関係数ヒートマップを保存しました: /home/daiki_shibata/pj/QPP4SIP/LogReg/LASSO/outputs/AmbigNQ/post/clarity_ns50_nqc_smv_wig/graphs/correlation_heatmaps.png

=== 相関係数の統計情報 ===
全体のデータ数: 2002

全体の相関係数（ピアソン）:
                 nqc   clarity       wig       smv  n_sigma_50
nqc         1.000000  0.114392  0.911729  0.968543    0.967884
clarity     0.114392  1.000000  0.120913  0.101700    0.130942
wig         0.911729  0.120913  1.000000  0.924293    0.914520
smv         0.968543  0.101700  0.924293  1.000000    0.955560
n_sigma_50  0.967884  0.130942  0.914520  0.955560    1.000000

全体の相関係数（スピアマン）:
                 nqc   clarity       wig       smv  n_sigma_50
nqc         1.000000  0.121698  0.915649  0.989711    0.965284
clarity     0.121698  1.000000  0.134034  0.133967    0.144417
wig         0.915649  0.134034  1.000000  0.943242    0.913476
smv         0.989711  0.133967  0.943242  1.000000    0.972827
n_sigma_50  0.965284  0.144417  0.913476  0.972827    1.000000

Negativeラベルの相関係数（ピアソン） (データ数: 932):
                 nqc   clarity       wig       smv  n_sigma_50
nqc         1.000000  0.164770  0.908725  0.971091    0.966460
clarity     0.164770  1.000000  0.169264  0.158593    0.184278
wig         0.908725  0.169264  1.000000  0.917286    0.908791
smv         0.971091  0.158593  0.917286  1.000000    0.952022
n_sigma_50  0.966460  0.184278  0.908791  0.952022    1.000000

Negativeラベルの相関係数（スピアマン） (データ数: 932):
                 nqc   clarity       wig       smv  n_sigma_50
nqc         1.000000  0.150495  0.912481  0.990556    0.963925
clarity     0.150495  1.000000  0.171213  0.169363    0.181524
wig         0.912481  0.171213  1.000000  0.938899    0.904949
smv         0.990556  0.169363  0.938899  1.000000    0.968918
n_sigma_50  0.963925  0.181524  0.904949  0.968918    1.000000

Positiveラベルの相関係数（ピアソン） (データ数: 1070):
                 nqc   clarity       wig       smv  n_sigma_50
nqc         1.000000  0.067607  0.915840  0.966357    0.969486
clarity     0.067607  1.000000  0.079536  0.050370    0.082550
wig         0.915840  0.079536  1.000000  0.931394    0.919138
smv         0.966357  0.050370  0.931394  1.000000    0.959013
n_sigma_50  0.969486  0.082550  0.919138  0.959013    1.000000

Positiveラベルの相関係数（スピアマン） (データ数: 1070):
                 nqc   clarity       wig       smv  n_sigma_50
nqc         1.000000  0.095008  0.917444  0.988622    0.965095
clarity     0.095008  1.000000  0.102871  0.099655    0.110252
wig         0.917444  0.102871  1.000000  0.946239    0.918533
smv         0.988622  0.099655  0.946239  1.000000    0.975405
n_sigma_50  0.965095  0.110252  0.918533  0.975405    1.000000
  - 相関係数ヒートマップを保存しました

11. Confidence Analysis（確信度分析）を実行中...
  ⚠️  警告: BERTの予測確率を読み込めませんでした（BASE_EXPERIMENT_NAMESが設定されていない可能性があります）

結果をファイルに保存しました: /home/daiki_shibata/pj/QPP4SIP/LogReg/LASSO/outputs/AmbigNQ/post/clarity_ns50_nqc_smv_wig/results.txt

================================================================================
全てのモデルタイプを実行して比較します
================================================================================

--- l1 モデルを実行中 ---
  Accuracy: 0.5445
  F1 Score: 0.6976
  AUC-ROC: 0.5113
  Average Precision: 0.5381

  --- L1 モデルのDeLong検定を実行中 ---
  単体指標の最高ROC: wig (AUC = 0.5535)
  回帰モデルのROC: AUC = 0.5113

  DeLongの検定結果:
    モデルA (L1): AUC = 0.5113
    モデルB (単体指標 wig): AUC = 0.5535
    AUC差: -0.0422
    Z統計量: -2.6732
    p値: 0.0075
    有意差: あり (α=0.05)

  === 各指標とモデルの比較表 ===

Metric	AUC-ROC	AUC-PR	p-value
NQC	0.5348	0.5540	-
Clarity	0.5007	0.5332	-
WIG	0.5535	0.5766	-
SMV	0.5368	0.5570	-
n(σ%)	0.5454	0.5643	-
L1	0.5113	0.5381	0.0075

  - DeLongの検定結果を保存: /home/daiki_shibata/pj/QPP4SIP/LogReg/LASSO/outputs/AmbigNQ/post/clarity_ns50_nqc_smv_wig/delong/delong_test_l1.csv
  - 比較表を保存: /home/daiki_shibata/pj/QPP4SIP/LogReg/LASSO/outputs/AmbigNQ/post/clarity_ns50_nqc_smv_wig/delong/comparison_table_l1.csv

--- l2 モデルを実行中 ---
  Accuracy: 0.5425
  F1 Score: 0.6969
  AUC-ROC: 0.5102
  Average Precision: 0.5378

  --- L2 モデルのDeLong検定を実行中 ---
  単体指標の最高ROC: wig (AUC = 0.5535)
  回帰モデルのROC: AUC = 0.5102

  DeLongの検定結果:
    モデルA (L2): AUC = 0.5102
    モデルB (単体指標 wig): AUC = 0.5535
    AUC差: -0.0433
    Z統計量: -2.7558
    p値: 0.0059
    有意差: あり (α=0.05)

  === 各指標とモデルの比較表 ===

Metric	AUC-ROC	AUC-PR	p-value
NQC	0.5348	0.5540	-
Clarity	0.5007	0.5332	-
WIG	0.5535	0.5766	-
SMV	0.5368	0.5570	-
n(σ%)	0.5454	0.5643	-
L2	0.5102	0.5378	0.0059

  - DeLongの検定結果を保存: /home/daiki_shibata/pj/QPP4SIP/LogReg/LASSO/outputs/AmbigNQ/post/clarity_ns50_nqc_smv_wig/delong/delong_test_l2.csv
  - 比較表を保存: /home/daiki_shibata/pj/QPP4SIP/LogReg/LASSO/outputs/AmbigNQ/post/clarity_ns50_nqc_smv_wig/delong/comparison_table_l2.csv

--- elasticnet モデルを実行中 ---
  Accuracy: 0.5430
  F1 Score: 0.6969
  AUC-ROC: 0.5107
  Average Precision: 0.5380

  --- ElasticNet モデルのDeLong検定を実行中 ---
  単体指標の最高ROC: wig (AUC = 0.5535)
  回帰モデルのROC: AUC = 0.5107

  DeLongの検定結果:
    モデルA (ElasticNet): AUC = 0.5107
    モデルB (単体指標 wig): AUC = 0.5535
    AUC差: -0.0428
    Z統計量: -2.7244
    p値: 0.0064
    有意差: あり (α=0.05)

  === 各指標とモデルの比較表 ===

Metric	AUC-ROC	AUC-PR	p-value
NQC	0.5348	0.5540	-
Clarity	0.5007	0.5332	-
WIG	0.5535	0.5766	-
SMV	0.5368	0.5570	-
n(σ%)	0.5454	0.5643	-
ElasticNet	0.5107	0.5380	0.0064

  - DeLongの検定結果を保存: /home/daiki_shibata/pj/QPP4SIP/LogReg/LASSO/outputs/AmbigNQ/post/clarity_ns50_nqc_smv_wig/delong/delong_test_elasticnet.csv
  - 比較表を保存: /home/daiki_shibata/pj/QPP4SIP/LogReg/LASSO/outputs/AmbigNQ/post/clarity_ns50_nqc_smv_wig/delong/comparison_table_elasticnet.csv

--- none モデルを実行中 ---
  Accuracy: 0.5480
  F1 Score: 0.6984
  AUC-ROC: 0.5150
  Average Precision: 0.5404

  --- No Penalty モデルのDeLong検定を実行中 ---
  単体指標の最高ROC: wig (AUC = 0.5535)
  回帰モデルのROC: AUC = 0.5150

  DeLongの検定結果:
    モデルA (No Penalty): AUC = 0.5150
    モデルB (単体指標 wig): AUC = 0.5535
    AUC差: -0.0385
    Z統計量: -2.4290
    p値: 0.0151
    有意差: あり (α=0.05)

  === 各指標とモデルの比較表 ===

Metric	AUC-ROC	AUC-PR	p-value
NQC	0.5348	0.5540	-
Clarity	0.5007	0.5332	-
WIG	0.5535	0.5766	-
SMV	0.5368	0.5570	-
n(σ%)	0.5454	0.5643	-
No Penalty	0.5150	0.5404	0.0151

  - DeLongの検定結果を保存: /home/daiki_shibata/pj/QPP4SIP/LogReg/LASSO/outputs/AmbigNQ/post/clarity_ns50_nqc_smv_wig/delong/delong_test_none.csv
  - 比較表を保存: /home/daiki_shibata/pj/QPP4SIP/LogReg/LASSO/outputs/AmbigNQ/post/clarity_ns50_nqc_smv_wig/delong/comparison_table_none.csv

--- bolasso モデルを実行中 ---

  - ブートストラップサンプル数: 100
  - 特徴量選択閾値: 0.50 (50%以上のモデルで選択)
    - 10/100 サンプル完了
    - 20/100 サンプル完了
    - 30/100 サンプル完了
    - 40/100 サンプル完了
    - 50/100 サンプル完了
    - 60/100 サンプル完了
    - 70/100 サンプル完了
    - 80/100 サンプル完了
    - 90/100 サンプル完了
    - 100/100 サンプル完了

  特徴量選択結果:
    - 選択された特徴量: 5/5
    - 選択頻度:
      ✓ clarity: 100.00% (100/100)
      ✓ n_sigma_50: 100.00% (100/100)
      ✓ wig: 96.00% (96/100)
      ✓ nqc: 83.00% (83/100)
      ✓ smv: 78.00% (78/100)
  Accuracy: 0.5445
  F1 Score: 0.6976
  AUC-ROC: 0.5113
  Average Precision: 0.5381

  --- BOLASSO モデルのDeLong検定を実行中 ---
  単体指標の最高ROC: wig (AUC = 0.5535)
  回帰モデルのROC: AUC = 0.5113

  DeLongの検定結果:
    モデルA (BOLASSO): AUC = 0.5113
    モデルB (単体指標 wig): AUC = 0.5535
    AUC差: -0.0422
    Z統計量: -2.6732
    p値: 0.0075
    有意差: あり (α=0.05)

  === 各指標とモデルの比較表 ===

Metric	AUC-ROC	AUC-PR	p-value
NQC	0.5348	0.5540	-
Clarity	0.5007	0.5332	-
WIG	0.5535	0.5766	-
SMV	0.5368	0.5570	-
n(σ%)	0.5454	0.5643	-
BOLASSO	0.5113	0.5381	0.0075

  - DeLongの検定結果を保存: /home/daiki_shibata/pj/QPP4SIP/LogReg/LASSO/outputs/AmbigNQ/post/clarity_ns50_nqc_smv_wig/delong/delong_test_bolasso.csv
  - 比較表を保存: /home/daiki_shibata/pj/QPP4SIP/LogReg/LASSO/outputs/AmbigNQ/post/clarity_ns50_nqc_smv_wig/delong/comparison_table_bolasso.csv

--- lars_traps モデルを実行中 ---

  - ランダムトラップ数: 10
    - 5/10 トラップ完了
    - 10/10 トラップ完了

  特徴量選択結果:
    - 選択された特徴量: 0/5
    - 選択頻度:
  Accuracy: 0.5425
  F1 Score: 0.6969
  AUC-ROC: 0.5102
  Average Precision: 0.5378

  --- LARS-Traps モデルのDeLong検定を実行中 ---
  単体指標の最高ROC: wig (AUC = 0.5535)
  回帰モデルのROC: AUC = 0.5102

  DeLongの検定結果:
    モデルA (LARS-Traps): AUC = 0.5102
    モデルB (単体指標 wig): AUC = 0.5535
    AUC差: -0.0433
    Z統計量: -2.7558
    p値: 0.0059
    有意差: あり (α=0.05)

  === 各指標とモデルの比較表 ===

Metric	AUC-ROC	AUC-PR	p-value
NQC	0.5348	0.5540	-
Clarity	0.5007	0.5332	-
WIG	0.5535	0.5766	-
SMV	0.5368	0.5570	-
n(σ%)	0.5454	0.5643	-
LARS-Traps	0.5102	0.5378	0.0059

  - DeLongの検定結果を保存: /home/daiki_shibata/pj/QPP4SIP/LogReg/LASSO/outputs/AmbigNQ/post/clarity_ns50_nqc_smv_wig/delong/delong_test_lars_traps.csv
  - 比較表を保存: /home/daiki_shibata/pj/QPP4SIP/LogReg/LASSO/outputs/AmbigNQ/post/clarity_ns50_nqc_smv_wig/delong/comparison_table_lars_traps.csv

--- lars_cv モデルを実行中 ---

  - LARS-CVで選択された特徴量: 5/5
  - 選択された特徴量: ['nqc', 'clarity', 'wig', 'smv', 'n_sigma_50']
  Accuracy: 0.5425
  F1 Score: 0.6969
  AUC-ROC: 0.5102
  Average Precision: 0.5378

  --- LARS-CV モデルのDeLong検定を実行中 ---
  単体指標の最高ROC: wig (AUC = 0.5535)
  回帰モデルのROC: AUC = 0.5102

  DeLongの検定結果:
    モデルA (LARS-CV): AUC = 0.5102
    モデルB (単体指標 wig): AUC = 0.5535
    AUC差: -0.0433
    Z統計量: -2.7558
    p値: 0.0059
    有意差: あり (α=0.05)

  === 各指標とモデルの比較表 ===

Metric	AUC-ROC	AUC-PR	p-value
NQC	0.5348	0.5540	-
Clarity	0.5007	0.5332	-
WIG	0.5535	0.5766	-
SMV	0.5368	0.5570	-
n(σ%)	0.5454	0.5643	-
LARS-CV	0.5102	0.5378	0.0059

  - DeLongの検定結果を保存: /home/daiki_shibata/pj/QPP4SIP/LogReg/LASSO/outputs/AmbigNQ/post/clarity_ns50_nqc_smv_wig/delong/delong_test_lars_cv.csv
  - 比較表を保存: /home/daiki_shibata/pj/QPP4SIP/LogReg/LASSO/outputs/AmbigNQ/post/clarity_ns50_nqc_smv_wig/delong/comparison_table_lars_cv.csv

--- randomforest モデルを実行中 ---
  Accuracy: 0.5165
  F1 Score: 0.5663
  AUC-ROC: 0.5044
  Average Precision: 0.5414

  --- RandomForest モデルのDeLong検定を実行中 ---
  単体指標の最高ROC: wig (AUC = 0.5535)
  回帰モデルのROC: AUC = 0.5044

  DeLongの検定結果:
    モデルA (RandomForest): AUC = 0.5044
    モデルB (単体指標 wig): AUC = 0.5535
    AUC差: -0.0490
    Z統計量: -2.9446
    p値: 0.0032
    有意差: あり (α=0.05)

  === 各指標とモデルの比較表 ===

Metric	AUC-ROC	AUC-PR	p-value
NQC	0.5348	0.5540	-
Clarity	0.5007	0.5332	-
WIG	0.5535	0.5766	-
SMV	0.5368	0.5570	-
n(σ%)	0.5454	0.5643	-
RandomForest	0.5044	0.5414	0.0032

  - DeLongの検定結果を保存: /home/daiki_shibata/pj/QPP4SIP/LogReg/LASSO/outputs/AmbigNQ/post/clarity_ns50_nqc_smv_wig/delong/delong_test_randomforest.csv
  - 比較表を保存: /home/daiki_shibata/pj/QPP4SIP/LogReg/LASSO/outputs/AmbigNQ/post/clarity_ns50_nqc_smv_wig/delong/comparison_table_randomforest.csv

================================================================================
全モデル統合比較表を作成中...
================================================================================

=== 全モデル統合比較表 ===
Metric	AUC-ROC	AUC-PR	p-value
Clarity	0.5007	0.5332	-
n(σ%)	0.5454	0.5643	-
NQC	0.5348	0.5540	-
SMV	0.5368	0.5570	-
WIG	0.5535	0.5766	-
L1 Logistic Regression	0.5113	0.5381	0.0075
L2 Logistic Regression	0.5102	0.5378	0.0059
E-Net	0.5107	0.5380	0.0064
No Penalty Logistic Regression	0.5150	0.5404	0.0151
BOLASSO	0.5113	0.5381	0.0075
LARS-Traps	0.5102	0.5378	0.0059
LARS-CV	0.5102	0.5378	0.0059
Random Forest	0.5044	0.5414	0.0032

  - 統合比較表（DeLong検定）を保存: /home/daiki_shibata/pj/QPP4SIP/LogReg/LASSO/outputs/AmbigNQ/post/clarity_ns50_nqc_smv_wig/delong/comprehensive_comparison_table.csv

================================================================================
モデル比較グラフを描画中...
================================================================================
  - 保存先: /home/daiki_shibata/pj/QPP4SIP/LogReg/LASSO/outputs/AmbigNQ/post/clarity_ns50_nqc_smv_wig/graphs/roc_curves_comparison.png
  - 保存先: /home/daiki_shibata/pj/QPP4SIP/LogReg/LASSO/outputs/AmbigNQ/post/clarity_ns50_nqc_smv_wig/graphs/pr_curves_comparison.png
  - 比較表を保存: /home/daiki_shibata/pj/QPP4SIP/LogReg/LASSO/outputs/AmbigNQ/post/clarity_ns50_nqc_smv_wig/graphs/models_comparison.csv
  - モデル比較グラフを保存しました

結果をファイルに保存しました（全モデル実行結果を含む）: /home/daiki_shibata/pj/QPP4SIP/LogReg/LASSO/outputs/AmbigNQ/post/clarity_ns50_nqc_smv_wig/results.txt

=== 完了 ===
