NSP top_k値: 50 (trainとdevで共通)
使用する特徴量タイプ: pre, post
=== allによるclarification分類 ===

データセット: AmbigNQ
検索手法: dpr
使用する特徴量: QPPスコア（post + pre）
  設定: --feature-typesで指定
モデルタイプ: all
ラベル分布の調整: 無効
非負制約: 無効
クロスバリデーション: 無効
正規化方法: 訓練データの統計量で[0,1]正規化（Min-Max）（通常）

1. データ読み込み中...

【ラベル抽出のデバッグ情報】
response_type別の分布:
  clarification: 総数=4747, ラベル0=0, ラベル1=4747
  directAnswer: 総数=5289, ラベル0=5289, ラベル1=0
総ラベル分布: 0=5289, 1=4747

  - 訓練データ: 10036 サンプル
Loaded 10036 nqc scores for train
Loaded 10036 clarity scores for train
Loaded 10036 wig scores for train
Loaded 10036 smv scores for train
Loaded 10036 n_sigma_50 scores for train
Loaded 10036 pre_avgidf scores for train
Loaded 10036 pre_avgictf scores for train
Loaded 10036 pre_maxidf scores for train
Loaded 10036 pre_maxscq scores for train
Loaded 10036 pre_simplified_clarity scores for train
  - nqc: 10036 サンプル
  - clarity: 10036 サンプル
  - wig: 10036 サンプル
  - smv: 10036 サンプル
  - n_sigma_50: 10036 サンプル
  - pre_avgidf: 10036 サンプル
  - pre_avgictf: 10036 サンプル
  - pre_maxidf: 10036 サンプル
  - pre_maxscq: 10036 サンプル
  - pre_simplified_clarity: 10036 サンプル

【ラベル抽出のデバッグ情報】
response_type別の分布:
  clarification: 総数=1070, ラベル0=0, ラベル1=1070
  directAnswer: 総数=932, ラベル0=932, ラベル1=0
総ラベル分布: 0=932, 1=1070

  - テストデータ: 2002 サンプル
Loaded 2002 nqc scores for dev
Loaded 2002 clarity scores for dev
Loaded 2002 wig scores for dev
Loaded 2002 smv scores for dev
Loaded 2002 n_sigma_50 scores for dev
Loaded 2002 pre_avgidf scores for dev
Loaded 2002 pre_avgictf scores for dev
Loaded 2002 pre_maxidf scores for dev
Loaded 2002 pre_maxscq scores for dev
Loaded 2002 pre_simplified_clarity scores for dev
  - nqc: 2002 サンプル
  - clarity: 2002 サンプル
  - wig: 2002 サンプル
  - smv: 2002 サンプル
  - n_sigma_50: 2002 サンプル
  - pre_avgidf: 2002 サンプル
  - pre_avgictf: 2002 サンプル
  - pre_maxidf: 2002 サンプル
  - pre_maxscq: 2002 サンプル
  - pre_simplified_clarity: 2002 サンプル

2. 特徴量マージ中...
  - 訓練データ: 10036 サンプル, 10 特徴量
  - テストデータ: 2002 サンプル, 10 特徴量
  - 特徴量: ['nqc', 'clarity', 'wig', 'smv', 'n_sigma_50', 'pre_avgidf', 'pre_avgictf', 'pre_maxidf', 'pre_maxscq', 'pre_simplified_clarity']
  - 訓練データのラベル分布: {0: 5289, 1: 4747}
  - テストデータのラベル分布: {1: 1070, 0: 932}

2.5. ラベル分布の調整: スキップ（--balance-label-distribution が指定されていません）

【データ分布の確認（正規化前）】
訓練データの特徴量統計（正規化前）:
                nqc       clarity           wig           smv    n_sigma_50    pre_avgidf   pre_avgictf    pre_maxidf    pre_maxscq  pre_simplified_clarity
count  10036.000000  10036.000000  10036.000000  10036.000000  10036.000000  10036.000000  10036.000000  10036.000000  10036.000000            10036.000000
mean       0.021661      0.975597      2.263694      2.968611      0.551338      5.804579     10.086678     11.806707     76.762377                8.303713
std        0.006785      0.077001      0.713127      1.980740      0.180152      1.640491      1.737935      3.712931      6.537740                1.723527
min        0.007064      0.811213      0.797854      0.261301      0.158761      1.068034      2.864502      3.208572     38.289981                2.220727
25%        0.016680      0.921450      1.751146      1.583925      0.418450      4.566787      8.831352      8.277877     73.025273                7.005525
50%        0.020548      0.962997      2.144358      2.450369      0.525863      5.656384      9.983825     12.612267     79.182303                8.165972
75%        0.025554      1.014740      2.637486      3.789471      0.656604      6.845322     11.186647     14.914852     81.805640                9.384104
max        0.063175      1.642578      7.826504     22.990061      1.812262     12.607819     17.074846     16.860762     89.532771               15.465408

テストデータの特徴量統計（正規化前）:
               nqc      clarity          wig          smv   n_sigma_50   pre_avgidf  pre_avgictf   pre_maxidf   pre_maxscq  pre_simplified_clarity
count  2002.000000  2002.000000  2002.000000  2002.000000  2002.000000  2002.000000  2002.000000  2002.000000  2002.000000             2002.000000
mean      0.021334     1.227400     2.220286     2.870781     0.540869     5.776774    10.060531    11.789795    76.865987                8.273828
std       0.006958     0.120185     0.714778     1.994135     0.184069     1.647052     1.741610     3.705140     6.474378                1.731535
min       0.007258     0.848381     0.912869     0.349211     0.157935     1.251523     3.931608     2.519300    38.921762                2.965945
25%       0.016190     1.148800     1.704377     1.504740     0.404773     4.516995     8.826209     8.370940    73.537322                7.015358
50%       0.020325     1.225732     2.085503     2.319565     0.511659     5.631464     9.954328    12.612267    79.287646                8.119571
75%       0.025292     1.298937     2.594617     3.686286     0.649870     6.797393    11.156524    15.069003    81.805640                9.338993
max       0.054812     1.718179     5.845074    16.198214     1.422946    12.102774    16.448441    16.860762    86.154708               15.062146

訓練データのラベル分布: {0: 5289, 1: 4747} (正例率: 0.4730)
テストデータのラベル分布: {1: 1070, 0: 932} (正例率: 0.5345)

3. [0,1]正規化（Min-Max）中...
  - 方法: 訓練データの統計量でテストデータも正規化（通常）
  - 正規化完了

【データ分布の確認（正規化後）】
訓練データの特徴量統計（正規化後）:
                nqc       clarity           wig           smv    n_sigma_50    pre_avgidf   pre_avgictf    pre_maxidf    pre_maxscq  pre_simplified_clarity
count  10036.000000  10036.000000  10036.000000  10036.000000  10036.000000  10036.000000  10036.000000  10036.000000  10036.000000            10036.000000
mean       0.260146      0.197727      0.208552      0.119114      0.237421      0.410453      0.508234      0.629799      0.750787                0.459278
std        0.120924      0.092620      0.101460      0.087147      0.108952      0.142160      0.122301      0.271966      0.127584                0.130130
min        0.000000      0.000000      0.000000      0.000000      0.000000      0.000000      0.000000      0.000000      0.000000                0.000000
25%        0.171368      0.132598      0.135629      0.058192      0.157054      0.303190      0.419895      0.371318      0.677857                0.361262
50%        0.240311      0.182573      0.191574      0.096313      0.222015      0.397611      0.500996      0.688805      0.798011                0.448878
75%        0.329530      0.244811      0.261733      0.155229      0.301084      0.500641      0.585640      0.857465      0.849205                0.540849
max        1.000000      1.000000      1.000000      1.000000      1.000000      1.000000      1.000000      1.000000      1.000000                1.000000

テストデータの特徴量統計（正規化後）:
               nqc      clarity          wig          smv   n_sigma_50   pre_avgidf  pre_avgictf   pre_maxidf   pre_maxscq  pre_simplified_clarity
count  2002.000000  2002.000000  2002.000000  2002.000000  2002.000000  2002.000000  2002.000000  2002.000000  2002.000000             2002.000000
mean      0.254308     0.500607     0.202376     0.114810     0.231090     0.408044     0.506394     0.628560     0.752808                0.457021
std       0.124012     0.144563     0.101695     0.087736     0.111321     0.142728     0.122559     0.271395     0.126347                0.130734
min       0.003446     0.044707     0.016364     0.003868    -0.000500     0.015901     0.075094    -0.050488     0.012329                0.056265
25%       0.162633     0.406063     0.128975     0.054708     0.148782     0.298876     0.419533     0.378135     0.687850                0.362004
50%       0.236335     0.498600     0.183200     0.090558     0.213425     0.395452     0.498920     0.688805     0.800067                0.445375
75%       0.324848     0.586655     0.255634     0.150689     0.297011     0.496487     0.583520     0.868757     0.849205                0.537443
max       0.850955     1.090935     0.718092     0.701178     0.764551     0.956234     0.955919     1.000000     0.934077                0.969553

【分布の違いの分析（正規化前）】
nqc:
  平均の差: 訓練=0.0217, テスト=0.0213, 相対差=0.0151
  標準偏差の差: 訓練=0.0068, テスト=0.0070, 相対差=0.0255
clarity:
  平均の差: 訓練=0.9756, テスト=1.2274, 相対差=0.2581
  標準偏差の差: 訓練=0.0770, テスト=0.1202, 相対差=0.5608
wig:
  平均の差: 訓練=2.2637, テスト=2.2203, 相対差=0.0192
  標準偏差の差: 訓練=0.7131, テスト=0.7148, 相対差=0.0023
smv:
  平均の差: 訓練=2.9686, テスト=2.8708, 相対差=0.0330
  標準偏差の差: 訓練=1.9807, テスト=1.9941, 相対差=0.0068
n_sigma_50:
  平均の差: 訓練=0.5513, テスト=0.5409, 相対差=0.0190
  標準偏差の差: 訓練=0.1802, テスト=0.1841, 相対差=0.0217
pre_avgidf:
  平均の差: 訓練=5.8046, テスト=5.7768, 相対差=0.0048
  標準偏差の差: 訓練=1.6405, テスト=1.6471, 相対差=0.0040
pre_avgictf:
  平均の差: 訓練=10.0867, テスト=10.0605, 相対差=0.0026
  標準偏差の差: 訓練=1.7379, テスト=1.7416, 相対差=0.0021
pre_maxidf:
  平均の差: 訓練=11.8067, テスト=11.7898, 相対差=0.0014
  標準偏差の差: 訓練=3.7129, テスト=3.7051, 相対差=0.0021
pre_maxscq:
  平均の差: 訓練=76.7624, テスト=76.8660, 相対差=0.0013
  標準偏差の差: 訓練=6.5377, テスト=6.4744, 相対差=0.0097
pre_simplified_clarity:
  平均の差: 訓練=8.3037, テスト=8.2738, 相対差=0.0036
  標準偏差の差: 訓練=1.7235, テスト=1.7315, 相対差=0.0046

【分布の違いの分析（正規化後）】
nqc:
  平均: 訓練=0.260146, テスト=0.254308, 差=0.005838
  標準偏差: 訓練=0.120924, テスト=0.124012, 差=0.003089
clarity:
  平均: 訓練=0.197727, テスト=0.500607, 差=0.302879
  標準偏差: 訓練=0.092620, テスト=0.144563, 差=0.051943
wig:
  平均: 訓練=0.208552, テスト=0.202376, 差=0.006176
  標準偏差: 訓練=0.101460, テスト=0.101695, 差=0.000235
smv:
  平均: 訓練=0.119114, テスト=0.114810, 差=0.004304
  標準偏差: 訓練=0.087147, テスト=0.087736, 差=0.000589
n_sigma_50:
  平均: 訓練=0.237421, テスト=0.231090, 差=0.006331
  標準偏差: 訓練=0.108952, テスト=0.111321, 差=0.002369
pre_avgidf:
  平均: 訓練=0.410453, テスト=0.408044, 差=0.002409
  標準偏差: 訓練=0.142160, テスト=0.142728, 差=0.000569
pre_avgictf:
  平均: 訓練=0.508234, テスト=0.506394, 差=0.001840
  標準偏差: 訓練=0.122301, テスト=0.122559, 差=0.000259
pre_maxidf:
  平均: 訓練=0.629799, テスト=0.628560, 差=0.001239
  標準偏差: 訓練=0.271966, テスト=0.271395, 差=0.000571
pre_maxscq:
  平均: 訓練=0.750787, テスト=0.752808, 差=0.002022
  標準偏差: 訓練=0.127584, テスト=0.126347, 差=0.001237
pre_simplified_clarity:
  平均: 訓練=0.459278, テスト=0.457021, 差=0.002256
  標準偏差: 訓練=0.130130, テスト=0.130734, 差=0.000605

4. モデル学習中...
  - モデルタイプ: all
  - 学習完了

特徴量の係数:
               feature  coefficient
            pre_avgidf    -8.908961
pre_simplified_clarity     8.182183
            n_sigma_50     1.118543
                   wig    -0.784941
               clarity     0.735736
            pre_maxscq    -0.353051
            pre_maxidf     0.197245
                   nqc    -0.074379
                   smv    -0.013561
           pre_avgictf     0.000000
  - 係数をCSVファイルに保存しました: /home/daiki_shibata/pj/QPP4SIP/LogReg/LASSO/outputs/AmbigNQ/pre_post/ictf_idf_maxidf_scq_scs_clarity_ns50_nqc_smv_wig/csv/coefficients.csv

5. 評価中...

5.6. 単体指標の最高ROCと回帰モデルのDeLong検定を実行中...
  単体指標の最高ROC: WIG (AUC = 0.5535)
  回帰モデルのROC: AUC = 0.5827

  DeLongの検定結果:
    モデルA (回帰): AUC = 0.5827
    モデルB (単体指標 WIG): AUC = 0.5535
    AUC差: 0.0293
    Z統計量: 1.7638
    p値: 0.0778
    有意差: なし (α=0.05)

  === 各指標とモデルの比較表 ===

Metric	AUC-ROC	AUC-PR	p-value
NQC	0.5348	0.5540	-
Clarity	0.5007	0.5332	-
WIG	0.5535	0.5766	-
SMV	0.5368	0.5570	-
n(σ%)	0.5454	0.5643	-
AvgIDF	0.5505	0.5815	-
AvgICTF	0.5433	0.5742	-
MaxIDF	0.5374	0.5745	-
MaxSCQ	0.5409	0.5737	-
Simplified Clarity	0.5374	0.5703	-
ALL Logistic Regression	0.5827	0.5982	0.0778

  - DeLongの検定結果を保存: /home/daiki_shibata/pj/QPP4SIP/LogReg/LASSO/outputs/AmbigNQ/pre_post/ictf_idf_maxidf_scq_scs_clarity_ns50_nqc_smv_wig/delong/delong_test_single_metric.csv
  - 比較表を保存: /home/daiki_shibata/pj/QPP4SIP/LogReg/LASSO/outputs/AmbigNQ/pre_post/ictf_idf_maxidf_scq_scs_clarity_ns50_nqc_smv_wig/delong/comparison_table.csv
  - 回帰モデル同士の比較用に予測結果を保存: /home/daiki_shibata/pj/QPP4SIP/LogReg/LASSO/outputs/AmbigNQ/pre_post/ictf_idf_maxidf_scq_scs_clarity_ns50_nqc_smv_wig/csv/predictions_for_delong.csv

=== 訓練データの評価 ===
Accuracy: 0.5685
F1 Score: 0.5614
AUC-ROC: 0.5907
Average Precision: 0.5456

分類レポート:
                   precision    recall  f1-score   support

not_clarification       0.60      0.55      0.58      5289
    clarification       0.54      0.58      0.56      4747

         accuracy                           0.57     10036
        macro avg       0.57      0.57      0.57     10036
     weighted avg       0.57      0.57      0.57     10036


=== テストデータの評価 ===
Accuracy: 0.5634
F1 Score: 0.6674
AUC-ROC: 0.5827
Average Precision: 0.5982

分類レポート:
                   precision    recall  f1-score   support

not_clarification       0.57      0.27      0.36       932
    clarification       0.56      0.82      0.67      1070

         accuracy                           0.56      2002
        macro avg       0.56      0.54      0.52      2002
     weighted avg       0.56      0.56      0.53      2002


【訓練データとテストデータの評価指標の比較】
Accuracy差: -0.0050 (テスト 低)
F1 Score差: +0.1060 (テスト 高)
AUC-ROC差: -0.0079 (テスト 低)
Average Precision差: +0.0526 (テスト 高)

【注意】テストデータの評価指標が訓練データよりも高い場合、以下の可能性があります:
  1. 訓練データとテストデータの分布が異なる（データ分布のシフト）
  2. ラベル分布の違い（正例率の違い）
  3. モデルが単純で過学習が起きにくい（特徴量が少ない場合など）
  4. テストデータの方が「簡単」なケースが多い可能性

6. ROC曲線を描画中...
  - 保存先: /home/daiki_shibata/pj/QPP4SIP/LogReg/LASSO/outputs/AmbigNQ/pre_post/ictf_idf_maxidf_scq_scs_clarity_ns50_nqc_smv_wig/graphs/roc_curves.png
  - ROC曲線を保存しました

7. Precision-Recall曲線を描画中...
  - 保存先: /home/daiki_shibata/pj/QPP4SIP/LogReg/LASSO/outputs/AmbigNQ/pre_post/ictf_idf_maxidf_scq_scs_clarity_ns50_nqc_smv_wig/graphs/pr_curves.png
  - PR曲線を保存しました

8. 閾値とF1スコアの関係を描画中...
  - 保存先: /home/daiki_shibata/pj/QPP4SIP/LogReg/LASSO/outputs/AmbigNQ/pre_post/ictf_idf_maxidf_scq_scs_clarity_ns50_nqc_smv_wig/graphs/threshold_f1_curves.png
  - 閾値とF1スコアの関係を保存しました

9. 特徴量のスコア分布を描画中...
  - 保存先: /home/daiki_shibata/pj/QPP4SIP/LogReg/LASSO/outputs/AmbigNQ/pre_post/ictf_idf_maxidf_scq_scs_clarity_ns50_nqc_smv_wig/graphs/feature_distributions.png
  - 保存先: /home/daiki_shibata/pj/QPP4SIP/LogReg/LASSO/outputs/AmbigNQ/pre_post/ictf_idf_maxidf_scq_scs_clarity_ns50_nqc_smv_wig/graphs/feature_distributions_by_label.png
  - 特徴量のスコア分布を保存しました

10. 相関係数ヒートマップを描画中...
testデータのみ使用: 2002サンプル
  - 相関係数ヒートマップを保存しました: /home/daiki_shibata/pj/QPP4SIP/LogReg/LASSO/outputs/AmbigNQ/pre_post/ictf_idf_maxidf_scq_scs_clarity_ns50_nqc_smv_wig/graphs/correlation_heatmaps.png

=== 相関係数の統計情報 ===
全体のデータ数: 2002

全体の相関係数（ピアソン）:
                             nqc   clarity  ...  pre_maxscq  pre_simplified_clarity
nqc                     1.000000  0.114392  ...   -0.001910               -0.026778
clarity                 0.114392  1.000000  ...   -0.028347                0.054925
wig                     0.911729  0.120913  ...   -0.021763               -0.024646
smv                     0.968543  0.101700  ...    0.008695               -0.014647
n_sigma_50              0.967884  0.130942  ...    0.000681               -0.005519
pre_avgidf             -0.025583  0.040873  ...    0.287567                0.988915
pre_avgictf            -0.024042  0.030509  ...    0.286817                0.990918
pre_maxidf             -0.008242 -0.001586  ...    0.136250                0.715407
pre_maxscq             -0.001910 -0.028347  ...    1.000000                0.267812
pre_simplified_clarity -0.026778  0.054925  ...    0.267812                1.000000

[10 rows x 10 columns]

全体の相関係数（スピアマン）:
                             nqc   clarity  ...  pre_maxscq  pre_simplified_clarity
nqc                     1.000000  0.121698  ...    0.012699               -0.041664
clarity                 0.121698  1.000000  ...   -0.036166                0.048611
wig                     0.915649  0.134034  ...   -0.014991               -0.052939
smv                     0.989711  0.133967  ...    0.012934               -0.037991
n_sigma_50              0.965284  0.144417  ...    0.016509               -0.021637
pre_avgidf             -0.037654  0.033319  ...    0.299109                0.987113
pre_avgictf            -0.035353  0.024767  ...    0.290423                0.990402
pre_maxidf             -0.003144  0.003008  ...    0.089223                0.730331
pre_maxscq              0.012699 -0.036166  ...    1.000000                0.274514
pre_simplified_clarity -0.041664  0.048611  ...    0.274514                1.000000

[10 rows x 10 columns]

Negativeラベルの相関係数（ピアソン） (データ数: 932):
                             nqc   clarity  ...  pre_maxscq  pre_simplified_clarity
nqc                     1.000000  0.164770  ...    0.013051               -0.075008
clarity                 0.164770  1.000000  ...   -0.068778                0.040707
wig                     0.908725  0.169264  ...   -0.022724               -0.081908
smv                     0.971091  0.158593  ...    0.016323               -0.067084
n_sigma_50              0.966460  0.184278  ...    0.023559               -0.050573
pre_avgidf             -0.068966  0.025407  ...    0.283909                0.988473
pre_avgictf            -0.066853  0.020887  ...    0.287280                0.990861
pre_maxidf             -0.046488 -0.027238  ...    0.143670                0.686676
pre_maxscq              0.013051 -0.068778  ...    1.000000                0.266655
pre_simplified_clarity -0.075008  0.040707  ...    0.266655                1.000000

[10 rows x 10 columns]

Negativeラベルの相関係数（スピアマン） (データ数: 932):
                             nqc   clarity  ...  pre_maxscq  pre_simplified_clarity
nqc                     1.000000  0.150495  ...    0.020194               -0.083267
clarity                 0.150495  1.000000  ...   -0.095597                0.041648
wig                     0.912481  0.171213  ...   -0.014360               -0.099280
smv                     0.990556  0.169363  ...    0.016588               -0.077142
n_sigma_50              0.963925  0.181524  ...    0.029307               -0.056989
pre_avgidf             -0.076183  0.025055  ...    0.274339                0.986369
pre_avgictf            -0.073216  0.019126  ...    0.273369                0.989823
pre_maxidf             -0.041006 -0.013548  ...    0.056222                0.687644
pre_maxscq              0.020194 -0.095597  ...    1.000000                0.253350
pre_simplified_clarity -0.083267  0.041648  ...    0.253350                1.000000

[10 rows x 10 columns]

Positiveラベルの相関係数（ピアソン） (データ数: 1070):
                             nqc   clarity  ...  pre_maxscq  pre_simplified_clarity
nqc                     1.000000  0.067607  ...   -0.007569                0.020817
clarity                 0.067607  1.000000  ...    0.004913                0.068113
wig                     0.915840  0.079536  ...   -0.009891                0.031600
smv                     0.966357  0.050370  ...    0.008699                0.034965
n_sigma_50              0.969486  0.082550  ...   -0.008074                0.041139
pre_avgidf              0.020006  0.055442  ...    0.283113                0.989668
pre_avgictf             0.020058  0.039628  ...    0.280091                0.991035
pre_maxidf              0.029889  0.020267  ...    0.122270                0.736737
pre_maxscq             -0.007569  0.004913  ...    1.000000                0.263338
pre_simplified_clarity  0.020817  0.068113  ...    0.263338                1.000000

[10 rows x 10 columns]

Positiveラベルの相関係数（スピアマン） (データ数: 1070):
                             nqc   clarity  ...  pre_maxscq  pre_simplified_clarity
nqc                     1.000000  0.095008  ...    0.012840               -0.000080
clarity                 0.095008  1.000000  ...    0.014303                0.056539
wig                     0.917444  0.102871  ...   -0.005815               -0.005351
smv                     0.988622  0.099655  ...    0.016588                0.002952
n_sigma_50              0.965095  0.110252  ...    0.015329                0.018981
pre_avgidf              0.003203  0.043369  ...    0.306383                0.988022
pre_avgictf             0.004054  0.031942  ...    0.292242                0.990941
pre_maxidf              0.033891  0.020343  ...    0.109815                0.761701
pre_maxscq              0.012840  0.014303  ...    1.000000                0.281674
pre_simplified_clarity -0.000080  0.056539  ...    0.281674                1.000000

[10 rows x 10 columns]
  - 相関係数ヒートマップを保存しました

11. Confidence Analysis（確信度分析）を実行中...
  ⚠️  警告: BERTの予測確率を読み込めませんでした（BASE_EXPERIMENT_NAMESが設定されていない可能性があります）

結果をファイルに保存しました: /home/daiki_shibata/pj/QPP4SIP/LogReg/LASSO/outputs/AmbigNQ/pre_post/ictf_idf_maxidf_scq_scs_clarity_ns50_nqc_smv_wig/results.txt

================================================================================
全てのモデルタイプを実行して比較します
================================================================================

--- l1 モデルを実行中 ---
  Accuracy: 0.5634
  F1 Score: 0.6674
  AUC-ROC: 0.5827
  Average Precision: 0.5982

  --- L1 モデルのDeLong検定を実行中 ---
  単体指標の最高ROC: wig (AUC = 0.5535)
  回帰モデルのROC: AUC = 0.5827

  DeLongの検定結果:
    モデルA (L1): AUC = 0.5827
    モデルB (単体指標 wig): AUC = 0.5535
    AUC差: 0.0293
    Z統計量: 1.7638
    p値: 0.0778
    有意差: なし (α=0.05)

  === 各指標とモデルの比較表 ===

Metric	AUC-ROC	AUC-PR	p-value
NQC	0.5348	0.5540	-
Clarity	0.5007	0.5332	-
WIG	0.5535	0.5766	-
SMV	0.5368	0.5570	-
n(σ%)	0.5454	0.5643	-
AvgIDF	0.5505	0.5815	-
AvgICTF	0.5433	0.5742	-
MaxIDF	0.5374	0.5745	-
MaxSCQ	0.5409	0.5737	-
Simplified Clarity	0.5374	0.5703	-
L1	0.5827	0.5982	0.0778

  - DeLongの検定結果を保存: /home/daiki_shibata/pj/QPP4SIP/LogReg/LASSO/outputs/AmbigNQ/pre_post/ictf_idf_maxidf_scq_scs_clarity_ns50_nqc_smv_wig/delong/delong_test_l1.csv
  - 比較表を保存: /home/daiki_shibata/pj/QPP4SIP/LogReg/LASSO/outputs/AmbigNQ/pre_post/ictf_idf_maxidf_scq_scs_clarity_ns50_nqc_smv_wig/delong/comparison_table_l1.csv

--- l2 モデルを実行中 ---
  Accuracy: 0.5604
  F1 Score: 0.6859
  AUC-ROC: 0.5667
  Average Precision: 0.5802

  --- L2 モデルのDeLong検定を実行中 ---
  単体指標の最高ROC: wig (AUC = 0.5535)
  回帰モデルのROC: AUC = 0.5667

  DeLongの検定結果:
    モデルA (L2): AUC = 0.5667
    モデルB (単体指標 wig): AUC = 0.5535
    AUC差: 0.0133
    Z統計量: 0.8245
    p値: 0.4097
    有意差: なし (α=0.05)

  === 各指標とモデルの比較表 ===

Metric	AUC-ROC	AUC-PR	p-value
NQC	0.5348	0.5540	-
Clarity	0.5007	0.5332	-
WIG	0.5535	0.5766	-
SMV	0.5368	0.5570	-
n(σ%)	0.5454	0.5643	-
AvgIDF	0.5505	0.5815	-
AvgICTF	0.5433	0.5742	-
MaxIDF	0.5374	0.5745	-
MaxSCQ	0.5409	0.5737	-
Simplified Clarity	0.5374	0.5703	-
L2	0.5667	0.5802	0.4097

  - DeLongの検定結果を保存: /home/daiki_shibata/pj/QPP4SIP/LogReg/LASSO/outputs/AmbigNQ/pre_post/ictf_idf_maxidf_scq_scs_clarity_ns50_nqc_smv_wig/delong/delong_test_l2.csv
  - 比較表を保存: /home/daiki_shibata/pj/QPP4SIP/LogReg/LASSO/outputs/AmbigNQ/pre_post/ictf_idf_maxidf_scq_scs_clarity_ns50_nqc_smv_wig/delong/comparison_table_l2.csv

--- elasticnet モデルを実行中 ---
  Accuracy: 0.5594
  F1 Score: 0.6814
  AUC-ROC: 0.5710
  Average Precision: 0.5845

  --- ElasticNet モデルのDeLong検定を実行中 ---
  単体指標の最高ROC: wig (AUC = 0.5535)
  回帰モデルのROC: AUC = 0.5710

  DeLongの検定結果:
    モデルA (ElasticNet): AUC = 0.5710
    モデルB (単体指標 wig): AUC = 0.5535
    AUC差: 0.0175
    Z統計量: 1.0828
    p値: 0.2789
    有意差: なし (α=0.05)

  === 各指標とモデルの比較表 ===

Metric	AUC-ROC	AUC-PR	p-value
NQC	0.5348	0.5540	-
Clarity	0.5007	0.5332	-
WIG	0.5535	0.5766	-
SMV	0.5368	0.5570	-
n(σ%)	0.5454	0.5643	-
AvgIDF	0.5505	0.5815	-
AvgICTF	0.5433	0.5742	-
MaxIDF	0.5374	0.5745	-
MaxSCQ	0.5409	0.5737	-
Simplified Clarity	0.5374	0.5703	-
ElasticNet	0.5710	0.5845	0.2789

  - DeLongの検定結果を保存: /home/daiki_shibata/pj/QPP4SIP/LogReg/LASSO/outputs/AmbigNQ/pre_post/ictf_idf_maxidf_scq_scs_clarity_ns50_nqc_smv_wig/delong/delong_test_elasticnet.csv
  - 比較表を保存: /home/daiki_shibata/pj/QPP4SIP/LogReg/LASSO/outputs/AmbigNQ/pre_post/ictf_idf_maxidf_scq_scs_clarity_ns50_nqc_smv_wig/delong/comparison_table_elasticnet.csv

--- none モデルを実行中 ---
  Accuracy: 0.5684
  F1 Score: 0.6638
  AUC-ROC: 0.5853
  Average Precision: 0.6017

  --- No Penalty モデルのDeLong検定を実行中 ---
  単体指標の最高ROC: wig (AUC = 0.5535)
  回帰モデルのROC: AUC = 0.5853

  DeLongの検定結果:
    モデルA (No Penalty): AUC = 0.5853
    モデルB (単体指標 wig): AUC = 0.5535
    AUC差: 0.0318
    Z統計量: 1.9043
    p値: 0.0569
    有意差: なし (α=0.05)

  === 各指標とモデルの比較表 ===

Metric	AUC-ROC	AUC-PR	p-value
NQC	0.5348	0.5540	-
Clarity	0.5007	0.5332	-
WIG	0.5535	0.5766	-
SMV	0.5368	0.5570	-
n(σ%)	0.5454	0.5643	-
AvgIDF	0.5505	0.5815	-
AvgICTF	0.5433	0.5742	-
MaxIDF	0.5374	0.5745	-
MaxSCQ	0.5409	0.5737	-
Simplified Clarity	0.5374	0.5703	-
No Penalty	0.5853	0.6017	0.0569

  - DeLongの検定結果を保存: /home/daiki_shibata/pj/QPP4SIP/LogReg/LASSO/outputs/AmbigNQ/pre_post/ictf_idf_maxidf_scq_scs_clarity_ns50_nqc_smv_wig/delong/delong_test_none.csv
  - 比較表を保存: /home/daiki_shibata/pj/QPP4SIP/LogReg/LASSO/outputs/AmbigNQ/pre_post/ictf_idf_maxidf_scq_scs_clarity_ns50_nqc_smv_wig/delong/comparison_table_none.csv

--- bolasso モデルを実行中 ---

  - ブートストラップサンプル数: 100
  - 特徴量選択閾値: 0.50 (50%以上のモデルで選択)
    - 10/100 サンプル完了
    - 20/100 サンプル完了
    - 30/100 サンプル完了
    - 40/100 サンプル完了
    - 50/100 サンプル完了
    - 60/100 サンプル完了
    - 70/100 サンプル完了
    - 80/100 サンプル完了
    - 90/100 サンプル完了
    - 100/100 サンプル完了

  特徴量選択結果:
    - 選択された特徴量: 7/10
    - 選択頻度:
      ✓ clarity: 100.00% (100/100)
      ✓ pre_avgidf: 100.00% (100/100)
      ✓ pre_maxscq: 100.00% (100/100)
      ✓ pre_simplified_clarity: 100.00% (100/100)
      ✓ n_sigma_50: 99.00% (99/100)
      ✓ pre_maxidf: 99.00% (99/100)
      ✓ wig: 92.00% (92/100)
      ✗ nqc: 46.00% (46/100)
      ✗ smv: 46.00% (46/100)
      ✗ pre_avgictf: 44.00% (44/100)
  Accuracy: 0.5629
  F1 Score: 0.6672
  AUC-ROC: 0.5823
  Average Precision: 0.5978

  --- BOLASSO モデルのDeLong検定を実行中 ---
  単体指標の最高ROC: wig (AUC = 0.5535)
  回帰モデルのROC: AUC = 0.5823

  DeLongの検定結果:
    モデルA (BOLASSO): AUC = 0.5823
    モデルB (単体指標 wig): AUC = 0.5535
    AUC差: 0.0289
    Z統計量: 1.7411
    p値: 0.0817
    有意差: なし (α=0.05)

  === 各指標とモデルの比較表 ===

Metric	AUC-ROC	AUC-PR	p-value
NQC	0.5348	0.5540	-
Clarity	0.5007	0.5332	-
WIG	0.5535	0.5766	-
SMV	0.5368	0.5570	-
n(σ%)	0.5454	0.5643	-
AvgIDF	0.5505	0.5815	-
AvgICTF	0.5433	0.5742	-
MaxIDF	0.5374	0.5745	-
MaxSCQ	0.5409	0.5737	-
Simplified Clarity	0.5374	0.5703	-
BOLASSO	0.5823	0.5978	0.0817

  - DeLongの検定結果を保存: /home/daiki_shibata/pj/QPP4SIP/LogReg/LASSO/outputs/AmbigNQ/pre_post/ictf_idf_maxidf_scq_scs_clarity_ns50_nqc_smv_wig/delong/delong_test_bolasso.csv
  - 比較表を保存: /home/daiki_shibata/pj/QPP4SIP/LogReg/LASSO/outputs/AmbigNQ/pre_post/ictf_idf_maxidf_scq_scs_clarity_ns50_nqc_smv_wig/delong/comparison_table_bolasso.csv

--- lars_traps モデルを実行中 ---

  - ランダムトラップ数: 10
    - 5/10 トラップ完了
    - 10/10 トラップ完了

  特徴量選択結果:
    - 選択された特徴量: 0/10
    - 選択頻度:
  Accuracy: 0.5604
  F1 Score: 0.6859
  AUC-ROC: 0.5667
  Average Precision: 0.5802

  --- LARS-Traps モデルのDeLong検定を実行中 ---
  単体指標の最高ROC: wig (AUC = 0.5535)
  回帰モデルのROC: AUC = 0.5667

  DeLongの検定結果:
    モデルA (LARS-Traps): AUC = 0.5667
    モデルB (単体指標 wig): AUC = 0.5535
    AUC差: 0.0133
    Z統計量: 0.8245
    p値: 0.4097
    有意差: なし (α=0.05)

  === 各指標とモデルの比較表 ===

Metric	AUC-ROC	AUC-PR	p-value
NQC	0.5348	0.5540	-
Clarity	0.5007	0.5332	-
WIG	0.5535	0.5766	-
SMV	0.5368	0.5570	-
n(σ%)	0.5454	0.5643	-
AvgIDF	0.5505	0.5815	-
AvgICTF	0.5433	0.5742	-
MaxIDF	0.5374	0.5745	-
MaxSCQ	0.5409	0.5737	-
Simplified Clarity	0.5374	0.5703	-
LARS-Traps	0.5667	0.5802	0.4097

  - DeLongの検定結果を保存: /home/daiki_shibata/pj/QPP4SIP/LogReg/LASSO/outputs/AmbigNQ/pre_post/ictf_idf_maxidf_scq_scs_clarity_ns50_nqc_smv_wig/delong/delong_test_lars_traps.csv
  - 比較表を保存: /home/daiki_shibata/pj/QPP4SIP/LogReg/LASSO/outputs/AmbigNQ/pre_post/ictf_idf_maxidf_scq_scs_clarity_ns50_nqc_smv_wig/delong/comparison_table_lars_traps.csv

--- lars_cv モデルを実行中 ---

  - LARS-CVで選択された特徴量: 10/10
  - 選択された特徴量: ['nqc', 'clarity', 'wig', 'smv', 'n_sigma_50', 'pre_avgidf', 'pre_avgictf', 'pre_maxidf', 'pre_maxscq', 'pre_simplified_clarity']
  Accuracy: 0.5604
  F1 Score: 0.6859
  AUC-ROC: 0.5667
  Average Precision: 0.5802

  --- LARS-CV モデルのDeLong検定を実行中 ---
  単体指標の最高ROC: wig (AUC = 0.5535)
  回帰モデルのROC: AUC = 0.5667

  DeLongの検定結果:
    モデルA (LARS-CV): AUC = 0.5667
    モデルB (単体指標 wig): AUC = 0.5535
    AUC差: 0.0133
    Z統計量: 0.8245
    p値: 0.4097
    有意差: なし (α=0.05)

  === 各指標とモデルの比較表 ===

Metric	AUC-ROC	AUC-PR	p-value
NQC	0.5348	0.5540	-
Clarity	0.5007	0.5332	-
WIG	0.5535	0.5766	-
SMV	0.5368	0.5570	-
n(σ%)	0.5454	0.5643	-
AvgIDF	0.5505	0.5815	-
AvgICTF	0.5433	0.5742	-
MaxIDF	0.5374	0.5745	-
MaxSCQ	0.5409	0.5737	-
Simplified Clarity	0.5374	0.5703	-
LARS-CV	0.5667	0.5802	0.4097

  - DeLongの検定結果を保存: /home/daiki_shibata/pj/QPP4SIP/LogReg/LASSO/outputs/AmbigNQ/pre_post/ictf_idf_maxidf_scq_scs_clarity_ns50_nqc_smv_wig/delong/delong_test_lars_cv.csv
  - 比較表を保存: /home/daiki_shibata/pj/QPP4SIP/LogReg/LASSO/outputs/AmbigNQ/pre_post/ictf_idf_maxidf_scq_scs_clarity_ns50_nqc_smv_wig/delong/comparison_table_lars_cv.csv

--- randomforest モデルを実行中 ---
  Accuracy: 0.5270
  F1 Score: 0.5493
  AUC-ROC: 0.5404
  Average Precision: 0.5646

  --- RandomForest モデルのDeLong検定を実行中 ---
  単体指標の最高ROC: wig (AUC = 0.5535)
  回帰モデルのROC: AUC = 0.5404

  DeLongの検定結果:
    モデルA (RandomForest): AUC = 0.5404
    モデルB (単体指標 wig): AUC = 0.5535
    AUC差: -0.0130
    Z統計量: -0.7686
    p値: 0.4421
    有意差: なし (α=0.05)

  === 各指標とモデルの比較表 ===

Metric	AUC-ROC	AUC-PR	p-value
NQC	0.5348	0.5540	-
Clarity	0.5007	0.5332	-
WIG	0.5535	0.5766	-
SMV	0.5368	0.5570	-
n(σ%)	0.5454	0.5643	-
AvgIDF	0.5505	0.5815	-
AvgICTF	0.5433	0.5742	-
MaxIDF	0.5374	0.5745	-
MaxSCQ	0.5409	0.5737	-
Simplified Clarity	0.5374	0.5703	-
RandomForest	0.5404	0.5646	0.4421

  - DeLongの検定結果を保存: /home/daiki_shibata/pj/QPP4SIP/LogReg/LASSO/outputs/AmbigNQ/pre_post/ictf_idf_maxidf_scq_scs_clarity_ns50_nqc_smv_wig/delong/delong_test_randomforest.csv
  - 比較表を保存: /home/daiki_shibata/pj/QPP4SIP/LogReg/LASSO/outputs/AmbigNQ/pre_post/ictf_idf_maxidf_scq_scs_clarity_ns50_nqc_smv_wig/delong/comparison_table_randomforest.csv

================================================================================
全モデル統合比較表を作成中...
================================================================================

=== 全モデル統合比較表 ===
Metric	AUC-ROC	AUC-PR	p-value
Clarity	0.5007	0.5332	-
n(σ%)	0.5454	0.5643	-
NQC	0.5348	0.5540	-
AvgICTF	0.5433	0.5742	-
AvgIDF	0.5505	0.5815	-
MaxIDF	0.5374	0.5745	-
MaxSCQ	0.5409	0.5737	-
Simplified Clarity	0.5374	0.5703	-
SMV	0.5368	0.5570	-
WIG	0.5535	0.5766	-
L1 Logistic Regression	0.5827	0.5982	0.0778
L2 Logistic Regression	0.5667	0.5802	0.4097
E-Net	0.5710	0.5845	0.2789
No Penalty Logistic Regression	0.5853	0.6017	0.0569
BOLASSO	0.5823	0.5978	0.0817
LARS-Traps	0.5667	0.5802	0.4097
LARS-CV	0.5667	0.5802	0.4097
Random Forest	0.5404	0.5646	0.4421

  - 統合比較表（DeLong検定）を保存: /home/daiki_shibata/pj/QPP4SIP/LogReg/LASSO/outputs/AmbigNQ/pre_post/ictf_idf_maxidf_scq_scs_clarity_ns50_nqc_smv_wig/delong/comprehensive_comparison_table.csv

================================================================================
モデル比較グラフを描画中...
================================================================================
  - 保存先: /home/daiki_shibata/pj/QPP4SIP/LogReg/LASSO/outputs/AmbigNQ/pre_post/ictf_idf_maxidf_scq_scs_clarity_ns50_nqc_smv_wig/graphs/roc_curves_comparison.png
  - 保存先: /home/daiki_shibata/pj/QPP4SIP/LogReg/LASSO/outputs/AmbigNQ/pre_post/ictf_idf_maxidf_scq_scs_clarity_ns50_nqc_smv_wig/graphs/pr_curves_comparison.png
  - 比較表を保存: /home/daiki_shibata/pj/QPP4SIP/LogReg/LASSO/outputs/AmbigNQ/pre_post/ictf_idf_maxidf_scq_scs_clarity_ns50_nqc_smv_wig/graphs/models_comparison.csv
  - モデル比較グラフを保存しました

結果をファイルに保存しました（全モデル実行結果を含む）: /home/daiki_shibata/pj/QPP4SIP/LogReg/LASSO/outputs/AmbigNQ/pre_post/ictf_idf_maxidf_scq_scs_clarity_ns50_nqc_smv_wig/results.txt

=== 完了 ===
