NSP top_k値: 50 (trainとdevで共通)
使用する特徴量タイプ: post, bert
=== allによるclarification分類 ===

データセット: AmbigNQ
検索手法: dpr
使用する特徴量: QPPスコア（post + base）
  設定: --feature-typesで指定
モデルタイプ: all
ラベル分布の調整: 無効
非負制約: 無効
クロスバリデーション: 有効
  Fold数: 5
正規化方法: 訓練データの統計量で[0,1]正規化（Min-Max）（通常）

1. データ読み込み中...

【ラベル抽出のデバッグ情報】
response_type別の分布:
  clarification: 総数=4747, ラベル0=0, ラベル1=4747
  directAnswer: 総数=5289, ラベル0=5289, ラベル1=0
総ラベル分布: 0=5289, 1=4747

  - 訓練データ: 10036 サンプル
Loaded 10036 nqc scores for train
Loaded 10036 clarity scores for train
Loaded 10036 wig scores for train
Loaded 10036 smv scores for train
Loaded 10036 n_sigma_50 scores for train
  - nqc: 10036 サンプル
  - clarity: 10036 サンプル
  - wig: 10036 サンプル
  - smv: 10036 サンプル
  - n_sigma_50: 10036 サンプル
Loaded 10036 bert_logit_clarification scores for train (experiment: AmbigNQ_bert-base_lr2e-05_bs16_kfold5)
  - bert_logit_clarification: 10036 サンプル

【ラベル抽出のデバッグ情報】
response_type別の分布:
  clarification: 総数=1070, ラベル0=0, ラベル1=1070
  directAnswer: 総数=932, ラベル0=932, ラベル1=0
総ラベル分布: 0=932, 1=1070

  - テストデータ: 2002 サンプル
Loaded 2002 nqc scores for dev
Loaded 2002 clarity scores for dev
Loaded 2002 wig scores for dev
Loaded 2002 smv scores for dev
Loaded 2002 n_sigma_50 scores for dev
  - nqc: 2002 サンプル
  - clarity: 2002 サンプル
  - wig: 2002 サンプル
  - smv: 2002 サンプル
  - n_sigma_50: 2002 サンプル
Loaded 2002 bert_logit_clarification scores for dev (experiment: AmbigNQ_bert-base_lr2e-05_bs16_kfold5)
  - bert_logit_clarification: 2002 サンプル

2. 特徴量マージ中...
  - 訓練データ: 10036 サンプル, 6 特徴量
  - テストデータ: 2002 サンプル, 6 特徴量
  - 特徴量: ['nqc', 'clarity', 'wig', 'smv', 'n_sigma_50', 'bert_logit_clarification']
  - 訓練データのラベル分布: {0: 5289, 1: 4747}
  - テストデータのラベル分布: {1: 1070, 0: 932}

2.1. trainとdevを統合中...
  - 統合データ: 12038 サンプル, 6 特徴量
  - 統合データのラベル分布: {0: 6221, 1: 5817} (正例率: 0.4832)

2.5. ラベル分布の調整: スキップ（--balance-label-distribution が指定されていません）

================================================================================
クロスバリデーション評価を開始します
================================================================================

================================================================================
Fold 1/5
================================================================================
  - Fold訓練データ: 9630 サンプル
  - Foldテストデータ: 2408 サンプル
  - Fold訓練データのラベル分布: {0: 4976, 1: 4654} (正例率: 0.4833)
  - Foldテストデータのラベル分布: {0: 1245, 1: 1163} (正例率: 0.4830)

  Fold 1 結果:
    訓練 - Accuracy: 0.6298, F1: 0.6233, AUC: 0.6818, AP: 0.6580
    テスト - Accuracy: 0.6474, F1: 0.6410, AUC: 0.7081, AP: 0.6937

================================================================================
Fold 2/5
================================================================================
  - Fold訓練データ: 9630 サンプル
  - Foldテストデータ: 2408 サンプル
  - Fold訓練データのラベル分布: {0: 4977, 1: 4653} (正例率: 0.4832)
  - Foldテストデータのラベル分布: {0: 1244, 1: 1164} (正例率: 0.4834)

  Fold 2 結果:
    訓練 - Accuracy: 0.6360, F1: 0.6303, AUC: 0.6915, AP: 0.6697
    テスト - Accuracy: 0.6213, F1: 0.6066, AUC: 0.6711, AP: 0.6481

================================================================================
Fold 3/5
================================================================================
  - Fold訓練データ: 9630 サンプル
  - Foldテストデータ: 2408 サンプル
  - Fold訓練データのラベル分布: {0: 4977, 1: 4653} (正例率: 0.4832)
  - Foldテストデータのラベル分布: {0: 1244, 1: 1164} (正例率: 0.4834)

  Fold 3 結果:
    訓練 - Accuracy: 0.6308, F1: 0.6250, AUC: 0.6856, AP: 0.6643
    テスト - Accuracy: 0.6366, F1: 0.6262, AUC: 0.6934, AP: 0.6688

================================================================================
Fold 4/5
================================================================================
  - Fold訓練データ: 9631 サンプル
  - Foldテストデータ: 2407 サンプル
  - Fold訓練データのラベル分布: {0: 4977, 1: 4654} (正例率: 0.4832)
  - Foldテストデータのラベル分布: {0: 1244, 1: 1163} (正例率: 0.4832)

  Fold 4 結果:
    訓練 - Accuracy: 0.6319, F1: 0.6248, AUC: 0.6878, AP: 0.6677
    テスト - Accuracy: 0.6373, F1: 0.6412, AUC: 0.6855, AP: 0.6554

================================================================================
Fold 5/5
================================================================================
  - Fold訓練データ: 9631 サンプル
  - Foldテストデータ: 2407 サンプル
  - Fold訓練データのラベル分布: {0: 4977, 1: 4654} (正例率: 0.4832)
  - Foldテストデータのラベル分布: {0: 1244, 1: 1163} (正例率: 0.4832)

  Fold 5 結果:
    訓練 - Accuracy: 0.6350, F1: 0.6288, AUC: 0.6900, AP: 0.6666
    テスト - Accuracy: 0.6236, F1: 0.6187, AUC: 0.6773, AP: 0.6610

================================================================================
クロスバリデーション結果の集約
================================================================================

各Foldの結果:
 fold  train_acc  train_f1  train_auc  train_ap  test_acc  test_f1  test_auc  test_ap
    1   0.629803  0.623349   0.681798  0.658049  0.647425 0.641015  0.708147 0.693748
    2   0.636033  0.630313   0.691549  0.669662  0.621262 0.606557  0.671099 0.648071
    3   0.630841  0.624960   0.685550  0.664324  0.636628 0.626228  0.693388 0.668833
    4   0.631918  0.624828   0.687763  0.667735  0.637308 0.641184  0.685455 0.655386
    5   0.635033  0.628789   0.689965  0.666639  0.623598 0.618687  0.677311 0.660991

平均値（標準偏差）:
  train_acc: 0.6327 (±0.0027)
  train_f1: 0.6264 (±0.0030)
  train_auc: 0.6873 (±0.0038)
  train_ap: 0.6653 (±0.0045)
  test_acc: 0.6332 (±0.0108)
  test_f1: 0.6267 (±0.0149)
  test_auc: 0.6871 (±0.0145)
  test_ap: 0.6654 (±0.0176)

全Fold統合テストデータ:
  AUC-ROC: 0.6866
  Average Precision: 0.6640

=== クロスバリデーション完了 ===

================================================================================
クロスバリデーションで得られたモデルを使って、train/devデータに対して評価を実行します
================================================================================

=== クロスバリデーション結果による評価 ===
（各foldのテストデータに対する予測結果を使用）
CVテストデータ - Accuracy: 0.6332, F1: 0.6269, AUC: 0.6866, AP: 0.6640

5.6. 単体指標の最高ROCと回帰モデルのDeLong検定を実行中...
  単体指標の最高ROC: BERT (AUC = 0.6836)
  回帰モデルのROC: AUC = 0.6866

  DeLongの検定結果:
    モデルA (回帰): AUC = 0.6866
    モデルB (単体指標 BERT): AUC = 0.6836
    AUC差: 0.0030
    Z統計量: 3.3393
    p値: 0.0008
    有意差: あり (α=0.05)

  === 各指標とモデルの比較表 ===

Metric	AUC-ROC	AUC-PR	p-value
NQC	0.5111	0.4939	-
Clarity	0.5475	0.5185	-
WIG	0.5101	0.4957	-
SMV	0.5100	0.4931	-
n(σ%)	0.5201	0.5001	-
BERT	0.6836	0.6614	-
ALL Logistic Regression	0.6866	0.6640	0.0008

  - DeLongの検定結果を保存: /home/daiki_shibata/pj/QPP4SIP/LogReg/LASSO/outputs/AmbigNQ/post_bert/clarity_ns50_nqc_smv_wig_bert/delong/delong_test_single_metric.csv
  - 比較表を保存: /home/daiki_shibata/pj/QPP4SIP/LogReg/LASSO/outputs/AmbigNQ/post_bert/clarity_ns50_nqc_smv_wig_bert/delong/comparison_table.csv/home/daiki_shibata/pj/QPP4SIP/LogReg/LASSO/module/visualization.py:718: UserWarning: Boolean Series key will be reindexed to match DataFrame index.
  test_values_pos = X_test[y_test == 1][feature_name].values
/home/daiki_shibata/pj/QPP4SIP/LogReg/LASSO/module/visualization.py:719: UserWarning: Boolean Series key will be reindexed to match DataFrame index.
  test_values_neg = X_test[y_test == 0][feature_name].values
/home/daiki_shibata/pj/QPP4SIP/LogReg/LASSO/module/visualization.py:718: UserWarning: Boolean Series key will be reindexed to match DataFrame index.
  test_values_pos = X_test[y_test == 1][feature_name].values
/home/daiki_shibata/pj/QPP4SIP/LogReg/LASSO/module/visualization.py:719: UserWarning: Boolean Series key will be reindexed to match DataFrame index.
  test_values_neg = X_test[y_test == 0][feature_name].values
/home/daiki_shibata/pj/QPP4SIP/LogReg/LASSO/module/visualization.py:718: UserWarning: Boolean Series key will be reindexed to match DataFrame index.
  test_values_pos = X_test[y_test == 1][feature_name].values
/home/daiki_shibata/pj/QPP4SIP/LogReg/LASSO/module/visualization.py:719: UserWarning: Boolean Series key will be reindexed to match DataFrame index.
  test_values_neg = X_test[y_test == 0][feature_name].values
/home/daiki_shibata/pj/QPP4SIP/LogReg/LASSO/module/visualization.py:718: UserWarning: Boolean Series key will be reindexed to match DataFrame index.
  test_values_pos = X_test[y_test == 1][feature_name].values
/home/daiki_shibata/pj/QPP4SIP/LogReg/LASSO/module/visualization.py:719: UserWarning: Boolean Series key will be reindexed to match DataFrame index.
  test_values_neg = X_test[y_test == 0][feature_name].values
/home/daiki_shibata/pj/QPP4SIP/LogReg/LASSO/module/visualization.py:718: UserWarning: Boolean Series key will be reindexed to match DataFrame index.
  test_values_pos = X_test[y_test == 1][feature_name].values
/home/daiki_shibata/pj/QPP4SIP/LogReg/LASSO/module/visualization.py:719: UserWarning: Boolean Series key will be reindexed to match DataFrame index.
  test_values_neg = X_test[y_test == 0][feature_name].values
/home/daiki_shibata/pj/QPP4SIP/LogReg/LASSO/module/visualization.py:718: UserWarning: Boolean Series key will be reindexed to match DataFrame index.
  test_values_pos = X_test[y_test == 1][feature_name].values
/home/daiki_shibata/pj/QPP4SIP/LogReg/LASSO/module/visualization.py:719: UserWarning: Boolean Series key will be reindexed to match DataFrame index.
  test_values_neg = X_test[y_test == 0][feature_name].values

  - 回帰モデル同士の比較用に予測結果を保存: /home/daiki_shibata/pj/QPP4SIP/LogReg/LASSO/outputs/AmbigNQ/post_bert/clarity_ns50_nqc_smv_wig_bert/csv/predictions_for_delong.csv

参考: train/devデータに対する予測（評価には使用しません）
参考 - 訓練データ: Accuracy: 0.6301, F1: 0.6149, AUC: 0.6812, AP: 0.6509
参考 - テストデータ: Accuracy: 0.6508, F1: 0.6954, AUC: 0.7131, AP: 0.7246

特徴量の係数（各foldの平均）:
                 feature  coefficient
bert_logit_clarification     3.322034
                 clarity     0.836760
              n_sigma_50     0.675760
                     smv    -0.512594
                     wig     0.040149
                     nqc    -0.013870
  - 係数をCSVファイルに保存しました: /home/daiki_shibata/pj/QPP4SIP/LogReg/LASSO/outputs/AmbigNQ/post_bert/clarity_ns50_nqc_smv_wig_bert/coefficients.csv
  - DeLongの検定用に予測結果を保存（CV統合）: /home/daiki_shibata/pj/QPP4SIP/LogReg/LASSO/outputs/AmbigNQ/post_bert/clarity_ns50_nqc_smv_wig_bert/csv/predictions_for_delong.csv

3. [0,1]正規化（Min-Max）中...
  - 方法: 訓練データの統計量でテストデータも正規化（通常）
  - 正規化完了

=== 評価結果 ===
（クロスバリデーション結果は既に上記で表示済み）

6. ROC曲線を描画中...
  - 保存先: /home/daiki_shibata/pj/QPP4SIP/LogReg/LASSO/outputs/AmbigNQ/post_bert/clarity_ns50_nqc_smv_wig_bert/graphs/roc_curves.png
  - ROC曲線を保存しました

7. Precision-Recall曲線を描画中...
  - 保存先: /home/daiki_shibata/pj/QPP4SIP/LogReg/LASSO/outputs/AmbigNQ/post_bert/clarity_ns50_nqc_smv_wig_bert/graphs/pr_curves.png
  - PR曲線を保存しました

8. 閾値とF1スコアの関係を描画中...
  - 保存先: /home/daiki_shibata/pj/QPP4SIP/LogReg/LASSO/outputs/AmbigNQ/post_bert/clarity_ns50_nqc_smv_wig_bert/graphs/threshold_f1_curves.png
  - 閾値とF1スコアの関係を保存しました

9. 特徴量のスコア分布を描画中...
  - 保存先: /home/daiki_shibata/pj/QPP4SIP/LogReg/LASSO/outputs/AmbigNQ/post_bert/clarity_ns50_nqc_smv_wig_bert/graphs/feature_distributions.png
  - 保存先: /home/daiki_shibata/pj/QPP4SIP/LogReg/LASSO/outputs/AmbigNQ/post_bert/clarity_ns50_nqc_smv_wig_bert/graphs/feature_distributions_by_label.png
  - 特徴量のスコア分布を保存しました

10. 相関係数ヒートマップを描画中...
trainとtestを統合: train=10036サンプル, test=2002サンプル, 合計=12038サンプル
  - 相関係数ヒートマップを保存しました: /home/daiki_shibata/pj/QPP4SIP/LogReg/LASSO/outputs/AmbigNQ/post_bert/clarity_ns50_nqc_smv_wig_bert/graphs/correlation_heatmaps.png

=== 相関係数の統計情報 ===
全体のデータ数: 12038

全体の相関係数（ピアソン）:
                               nqc  ...  bert_logit_clarification
nqc                       1.000000  ...                  0.022502
clarity                   0.001331  ...                  0.050911
wig                       0.905049  ...                  0.027728
smv                       0.968019  ...                  0.025380
n_sigma_50                0.960829  ...                  0.055679
bert_logit_clarification  0.022502  ...                  1.000000

[6 rows x 6 columns]

全体の相関係数（スピアマン）:
                               nqc  ...  bert_logit_clarification
nqc                       1.000000  ...                  0.015495
clarity                  -0.008799  ...                  0.078719
wig                       0.910473  ...                  0.023117
smv                       0.988699  ...                  0.016652
n_sigma_50                0.959306  ...                  0.050121
bert_logit_clarification  0.015495  ...                  1.000000

[6 rows x 6 columns]

Negativeラベルの相関係数（ピアソン） (データ数: 6367):
                               nqc  ...  bert_logit_clarification
nqc                       1.000000  ...                  0.007154
clarity                   0.000437  ...                  0.142222
wig                       0.903444  ...                  0.018887
smv                       0.966547  ...                  0.012512
n_sigma_50                0.958023  ...                  0.040140
bert_logit_clarification  0.007154  ...                  1.000000

[6 rows x 6 columns]

Negativeラベルの相関係数（スピアマン） (データ数: 6367):
                               nqc  ...  bert_logit_clarification
nqc                       1.000000  ...                  0.001053
clarity                  -0.013959  ...                  0.147043
wig                       0.911154  ...                  0.014474
smv                       0.988574  ...                  0.004475
n_sigma_50                0.956245  ...                  0.035443
bert_logit_clarification  0.001053  ...                  1.000000

[6 rows x 6 columns]

Positiveラベルの相関係数（ピアソン） (データ数: 5671):
                               nqc  ...  bert_logit_clarification
nqc                       1.000000  ...                  0.033281
clarity                   0.001628  ...                 -0.063048
wig                       0.906778  ...                  0.033339
smv                       0.969616  ...                  0.034608
n_sigma_50                0.963991  ...                  0.062578
bert_logit_clarification  0.033281  ...                  1.000000

[6 rows x 6 columns]

Positiveラベルの相関係数（スピアマン） (データ数: 5671):
                               nqc  ...  bert_logit_clarification
nqc                       1.000000  ...                  0.024543
clarity                  -0.004190  ...                 -0.023380
wig                       0.909821  ...                  0.028858
smv                       0.988824  ...                  0.024508
n_sigma_50                0.962870  ...                  0.054246
bert_logit_clarification  0.024543  ...                  1.000000

[6 rows x 6 columns]
  - 相関係数ヒートマップを保存しました

11. Confidence Analysis（確信度分析）を実行中...
Loaded 2002 bert_prob_clarification probabilities for dev (experiment: AmbigNQ_bert-base_lr2e-05_bs16_kfold5)
  - BERT予測確率を読み込み: bert_prob_clarification (2002 サンプル)
  - Confidence Analysis可視化を保存: /home/daiki_shibata/pj/QPP4SIP/LogReg/LASSO/outputs/AmbigNQ/post_bert/clarity_ns50_nqc_smv_wig_bert/graphs/confidence_analysis.png
  - Confidence Analysis可視化を保存しました

  Confidence Analysis結果:
  - BERT確率範囲: [0.4, 0.6]
  - 抽出サンプル数: 417 / 12038
  - 抽出率: 3.46%

  回帰モデル（QPP統合）の評価:
    Accuracy: 0.6379
    F1 Score: 0.6560
    AUC-ROC: 0.6906
    Average Precision: 0.7073

  単体指標（BERT）の評価:
    Accuracy: 0.6379
    F1 Score: 0.6513
    AUC-ROC: 0.6894
    Average Precision: 0.7032

  QPP統合による改善度:
    AUC-ROC改善: +0.0012
    Average Precision改善: +0.0041
    F1 Score改善: +0.0048

  全体データでの改善度との比較:
    全体データ - AUC改善: +0.0030
    Confidence範囲 - AUC改善: +0.0012
    改善度の差: -0.0017

  → Confidence範囲での改善度は全体データと同程度です。
  - Confidence Analysis結果を保存: /home/daiki_shibata/pj/QPP4SIP/LogReg/LASSO/outputs/AmbigNQ/post_bert/clarity_ns50_nqc_smv_wig_bert/csv/confidence_analysis.csv

12. Overconfidence Analysis（過信分析）を実行中...

  False Positive (高確信度で誤分類):
    - サンプル数: 236
    - 回帰モデル 平均予測確率: 0.4692 (std: 0.1502)
    - 単体指標 平均予測確率: 0.4685 (std: 0.1492)
    - 改善度（0からの距離の減少）: -0.0007
    → QPP統合による改善は見られませんでした

  False Negative (高確信度で誤分類):
    - サンプル数: 134
    - 回帰モデル 平均予測確率: 0.5551 (std: 0.1549)
    - 単体指標 平均予測確率: 0.5500 (std: 0.1521)
    - 改善度（1からの距離の減少）: +0.0052
    → QPP統合により、誤分類の予測確率が1に近づいています（改善）
  - Overconfidence Analysis可視化を保存: /home/daiki_shibata/pj/QPP4SIP/LogReg/LASSO/outputs/AmbigNQ/post_bert/clarity_ns50_nqc_smv_wig_bert/graphs/overconfidence_analysis.png
  - Overconfidence Analysis可視化を保存しました
  - Overconfidence Analysis結果を保存: /home/daiki_shibata/pj/QPP4SIP/LogReg/LASSO/outputs/AmbigNQ/post_bert/clarity_ns50_nqc_smv_wig_bert/csv/overconfidence_analysis.csv

結果をファイルに保存しました: /home/daiki_shibata/pj/QPP4SIP/LogReg/LASSO/outputs/AmbigNQ/post_bert/clarity_ns50_nqc_smv_wig_bert/results.txt

================================================================================
全てのモデルタイプを実行して比較します
================================================================================

L1:
  Accuracy: 0.6332
  F1 Score: 0.6269
  AUC-ROC: 0.6866
  Average Precision: 0.6640

  --- L1 モデルのDeLong検定を実行中 ---
  単体指標の最高ROC: bert_logit_clarification (AUC = 0.6836)
  回帰モデルのROC: AUC = 0.6866

  DeLongの検定結果:
    モデルA (L1): AUC = 0.6866
    モデルB (単体指標 bert_logit_clarification): AUC = 0.6836
    AUC差: 0.0030
    Z統計量: 3.3403
    p値: 0.0008
    有意差: あり (α=0.05)

  === 各指標とモデルの比較表 ===

Metric	AUC-ROC	AUC-PR	p-value
NQC	0.5108	0.4935	-
Clarity	0.5471	0.5181	-
WIG	0.5092	0.4947	-
SMV	0.5098	0.4930	-
n(σ%)	0.5198	0.4998	-
BERT	0.6836	0.6614	-
L1	0.6866	0.6640	0.0008

  - DeLongの検定結果を保存: /home/daiki_shibata/pj/QPP4SIP/LogReg/LASSO/outputs/AmbigNQ/post_bert/clarity_ns50_nqc_smv_wig_bert/delong/delong_test_l1.csv
  - 比較表を保存: /home/daiki_shibata/pj/QPP4SIP/LogReg/LASSO/outputs/AmbigNQ/post_bert/clarity_ns50_nqc_smv_wig_bert/delong/comparison_table_l1.csv

L2:
  Accuracy: 0.6325
  F1 Score: 0.6260
  AUC-ROC: 0.6866
  Average Precision: 0.6641

  --- L2 モデルのDeLong検定を実行中 ---
  単体指標の最高ROC: bert_logit_clarification (AUC = 0.6836)
  回帰モデルのROC: AUC = 0.6866

  DeLongの検定結果:
    モデルA (L2): AUC = 0.6866
    モデルB (単体指標 bert_logit_clarification): AUC = 0.6836
    AUC差: 0.0030
    Z統計量: 3.2885
    p値: 0.0010
    有意差: あり (α=0.05)

  === 各指標とモデルの比較表 ===

Metric	AUC-ROC	AUC-PR	p-value
NQC	0.5108	0.4935	-
Clarity	0.5471	0.5181	-
WIG	0.5092	0.4947	-
SMV	0.5098	0.4930	-
n(σ%)	0.5198	0.4998	-
BERT	0.6836	0.6614	-
L2	0.6866	0.6641	0.0010

  - DeLongの検定結果を保存: /home/daiki_shibata/pj/QPP4SIP/LogReg/LASSO/outputs/AmbigNQ/post_bert/clarity_ns50_nqc_smv_wig_bert/delong/delong_test_l2.csv
  - 比較表を保存: /home/daiki_shibata/pj/QPP4SIP/LogReg/LASSO/outputs/AmbigNQ/post_bert/clarity_ns50_nqc_smv_wig_bert/delong/comparison_table_l2.csv

ElasticNet:
  Accuracy: 0.6329
  F1 Score: 0.6264
  AUC-ROC: 0.6866
  Average Precision: 0.6640

  --- ElasticNet モデルのDeLong検定を実行中 ---
  単体指標の最高ROC: bert_logit_clarification (AUC = 0.6836)
  回帰モデルのROC: AUC = 0.6866

  DeLongの検定結果:
    モデルA (ElasticNet): AUC = 0.6866
    モデルB (単体指標 bert_logit_clarification): AUC = 0.6836
    AUC差: 0.0030
    Z統計量: 3.3082
    p値: 0.0009
    有意差: あり (α=0.05)

  === 各指標とモデルの比較表 ===

Metric	AUC-ROC	AUC-PR	p-value
NQC	0.5108	0.4935	-
Clarity	0.5471	0.5181	-
WIG	0.5092	0.4947	-
SMV	0.5098	0.4930	-
n(σ%)	0.5198	0.4998	-
BERT	0.6836	0.6614	-
ElasticNet	0.6866	0.6640	0.0009

  - DeLongの検定結果を保存: /home/daiki_shibata/pj/QPP4SIP/LogReg/LASSO/outputs/AmbigNQ/post_bert/clarity_ns50_nqc_smv_wig_bert/delong/delong_test_elasticnet.csv
  - 比較表を保存: /home/daiki_shibata/pj/QPP4SIP/LogReg/LASSO/outputs/AmbigNQ/post_bert/clarity_ns50_nqc_smv_wig_bert/delong/comparison_table_elasticnet.csv

No Penalty:
  Accuracy: 0.6336
  F1 Score: 0.6269
  AUC-ROC: 0.6865
  Average Precision: 0.6639

  --- No Penalty モデルのDeLong検定を実行中 ---
  単体指標の最高ROC: bert_logit_clarification (AUC = 0.6836)
  回帰モデルのROC: AUC = 0.6865

  DeLongの検定結果:
    モデルA (No Penalty): AUC = 0.6865
    モデルB (単体指標 bert_logit_clarification): AUC = 0.6836
    AUC差: 0.0029
    Z統計量: 2.9454
    p値: 0.0032
    有意差: あり (α=0.05)

  === 各指標とモデルの比較表 ===

Metric	AUC-ROC	AUC-PR	p-value
NQC	0.5108	0.4935	-
Clarity	0.5471	0.5181	-
WIG	0.5092	0.4947	-
SMV	0.5098	0.4930	-
n(σ%)	0.5198	0.4998	-
BERT	0.6836	0.6614	-
No Penalty	0.6865	0.6639	0.0032

  - DeLongの検定結果を保存: /home/daiki_shibata/pj/QPP4SIP/LogReg/LASSO/outputs/AmbigNQ/post_bert/clarity_ns50_nqc_smv_wig_bert/delong/delong_test_none.csv
  - 比較表を保存: /home/daiki_shibata/pj/QPP4SIP/LogReg/LASSO/outputs/AmbigNQ/post_bert/clarity_ns50_nqc_smv_wig_bert/delong/comparison_table_none.csv

BOLASSO:
  Accuracy: 0.6332
  F1 Score: 0.6269
  AUC-ROC: 0.6866
  Average Precision: 0.6640

  --- BOLASSO モデルのDeLong検定を実行中 ---
  単体指標の最高ROC: bert_logit_clarification (AUC = 0.6836)
  回帰モデルのROC: AUC = 0.6866

  DeLongの検定結果:
    モデルA (BOLASSO): AUC = 0.6866
    モデルB (単体指標 bert_logit_clarification): AUC = 0.6836
    AUC差: 0.0030
    Z統計量: 3.3403
    p値: 0.0008
    有意差: あり (α=0.05)

  === 各指標とモデルの比較表 ===

Metric	AUC-ROC	AUC-PR	p-value
NQC	0.5108	0.4935	-
Clarity	0.5471	0.5181	-
WIG	0.5092	0.4947	-
SMV	0.5098	0.4930	-
n(σ%)	0.5198	0.4998	-
BERT	0.6836	0.6614	-
BOLASSO	0.6866	0.6640	0.0008

  - DeLongの検定結果を保存: /home/daiki_shibata/pj/QPP4SIP/LogReg/LASSO/outputs/AmbigNQ/post_bert/clarity_ns50_nqc_smv_wig_bert/delong/delong_test_bolasso.csv
  - 比較表を保存: /home/daiki_shibata/pj/QPP4SIP/LogReg/LASSO/outputs/AmbigNQ/post_bert/clarity_ns50_nqc_smv_wig_bert/delong/comparison_table_bolasso.csv

LARS-Traps:
  Accuracy: 0.6325
  F1 Score: 0.6260
  AUC-ROC: 0.6866
  Average Precision: 0.6641

  --- LARS-Traps モデルのDeLong検定を実行中 ---
  単体指標の最高ROC: bert_logit_clarification (AUC = 0.6836)
  回帰モデルのROC: AUC = 0.6866

  DeLongの検定結果:
    モデルA (LARS-Traps): AUC = 0.6866
    モデルB (単体指標 bert_logit_clarification): AUC = 0.6836
    AUC差: 0.0030
    Z統計量: 3.2885
    p値: 0.0010
    有意差: あり (α=0.05)

  === 各指標とモデルの比較表 ===

Metric	AUC-ROC	AUC-PR	p-value
NQC	0.5108	0.4935	-
Clarity	0.5471	0.5181	-
WIG	0.5092	0.4947	-
SMV	0.5098	0.4930	-
n(σ%)	0.5198	0.4998	-
BERT	0.6836	0.6614	-
LARS-Traps	0.6866	0.6641	0.0010

  - DeLongの検定結果を保存: /home/daiki_shibata/pj/QPP4SIP/LogReg/LASSO/outputs/AmbigNQ/post_bert/clarity_ns50_nqc_smv_wig_bert/delong/delong_test_lars_traps.csv
  - 比較表を保存: /home/daiki_shibata/pj/QPP4SIP/LogReg/LASSO/outputs/AmbigNQ/post_bert/clarity_ns50_nqc_smv_wig_bert/delong/comparison_table_lars_traps.csv

LARS-CV:
  Accuracy: 0.6334
  F1 Score: 0.6270
  AUC-ROC: 0.6865
  Average Precision: 0.6640

  --- LARS-CV モデルのDeLong検定を実行中 ---
  単体指標の最高ROC: bert_logit_clarification (AUC = 0.6836)
  回帰モデルのROC: AUC = 0.6865

  DeLongの検定結果:
    モデルA (LARS-CV): AUC = 0.6865
    モデルB (単体指標 bert_logit_clarification): AUC = 0.6836
    AUC差: 0.0029
    Z統計量: 3.1684
    p値: 0.0015
    有意差: あり (α=0.05)

  === 各指標とモデルの比較表 ===

Metric	AUC-ROC	AUC-PR	p-value
NQC	0.5108	0.4935	-
Clarity	0.5471	0.5181	-
WIG	0.5092	0.4947	-
SMV	0.5098	0.4930	-
n(σ%)	0.5198	0.4998	-
BERT	0.6836	0.6614	-
LARS-CV	0.6865	0.6640	0.0015

  - DeLongの検定結果を保存: /home/daiki_shibata/pj/QPP4SIP/LogReg/LASSO/outputs/AmbigNQ/post_bert/clarity_ns50_nqc_smv_wig_bert/delong/delong_test_lars_cv.csv
  - 比較表を保存: /home/daiki_shibata/pj/QPP4SIP/LogReg/LASSO/outputs/AmbigNQ/post_bert/clarity_ns50_nqc_smv_wig_bert/delong/comparison_table_lars_cv.csv

RandomForest:
  Accuracy: 0.6149
  F1 Score: 0.5976
  AUC-ROC: 0.6540
  Average Precision: 0.6223

  --- RandomForest モデルのDeLong検定を実行中 ---
  単体指標の最高ROC: bert_logit_clarification (AUC = 0.6836)
  回帰モデルのROC: AUC = 0.6540

  DeLongの検定結果:
    モデルA (RandomForest): AUC = 0.6540
    モデルB (単体指標 bert_logit_clarification): AUC = 0.6836
    AUC差: -0.0296
    Z統計量: -8.5225
    p値: 0.0000
    有意差: あり (α=0.05)

  === 各指標とモデルの比較表 ===

Metric	AUC-ROC	AUC-PR	p-value
NQC	0.5108	0.4935	-
Clarity	0.5471	0.5181	-
WIG	0.5092	0.4947	-
SMV	0.5098	0.4930	-
n(σ%)	0.5198	0.4998	-
BERT	0.6836	0.6614	-
RandomForest	0.6540	0.6223	0.00e+00

  - DeLongの検定結果を保存: /home/daiki_shibata/pj/QPP4SIP/LogReg/LASSO/outputs/AmbigNQ/post_bert/clarity_ns50_nqc_smv_wig_bert/delong/delong_test_randomforest.csv
  - 比較表を保存: /home/daiki_shibata/pj/QPP4SIP/LogReg/LASSO/outputs/AmbigNQ/post_bert/clarity_ns50_nqc_smv_wig_bert/delong/comparison_table_randomforest.csv

================================================================================
全モデル統合比較表を作成中...
================================================================================

=== 全モデル統合比較表 ===
Metric	AUC-ROC	AUC-PR	p-value
BERT	0.6836	0.6614	-
Clarity	0.5475	0.5185	-
n(σ%)	0.5201	0.5001	-
NQC	0.5111	0.4939	-
SMV	0.5100	0.4931	-
WIG	0.5101	0.4957	-
L1 Logistic Regression	0.6866	0.6640	0.0008
L2 Logistic Regression	0.6866	0.6641	0.0010
E-Net	0.6866	0.6640	0.0009
No Penalty Logistic Regression	0.6865	0.6639	0.0032
BOLASSO	0.6866	0.6640	0.0008
LARS-Traps	0.6866	0.6641	0.0010
LARS-CV	0.6865	0.6640	0.0015
Random Forest	0.6540	0.6223	0.00e+00

  - 統合比較表（DeLong検定）を保存: /home/daiki_shibata/pj/QPP4SIP/LogReg/LASSO/outputs/AmbigNQ/post_bert/clarity_ns50_nqc_smv_wig_bert/delong/comprehensive_comparison_table.csv

================================================================================
モデル比較グラフを描画中...
================================================================================
  - 保存先: /home/daiki_shibata/pj/QPP4SIP/LogReg/LASSO/outputs/AmbigNQ/post_bert/clarity_ns50_nqc_smv_wig_bert/graphs/roc_curves_comparison.png
  - 保存先: /home/daiki_shibata/pj/QPP4SIP/LogReg/LASSO/outputs/AmbigNQ/post_bert/clarity_ns50_nqc_smv_wig_bert/graphs/pr_curves_comparison.png
  - 比較表を保存: /home/daiki_shibata/pj/QPP4SIP/LogReg/LASSO/outputs/AmbigNQ/post_bert/clarity_ns50_nqc_smv_wig_bert/graphs/models_comparison.csv
  - モデル比較グラフを保存しました

結果をファイルに保存しました（全モデル実行結果を含む）: /home/daiki_shibata/pj/QPP4SIP/LogReg/LASSO/outputs/AmbigNQ/post_bert/clarity_ns50_nqc_smv_wig_bert/results.txt

=== 完了 ===
