NSP top_k値: 50 (trainとdevで共通)
使用する特徴量タイプ: post, roberta
=== allによるclarification分類 ===

データセット: AmbigNQ
検索手法: bm25
使用する特徴量: QPPスコア（post + base）
  設定: --feature-typesで指定
モデルタイプ: all
ラベル分布の調整: 無効
非負制約: 無効
クロスバリデーション: 無効
正規化方法: 訓練データの統計量で[0,1]正規化（Min-Max）（通常）

1. データ読み込み中...

【ラベル抽出のデバッグ情報】
response_type別の分布:
  clarification: 総数=4747, ラベル0=0, ラベル1=4747
  directAnswer: 総数=5289, ラベル0=5289, ラベル1=0
総ラベル分布: 0=5289, 1=4747

  - 訓練データ: 10036 サンプル
Loaded 10036 nqc scores for train
Loaded 10036 clarity scores for train
Loaded 10036 wig scores for train
Loaded 10036 smv scores for train
Loaded 10036 n_sigma_50 scores for train
  - nqc: 10036 サンプル
  - clarity: 10036 サンプル
  - wig: 10036 サンプル
  - smv: 10036 サンプル
  - n_sigma_50: 10036 サンプル
Loaded 10036 roberta_logit_clarification scores for train (experiment: AmbigNQ_roberta-base_lr2e-05_bs16_earlystop_kfold5)
  - roberta_logit_clarification: 10036 サンプル

【ラベル抽出のデバッグ情報】
response_type別の分布:
  clarification: 総数=1070, ラベル0=0, ラベル1=1070
  directAnswer: 総数=932, ラベル0=932, ラベル1=0
総ラベル分布: 0=932, 1=1070

  - テストデータ: 2002 サンプル
Loaded 2002 nqc scores for dev
Loaded 2002 clarity scores for dev
Loaded 2002 wig scores for dev
Loaded 2002 smv scores for dev
Loaded 2002 n_sigma_50 scores for dev
  - nqc: 2002 サンプル
  - clarity: 2002 サンプル
  - wig: 2002 サンプル
  - smv: 2002 サンプル
  - n_sigma_50: 2002 サンプル
Loaded 2002 roberta_logit_clarification scores for dev (experiment: AmbigNQ_roberta-base_lr2e-05_bs16_earlystop_kfold5)
  - roberta_logit_clarification: 2002 サンプル

2. 特徴量マージ中...
  - 訓練データ: 10036 サンプル, 6 特徴量
  - テストデータ: 2002 サンプル, 6 特徴量
  - 特徴量: ['nqc', 'clarity', 'wig', 'smv', 'n_sigma_50', 'roberta_logit_clarification']
  - 訓練データのラベル分布: {0: 5289, 1: 4747}
  - テストデータのラベル分布: {1: 1070, 0: 932}

2.5. ラベル分布の調整: スキップ（--balance-label-distribution が指定されていません）

【データ分布の確認（正規化前）】
訓練データの特徴量統計（正規化前）:
                nqc       clarity           wig           smv    n_sigma_50  roberta_logit_clarification
count  10036.000000  10036.000000  10036.000000  10036.000000  10036.000000                 10036.000000
mean       0.084389      1.836456      1.436667      1.345731      0.338061                     0.025202
std        0.040319      0.606981      0.834221      2.316719      0.195326                     0.545888
min        0.005616      0.989569      0.118538      0.008022      0.031667                    -1.736121
25%        0.058028      1.406102      0.901668      0.391550      0.208316                    -0.303432
50%        0.073634      1.642114      1.200016      0.718214      0.282851                     0.044639
75%        0.099327      2.102703      1.705920      1.443224      0.406943                     0.365884
max        0.527860      5.773234     15.658454    100.404180      1.976622                     1.592309

テストデータの特徴量統計（正規化前）:
               nqc      clarity          wig          smv   n_sigma_50  roberta_logit_clarification
count  2002.000000  2002.000000  2002.000000  2002.000000  2002.000000                  2002.000000
mean      0.085546     1.842533     1.458815     1.386211     0.340876                     0.016996
std       0.041053     0.603362     0.859131     2.223310     0.191071                     0.464239
min       0.020533     1.017143     0.257861     0.026283     0.054041                    -1.152336
25%       0.058682     1.401132     0.912853     0.406373     0.211617                    -0.319536
50%       0.074128     1.652780     1.216525     0.739774     0.285173                     0.038689
75%       0.100134     2.129401     1.752601     1.524935     0.412944                     0.355017
max       0.367395     5.424921    10.924583    52.220148     1.519135                     1.144608

訓練データのラベル分布: {0: 5289, 1: 4747} (正例率: 0.4730)
テストデータのラベル分布: {1: 1070, 0: 932} (正例率: 0.5345)

3. [0,1]正規化（Min-Max）中...
  - 方法: 訓練データの統計量でテストデータも正規化（通常）
  - 正規化完了

【データ分布の確認（正規化後）】
訓練データの特徴量統計（正規化後）:
                nqc       clarity           wig           smv    n_sigma_50  roberta_logit_clarification
count  10036.000000  10036.000000  10036.000000  10036.000000  10036.000000                 10036.000000
mean       0.150835      0.177037      0.084822      0.013324      0.157533                     0.529175
std        0.077203      0.126886      0.053682      0.023076      0.100427                     0.164008
min        0.000000      0.000000      0.000000      0.000000      0.000000                     0.000000
25%        0.100359      0.087074      0.050395      0.003820      0.090824                     0.430440
50%        0.130242      0.136411      0.069594      0.007074      0.129147                     0.535015
75%        0.179439      0.232695      0.102149      0.014295      0.192949                     0.631530
max        1.000000      1.000000      1.000000      1.000000      1.000000                     1.000000

テストデータの特徴量統計（正規化後）:
               nqc      clarity          wig          smv   n_sigma_50  roberta_logit_clarification
count  2002.000000  2002.000000  2002.000000  2002.000000  2002.000000                  2002.000000
mean      0.153051     0.178308     0.086247     0.013728     0.158980                     0.526710
std       0.078609     0.126130     0.055285     0.022145     0.098239                     0.139477
min       0.028563     0.005764     0.008966     0.000182     0.011503                     0.175393
25%       0.101611     0.086035     0.051115     0.003968     0.092522                     0.425601
50%       0.131188     0.138641     0.070656     0.007289     0.130340                     0.533227
75%       0.180983     0.238276     0.105153     0.015109     0.196034                     0.628266
max       0.692740     0.927187     0.695373     0.520061     0.764783                     0.865492

【分布の違いの分析（正規化前）】
nqc:
  平均の差: 訓練=0.0844, テスト=0.0855, 相対差=0.0137
  標準偏差の差: 訓練=0.0403, テスト=0.0411, 相対差=0.0182
clarity:
  平均の差: 訓練=1.8365, テスト=1.8425, 相対差=0.0033
  標準偏差の差: 訓練=0.6070, テスト=0.6034, 相対差=0.0060
wig:
  平均の差: 訓練=1.4367, テスト=1.4588, 相対差=0.0154
  標準偏差の差: 訓練=0.8342, テスト=0.8591, 相対差=0.0299
smv:
  平均の差: 訓練=1.3457, テスト=1.3862, 相対差=0.0301
  標準偏差の差: 訓練=2.3167, テスト=2.2233, 相対差=0.0403
n_sigma_50:
  平均の差: 訓練=0.3381, テスト=0.3409, 相対差=0.0083
  標準偏差の差: 訓練=0.1953, テスト=0.1911, 相対差=0.0218
roberta_logit_clarification:
  平均の差: 訓練=0.0252, テスト=0.0170, 相対差=0.3256
  標準偏差の差: 訓練=0.5459, テスト=0.4642, 相対差=0.1496

【分布の違いの分析（正規化後）】
nqc:
  平均: 訓練=0.150835, テスト=0.153051, 差=0.002216
  標準偏差: 訓練=0.077203, テスト=0.078609, 差=0.001406
clarity:
  平均: 訓練=0.177037, テスト=0.178308, 差=0.001270
  標準偏差: 訓練=0.126886, テスト=0.126130, 差=0.000757
wig:
  平均: 訓練=0.084822, テスト=0.086247, 差=0.001425
  標準偏差: 訓練=0.053682, テスト=0.055285, 差=0.001603
smv:
  平均: 訓練=0.013324, テスト=0.013728, 差=0.000403
  標準偏差: 訓練=0.023076, テスト=0.022145, 差=0.000930
n_sigma_50:
  平均: 訓練=0.157533, テスト=0.158980, 差=0.001447
  標準偏差: 訓練=0.100427, テスト=0.098239, 差=0.002188
roberta_logit_clarification:
  平均: 訓練=0.529175, テスト=0.526710, 差=0.002465
  標準偏差: 訓練=0.164008, テスト=0.139477, 差=0.024531

4. モデル学習中...
  - モデルタイプ: all
  - 学習完了

特徴量の係数:
                    feature  coefficient
roberta_logit_clarification     3.919828
                 n_sigma_50     0.568570
                    clarity    -0.076959
                        nqc     0.000000
                        smv     0.000000
                        wig     0.000000
  - 係数をCSVファイルに保存しました: /home/daiki_shibata/pj/QPP4SIP/LogReg/LASSO/outputs/AmbigNQ/post_bert/clarity_ns50_nqc_smv_wig_rob_bm25/csv/coefficients.csv

5. 評価中...

5.6. 単体指標の最高ROCと回帰モデルのDeLong検定を実行中...
  単体指標の最高ROC: RoBERTa (AUC = 0.7179)
  回帰モデルのROC: AUC = 0.7188

  DeLongの検定結果:
    モデルA (回帰): AUC = 0.7188
    モデルB (単体指標 RoBERTa): AUC = 0.7179
    AUC差: 0.0009
    Z統計量: 0.8524
    p値: 0.3940
    有意差: なし (α=0.05)

  === 各指標とモデルの比較表 ===

Metric	AUC-ROC	AUC-PR	p-value
NQC	0.4372	0.4888	-
Clarity	0.4380	0.4872	-
WIG	0.4583	0.5097	-
SMV	0.4447	0.4956	-
n(σ%)	0.4516	0.4964	-
RoBERTa	0.7179	0.7320	-
ALL Logistic Regression	0.7188	0.7330	0.3940

  - DeLongの検定結果を保存: /home/daiki_shibata/pj/QPP4SIP/LogReg/LASSO/outputs/AmbigNQ/post_bert/clarity_ns50_nqc_smv_wig_rob_bm25/delong/delong_test_single_metric.csv
  - 比較表を保存: /home/daiki_shibata/pj/QPP4SIP/LogReg/LASSO/outputs/AmbigNQ/post_bert/clarity_ns50_nqc_smv_wig_rob_bm25/delong/comparison_table.csv
  - 回帰モデル同士の比較用に予測結果を保存: /home/daiki_shibata/pj/QPP4SIP/LogReg/LASSO/outputs/AmbigNQ/post_bert/clarity_ns50_nqc_smv_wig_rob_bm25/csv/predictions_for_delong.csv

=== 訓練データの評価 ===
Accuracy: 0.6271
F1 Score: 0.6201
AUC-ROC: 0.6706
Average Precision: 0.6340

分類レポート:
                   precision    recall  f1-score   support

not_clarification       0.66      0.61      0.63      5289
    clarification       0.60      0.64      0.62      4747

         accuracy                           0.63     10036
        macro avg       0.63      0.63      0.63     10036
     weighted avg       0.63      0.63      0.63     10036


=== テストデータの評価 ===
Accuracy: 0.6568
F1 Score: 0.6714
AUC-ROC: 0.7188
Average Precision: 0.7330

分類レポート:
                   precision    recall  f1-score   support

not_clarification       0.62      0.66      0.64       932
    clarification       0.69      0.66      0.67      1070

         accuracy                           0.66      2002
        macro avg       0.66      0.66      0.66      2002
     weighted avg       0.66      0.66      0.66      2002


【訓練データとテストデータの評価指標の比較】
Accuracy差: +0.0297 (テスト 高)
F1 Score差: +0.0513 (テスト 高)
AUC-ROC差: +0.0482 (テスト 高)
Average Precision差: +0.0990 (テスト 高)

【注意】テストデータの評価指標が訓練データよりも高い場合、以下の可能性があります:
  1. 訓練データとテストデータの分布が異なる（データ分布のシフト）
  2. ラベル分布の違い（正例率の違い）
  3. モデルが単純で過学習が起きにくい（特徴量が少ない場合など）
  4. テストデータの方が「簡単」なケースが多い可能性

5.5. グラフ描画用にBERT/RoBERTaスコアをtrain全体でFTしたモデルの予測に置き換え中...
Warning: /home/daiki_shibata/pj/QPP4SIP/SIP/FT-PLM/output/AmbigNQ/AmbigNQ_roberta-base_lr2e-05_bs16_earlystop/dev_with_predictions.json not found, skipping AmbigNQ_roberta-base_lr2e-05_bs16_earlystop
  → 実験ディレクトリが存在しないか、ファイル名が異なります
Warning: No available base experiments found. Returning empty base_scores.

6. ROC曲線を描画中...
  - 保存先: /home/daiki_shibata/pj/QPP4SIP/LogReg/LASSO/outputs/AmbigNQ/post_bert/clarity_ns50_nqc_smv_wig_rob_bm25/graphs/roc_curves.png
  - ROC曲線を保存しました

7. Precision-Recall曲線を描画中...
  - 保存先: /home/daiki_shibata/pj/QPP4SIP/LogReg/LASSO/outputs/AmbigNQ/post_bert/clarity_ns50_nqc_smv_wig_rob_bm25/graphs/pr_curves.png
  - PR曲線を保存しました

8. 閾値とF1スコアの関係を描画中...
  - 保存先: /home/daiki_shibata/pj/QPP4SIP/LogReg/LASSO/outputs/AmbigNQ/post_bert/clarity_ns50_nqc_smv_wig_rob_bm25/graphs/threshold_f1_curves.png
  - 閾値とF1スコアの関係を保存しました

9. 特徴量のスコア分布を描画中...
  - 保存先: /home/daiki_shibata/pj/QPP4SIP/LogReg/LASSO/outputs/AmbigNQ/post_bert/clarity_ns50_nqc_smv_wig_rob_bm25/graphs/feature_distributions.png
  - 保存先: /home/daiki_shibata/pj/QPP4SIP/LogReg/LASSO/outputs/AmbigNQ/post_bert/clarity_ns50_nqc_smv_wig_rob_bm25/graphs/feature_distributions_by_label.png
  - 特徴量のスコア分布を保存しました

10. 相関係数ヒートマップを描画中...
testデータのみ使用: 2002サンプル
  - 相関係数ヒートマップを保存しました: /home/daiki_shibata/pj/QPP4SIP/LogReg/LASSO/outputs/AmbigNQ/post_bert/clarity_ns50_nqc_smv_wig_rob_bm25/graphs/correlation_heatmaps.png

=== 相関係数の統計情報 ===
全体のデータ数: 2002

全体の相関係数（ピアソン）:
                                  nqc  ...  roberta_logit_clarification
nqc                          1.000000  ...                    -0.302218
clarity                      0.736089  ...                    -0.312416
wig                          0.847977  ...                    -0.273858
smv                          0.810857  ...                    -0.218944
n_sigma_50                   0.917279  ...                    -0.297686
roberta_logit_clarification -0.302218  ...                     1.000000

[6 rows x 6 columns]

全体の相関係数（スピアマン）:
                                  nqc  ...  roberta_logit_clarification
nqc                          1.000000  ...                    -0.320651
clarity                      0.779279  ...                    -0.314400
wig                          0.829558  ...                    -0.310258
smv                          0.884593  ...                    -0.328424
n_sigma_50                   0.894310  ...                    -0.308335
roberta_logit_clarification -0.320651  ...                     1.000000

[6 rows x 6 columns]

Negativeラベルの相関係数（ピアソン） (データ数: 932):
                                  nqc  ...  roberta_logit_clarification
nqc                          1.000000  ...                    -0.246515
clarity                      0.750128  ...                    -0.252465
wig                          0.835711  ...                    -0.246284
smv                          0.787338  ...                    -0.173345
n_sigma_50                   0.928530  ...                    -0.248684
roberta_logit_clarification -0.246515  ...                     1.000000

[6 rows x 6 columns]

Negativeラベルの相関係数（スピアマン） (データ数: 932):
                                  nqc  ...  roberta_logit_clarification
nqc                          1.000000  ...                    -0.242968
clarity                      0.793554  ...                    -0.259154
wig                          0.821629  ...                    -0.261352
smv                          0.885149  ...                    -0.262804
n_sigma_50                   0.898401  ...                    -0.241220
roberta_logit_clarification -0.242968  ...                     1.000000

[6 rows x 6 columns]

Positiveラベルの相関係数（ピアソン） (データ数: 1070):
                                  nqc  ...  roberta_logit_clarification
nqc                          1.000000  ...                    -0.326800
clarity                      0.714487  ...                    -0.336332
wig                          0.862330  ...                    -0.300506
smv                          0.862581  ...                    -0.265936
n_sigma_50                   0.903181  ...                    -0.329561
roberta_logit_clarification -0.326800  ...                     1.000000

[6 rows x 6 columns]

Positiveラベルの相関係数（スピアマン） (データ数: 1070):
                                  nqc  ...  roberta_logit_clarification
nqc                          1.000000  ...                    -0.352535
clarity                      0.759954  ...                    -0.324717
wig                          0.833076  ...                    -0.344744
smv                          0.880460  ...                    -0.361394
n_sigma_50                   0.888505  ...                    -0.349560
roberta_logit_clarification -0.352535  ...                     1.000000

[6 rows x 6 columns]
  - 相関係数ヒートマップを保存しました

11. Confidence Analysis（確信度分析）を実行中...
Loaded 2002 roberta_prob_clarification probabilities for dev (experiment: AmbigNQ_roberta-base_lr2e-05_bs16_earlystop_kfold5)
  - BERT予測確率を読み込み: roberta_prob_clarification (2002 サンプル)
  - Confidence Analysis可視化を保存: /home/daiki_shibata/pj/QPP4SIP/LogReg/LASSO/outputs/AmbigNQ/post_bert/clarity_ns50_nqc_smv_wig_rob_bm25/graphs/confidence_analysis.png
  - Confidence Analysis可視化を保存しました

  Confidence Analysis結果:
  - BERT確率範囲: [0.4, 0.6]
  - 抽出サンプル数: 635 / 2002
  - 抽出率: 31.72%

  回帰モデル（QPP統合）の評価:
    Accuracy: 0.6740
    F1 Score: 0.6924
    AUC-ROC: 0.7389
    Average Precision: 0.7497

  単体指標（RoBERTa）の評価:
    Accuracy: 0.6724
    F1 Score: 0.6877
    AUC-ROC: 0.7366
    Average Precision: 0.7475

  QPP統合による改善度:
    AUC-ROC改善: +0.0023
    Average Precision改善: +0.0022
    F1 Score改善: +0.0047

  全体データでの改善度との比較:
    全体データ - AUC改善: +0.0009
    Confidence範囲 - AUC改善: +0.0023
    改善度の差: +0.0013

  ✓ QPP統合の効果は、BERTが迷った時（確率0.5付近）により大きくなっています！
  → 「BERTが迷った時の最後の一押し（Tie-breaker）」としてQPPが有効であると主張できます。
  - Confidence Analysis結果を保存: /home/daiki_shibata/pj/QPP4SIP/LogReg/LASSO/outputs/AmbigNQ/post_bert/clarity_ns50_nqc_smv_wig_rob_bm25/csv/confidence_analysis.csv

12. Overconfidence Analysis（過信分析）を実行中...

  False Positive (高確信度で誤分類):
    - サンプル数: 68
    - 回帰モデル 平均予測確率: 0.4637 (std: 0.1194)
    - 単体指標 平均予測確率: 0.4636 (std: 0.1181)
    - 改善度（0からの距離の減少）: -0.0002
    → QPP統合による改善は見られませんでした

  False Negative (高確信度で誤分類):
    - サンプル数: 33
    - 回帰モデル 平均予測確率: 0.5360 (std: 0.1134)
    - 単体指標 平均予測確率: 0.5331 (std: 0.1150)
    - 改善度（1からの距離の減少）: +0.0029
    → QPP統合により、誤分類の予測確率が1に近づいています（改善）
  - Overconfidence Analysis可視化を保存: /home/daiki_shibata/pj/QPP4SIP/LogReg/LASSO/outputs/AmbigNQ/post_bert/clarity_ns50_nqc_smv_wig_rob_bm25/graphs/overconfidence_analysis.png
  - Overconfidence Analysis可視化を保存しました
  - Overconfidence Analysis結果を保存: /home/daiki_shibata/pj/QPP4SIP/LogReg/LASSO/outputs/AmbigNQ/post_bert/clarity_ns50_nqc_smv_wig_rob_bm25/csv/overconfidence_analysis.csv

結果をファイルに保存しました: /home/daiki_shibata/pj/QPP4SIP/LogReg/LASSO/outputs/AmbigNQ/post_bert/clarity_ns50_nqc_smv_wig_rob_bm25/results.txt

================================================================================
全てのモデルタイプを実行して比較します
================================================================================
  - 最初のモデル（L1）の結果を追加（置き換え前）: AUC = 0.7188, AP = 0.7330

--- l1 モデルを実行中 ---
  Accuracy: 0.6568
  F1 Score: 0.6714
  AUC-ROC: 0.7188
  Average Precision: 0.7330

  --- L1 モデルのDeLong検定を実行中 ---
  単体指標の最高ROC: roberta_logit_clarification (AUC = 0.7179)
  回帰モデルのROC: AUC = 0.7188

  DeLongの検定結果:
    モデルA (L1): AUC = 0.7188
    モデルB (単体指標 roberta_logit_clarification): AUC = 0.7179
    AUC差: 0.0009
    Z統計量: 0.8524
    p値: 0.3940
    有意差: なし (α=0.05)

  === 各指標とモデルの比較表 ===

Metric	AUC-ROC	AUC-PR	p-value
NQC	0.4372	0.4888	-
Clarity	0.4380	0.4872	-
WIG	0.4583	0.5097	-
SMV	0.4447	0.4956	-
n(σ%)	0.4516	0.4964	-
RoBERTa	0.7179	0.7320	-
L1	0.7188	0.7330	0.3940

  - DeLongの検定結果を保存: /home/daiki_shibata/pj/QPP4SIP/LogReg/LASSO/outputs/AmbigNQ/post_bert/clarity_ns50_nqc_smv_wig_rob_bm25/delong/delong_test_l1.csv
  - 比較表を保存: /home/daiki_shibata/pj/QPP4SIP/LogReg/LASSO/outputs/AmbigNQ/post_bert/clarity_ns50_nqc_smv_wig_rob_bm25/delong/comparison_table_l1.csv

--- l2 モデルを実行中 ---
  Accuracy: 0.6568
  F1 Score: 0.6711
  AUC-ROC: 0.7177
  Average Precision: 0.7319

  --- L2 モデルのDeLong検定を実行中 ---
  単体指標の最高ROC: roberta_logit_clarification (AUC = 0.7179)
  回帰モデルのROC: AUC = 0.7177

  DeLongの検定結果:
    モデルA (L2): AUC = 0.7177
    モデルB (単体指標 roberta_logit_clarification): AUC = 0.7179
    AUC差: -0.0002
    Z統計量: -0.1550
    p値: 0.8768
    有意差: なし (α=0.05)

  === 各指標とモデルの比較表 ===

Metric	AUC-ROC	AUC-PR	p-value
NQC	0.4372	0.4888	-
Clarity	0.4380	0.4872	-
WIG	0.4583	0.5097	-
SMV	0.4447	0.4956	-
n(σ%)	0.4516	0.4964	-
RoBERTa	0.7179	0.7320	-
L2	0.7177	0.7319	0.8768

  - DeLongの検定結果を保存: /home/daiki_shibata/pj/QPP4SIP/LogReg/LASSO/outputs/AmbigNQ/post_bert/clarity_ns50_nqc_smv_wig_rob_bm25/delong/delong_test_l2.csv
  - 比較表を保存: /home/daiki_shibata/pj/QPP4SIP/LogReg/LASSO/outputs/AmbigNQ/post_bert/clarity_ns50_nqc_smv_wig_rob_bm25/delong/comparison_table_l2.csv

--- elasticnet モデルを実行中 ---
  Accuracy: 0.6563
  F1 Score: 0.6711
  AUC-ROC: 0.7181
  Average Precision: 0.7324

  --- ElasticNet モデルのDeLong検定を実行中 ---
  単体指標の最高ROC: roberta_logit_clarification (AUC = 0.7179)
  回帰モデルのROC: AUC = 0.7181

  DeLongの検定結果:
    モデルA (ElasticNet): AUC = 0.7181
    モデルB (単体指標 roberta_logit_clarification): AUC = 0.7179
    AUC差: 0.0002
    Z統計量: 0.2038
    p値: 0.8385
    有意差: なし (α=0.05)

  === 各指標とモデルの比較表 ===

Metric	AUC-ROC	AUC-PR	p-value
NQC	0.4372	0.4888	-
Clarity	0.4380	0.4872	-
WIG	0.4583	0.5097	-
SMV	0.4447	0.4956	-
n(σ%)	0.4516	0.4964	-
RoBERTa	0.7179	0.7320	-
ElasticNet	0.7181	0.7324	0.8385

  - DeLongの検定結果を保存: /home/daiki_shibata/pj/QPP4SIP/LogReg/LASSO/outputs/AmbigNQ/post_bert/clarity_ns50_nqc_smv_wig_rob_bm25/delong/delong_test_elasticnet.csv
  - 比較表を保存: /home/daiki_shibata/pj/QPP4SIP/LogReg/LASSO/outputs/AmbigNQ/post_bert/clarity_ns50_nqc_smv_wig_rob_bm25/delong/comparison_table_elasticnet.csv

--- none モデルを実行中 ---
  Accuracy: 0.6513
  F1 Score: 0.6663
  AUC-ROC: 0.7130
  Average Precision: 0.7269

  --- No Penalty モデルのDeLong検定を実行中 ---
  単体指標の最高ROC: roberta_logit_clarification (AUC = 0.7179)
  回帰モデルのROC: AUC = 0.7130

  DeLongの検定結果:
    モデルA (No Penalty): AUC = 0.7130
    モデルB (単体指標 roberta_logit_clarification): AUC = 0.7179
    AUC差: -0.0048
    Z統計量: -2.9208
    p値: 0.0035
    有意差: あり (α=0.05)

  === 各指標とモデルの比較表 ===

Metric	AUC-ROC	AUC-PR	p-value
NQC	0.4372	0.4888	-
Clarity	0.4380	0.4872	-
WIG	0.4583	0.5097	-
SMV	0.4447	0.4956	-
n(σ%)	0.4516	0.4964	-
RoBERTa	0.7179	0.7320	-
No Penalty	0.7130	0.7269	0.0035

  - DeLongの検定結果を保存: /home/daiki_shibata/pj/QPP4SIP/LogReg/LASSO/outputs/AmbigNQ/post_bert/clarity_ns50_nqc_smv_wig_rob_bm25/delong/delong_test_none.csv
  - 比較表を保存: /home/daiki_shibata/pj/QPP4SIP/LogReg/LASSO/outputs/AmbigNQ/post_bert/clarity_ns50_nqc_smv_wig_rob_bm25/delong/comparison_table_none.csv

--- bolasso モデルを実行中 ---

  - ブートストラップサンプル数: 100
  - 特徴量選択閾値: 0.50 (50%以上のモデルで選択)
    - 10/100 サンプル完了
    - 20/100 サンプル完了
    - 30/100 サンプル完了
    - 40/100 サンプル完了
    - 50/100 サンプル完了
    - 60/100 サンプル完了
    - 70/100 サンプル完了
    - 80/100 サンプル完了
    - 90/100 サンプル完了
    - 100/100 サンプル完了

  特徴量選択結果:
    - 選択された特徴量: 6/6
    - 選択頻度:
      ✓ roberta_logit_clarification: 100.00% (100/100)
      ✓ n_sigma_50: 96.00% (96/100)
      ✓ clarity: 82.00% (82/100)
      ✓ smv: 51.00% (51/100)
      ✓ nqc: 50.00% (50/100)
      ✓ wig: 50.00% (50/100)
  Accuracy: 0.6568
  F1 Score: 0.6714
  AUC-ROC: 0.7188
  Average Precision: 0.7330

  --- BOLASSO モデルのDeLong検定を実行中 ---
  単体指標の最高ROC: roberta_logit_clarification (AUC = 0.7179)
  回帰モデルのROC: AUC = 0.7188

  DeLongの検定結果:
    モデルA (BOLASSO): AUC = 0.7188
    モデルB (単体指標 roberta_logit_clarification): AUC = 0.7179
    AUC差: 0.0009
    Z統計量: 0.8524
    p値: 0.3940
    有意差: なし (α=0.05)

  === 各指標とモデルの比較表 ===

Metric	AUC-ROC	AUC-PR	p-value
NQC	0.4372	0.4888	-
Clarity	0.4380	0.4872	-
WIG	0.4583	0.5097	-
SMV	0.4447	0.4956	-
n(σ%)	0.4516	0.4964	-
RoBERTa	0.7179	0.7320	-
BOLASSO	0.7188	0.7330	0.3940

  - DeLongの検定結果を保存: /home/daiki_shibata/pj/QPP4SIP/LogReg/LASSO/outputs/AmbigNQ/post_bert/clarity_ns50_nqc_smv_wig_rob_bm25/delong/delong_test_bolasso.csv
  - 比較表を保存: /home/daiki_shibata/pj/QPP4SIP/LogReg/LASSO/outputs/AmbigNQ/post_bert/clarity_ns50_nqc_smv_wig_rob_bm25/delong/comparison_table_bolasso.csv

--- lars_traps モデルを実行中 ---

  - ランダムトラップ数: 10
    - 5/10 トラップ完了
    - 10/10 トラップ完了

  特徴量選択結果:
    - 選択された特徴量: 0/6
    - 選択頻度:
  Accuracy: 0.6568
  F1 Score: 0.6711
  AUC-ROC: 0.7177
  Average Precision: 0.7319

  --- LARS-Traps モデルのDeLong検定を実行中 ---
  単体指標の最高ROC: roberta_logit_clarification (AUC = 0.7179)
  回帰モデルのROC: AUC = 0.7177

  DeLongの検定結果:
    モデルA (LARS-Traps): AUC = 0.7177
    モデルB (単体指標 roberta_logit_clarification): AUC = 0.7179
    AUC差: -0.0002
    Z統計量: -0.1550
    p値: 0.8768
    有意差: なし (α=0.05)

  === 各指標とモデルの比較表 ===

Metric	AUC-ROC	AUC-PR	p-value
NQC	0.4372	0.4888	-
Clarity	0.4380	0.4872	-
WIG	0.4583	0.5097	-
SMV	0.4447	0.4956	-
n(σ%)	0.4516	0.4964	-
RoBERTa	0.7179	0.7320	-
LARS-Traps	0.7177	0.7319	0.8768

  - DeLongの検定結果を保存: /home/daiki_shibata/pj/QPP4SIP/LogReg/LASSO/outputs/AmbigNQ/post_bert/clarity_ns50_nqc_smv_wig_rob_bm25/delong/delong_test_lars_traps.csv
  - 比較表を保存: /home/daiki_shibata/pj/QPP4SIP/LogReg/LASSO/outputs/AmbigNQ/post_bert/clarity_ns50_nqc_smv_wig_rob_bm25/delong/comparison_table_lars_traps.csv

--- lars_cv モデルを実行中 ---

  - LARS-CVで選択された特徴量: 6/6
  - 選択された特徴量: ['nqc', 'clarity', 'wig', 'smv', 'n_sigma_50', 'roberta_logit_clarification']
  Accuracy: 0.6568
  F1 Score: 0.6711
  AUC-ROC: 0.7177
  Average Precision: 0.7319

  --- LARS-CV モデルのDeLong検定を実行中 ---
  単体指標の最高ROC: roberta_logit_clarification (AUC = 0.7179)
  回帰モデルのROC: AUC = 0.7177

  DeLongの検定結果:
    モデルA (LARS-CV): AUC = 0.7177
    モデルB (単体指標 roberta_logit_clarification): AUC = 0.7179
    AUC差: -0.0002
    Z統計量: -0.1550
    p値: 0.8768
    有意差: なし (α=0.05)

  === 各指標とモデルの比較表 ===

Metric	AUC-ROC	AUC-PR	p-value
NQC	0.4372	0.4888	-
Clarity	0.4380	0.4872	-
WIG	0.4583	0.5097	-
SMV	0.4447	0.4956	-
n(σ%)	0.4516	0.4964	-
RoBERTa	0.7179	0.7320	-
LARS-CV	0.7177	0.7319	0.8768

  - DeLongの検定結果を保存: /home/daiki_shibata/pj/QPP4SIP/LogReg/LASSO/outputs/AmbigNQ/post_bert/clarity_ns50_nqc_smv_wig_rob_bm25/delong/delong_test_lars_cv.csv
  - 比較表を保存: /home/daiki_shibata/pj/QPP4SIP/LogReg/LASSO/outputs/AmbigNQ/post_bert/clarity_ns50_nqc_smv_wig_rob_bm25/delong/comparison_table_lars_cv.csv

--- randomforest モデルを実行中 ---
  Accuracy: 0.6164
  F1 Score: 0.5987
  AUC-ROC: 0.6674
  Average Precision: 0.6749

  --- RandomForest モデルのDeLong検定を実行中 ---
  単体指標の最高ROC: roberta_logit_clarification (AUC = 0.7179)
  回帰モデルのROC: AUC = 0.6674

  DeLongの検定結果:
    モデルA (RandomForest): AUC = 0.6674
    モデルB (単体指標 roberta_logit_clarification): AUC = 0.7179
    AUC差: -0.0505
    Z統計量: -5.5747
    p値: 0.0000
    有意差: あり (α=0.05)

  === 各指標とモデルの比較表 ===

Metric	AUC-ROC	AUC-PR	p-value
NQC	0.4372	0.4888	-
Clarity	0.4380	0.4872	-
WIG	0.4583	0.5097	-
SMV	0.4447	0.4956	-
n(σ%)	0.4516	0.4964	-
RoBERTa	0.7179	0.7320	-
RandomForest	0.6674	0.6749	2.48e-08

  - DeLongの検定結果を保存: /home/daiki_shibata/pj/QPP4SIP/LogReg/LASSO/outputs/AmbigNQ/post_bert/clarity_ns50_nqc_smv_wig_rob_bm25/delong/delong_test_randomforest.csv
  - 比較表を保存: /home/daiki_shibata/pj/QPP4SIP/LogReg/LASSO/outputs/AmbigNQ/post_bert/clarity_ns50_nqc_smv_wig_rob_bm25/delong/comparison_table_randomforest.csv

================================================================================
全モデル統合比較表を作成中...
================================================================================

=== 全モデル統合比較表 ===
Metric	AUC-ROC	AUC-PR	p-value
Clarity	0.4380	0.4872	-
n(σ%)	0.4516	0.4964	-
NQC	0.4372	0.4888	-
RoBERTa	0.7179	0.7320	-
SMV	0.4447	0.4956	-
WIG	0.4583	0.5097	-
L1 Logistic Regression	0.7188	0.7330	0.3940
L2 Logistic Regression	0.7177	0.7319	0.8768
E-Net	0.7181	0.7324	0.8385
No Penalty Logistic Regression	0.7130	0.7269	0.0035
BOLASSO	0.7188	0.7330	0.3940
LARS-Traps	0.7177	0.7319	0.8768
LARS-CV	0.7177	0.7319	0.8768
Random Forest	0.6674	0.6749	2.48e-08

  - 統合比較表（DeLong検定）を保存: /home/daiki_shibata/pj/QPP4SIP/LogReg/LASSO/outputs/AmbigNQ/post_bert/clarity_ns50_nqc_smv_wig_rob_bm25/delong/comprehensive_comparison_table.csv

================================================================================
モデル比較グラフを描画中...
================================================================================
  - 保存先: /home/daiki_shibata/pj/QPP4SIP/LogReg/LASSO/outputs/AmbigNQ/post_bert/clarity_ns50_nqc_smv_wig_rob_bm25/graphs/roc_curves_comparison.png
  - 保存先: /home/daiki_shibata/pj/QPP4SIP/LogReg/LASSO/outputs/AmbigNQ/post_bert/clarity_ns50_nqc_smv_wig_rob_bm25/graphs/pr_curves_comparison.png
  - 比較表を保存: /home/daiki_shibata/pj/QPP4SIP/LogReg/LASSO/outputs/AmbigNQ/post_bert/clarity_ns50_nqc_smv_wig_rob_bm25/graphs/models_comparison.csv
  - モデル比較グラフを保存しました

結果をファイルに保存しました（全モデル実行結果を含む）: /home/daiki_shibata/pj/QPP4SIP/LogReg/LASSO/outputs/AmbigNQ/post_bert/clarity_ns50_nqc_smv_wig_rob_bm25/results.txt

=== results.csvを生成中 ===
  - results.csvを保存しました: /home/daiki_shibata/pj/QPP4SIP/LogReg/LASSO/outputs/AmbigNQ/post_bert/clarity_ns50_nqc_smv_wig_rob_bm25/csv/results.csv
  - 行数: 2002, 列数: 11
  - カラム: label, Clarity, NQC, RoBERTa, SMV, WIG, nSigma, ENet, L1, L2, LogReg

=== 完了 ===
