NSP top_k値: 50 (trainとdevで共通)
使用する特徴量タイプ: post
=== allによるclarification分類 ===

データセット: AmbigNQ
検索手法: bm25
使用する特徴量: QPPスコア（post）
  設定: --feature-typesで指定
モデルタイプ: all
ラベル分布の調整: 無効
非負制約: 無効
クロスバリデーション: 無効
正規化方法: 訓練データの統計量で[0,1]正規化（Min-Max）（通常）

1. データ読み込み中...

【ラベル抽出のデバッグ情報】
response_type別の分布:
  clarification: 総数=4747, ラベル0=0, ラベル1=4747
  directAnswer: 総数=5289, ラベル0=5289, ラベル1=0
総ラベル分布: 0=5289, 1=4747

  - 訓練データ: 10036 サンプル
Loaded 10036 nqc scores for train
Loaded 10036 clarity scores for train
Loaded 10036 wig scores for train
Loaded 10036 smv scores for train
Loaded 10036 n_sigma_50 scores for train
  - nqc: 10036 サンプル
  - clarity: 10036 サンプル
  - wig: 10036 サンプル
  - smv: 10036 サンプル
  - n_sigma_50: 10036 サンプル

【ラベル抽出のデバッグ情報】
response_type別の分布:
  clarification: 総数=1070, ラベル0=0, ラベル1=1070
  directAnswer: 総数=932, ラベル0=932, ラベル1=0
総ラベル分布: 0=932, 1=1070

  - テストデータ: 2002 サンプル
Loaded 2002 nqc scores for dev
Loaded 2002 clarity scores for dev
Loaded 2002 wig scores for dev
Loaded 2002 smv scores for dev
Loaded 2002 n_sigma_50 scores for dev
  - nqc: 2002 サンプル
  - clarity: 2002 サンプル
  - wig: 2002 サンプル
  - smv: 2002 サンプル
  - n_sigma_50: 2002 サンプル

2. 特徴量マージ中...
  - 訓練データ: 10036 サンプル, 5 特徴量
  - テストデータ: 2002 サンプル, 5 特徴量
  - 特徴量: ['nqc', 'clarity', 'wig', 'smv', 'n_sigma_50']
  - 訓練データのラベル分布: {0: 5289, 1: 4747}
  - テストデータのラベル分布: {1: 1070, 0: 932}

2.5. ラベル分布の調整: スキップ（--balance-label-distribution が指定されていません）

【データ分布の確認（正規化前）】
訓練データの特徴量統計（正規化前）:
                nqc       clarity           wig           smv    n_sigma_50
count  10036.000000  10036.000000  10036.000000  10036.000000  10036.000000
mean       0.084389      1.836456      1.436667      1.345731      0.338061
std        0.040319      0.606981      0.834221      2.316719      0.195326
min        0.005616      0.989569      0.118538      0.008022      0.031667
25%        0.058028      1.406102      0.901668      0.391550      0.208316
50%        0.073634      1.642114      1.200016      0.718214      0.282851
75%        0.099327      2.102703      1.705920      1.443224      0.406943
max        0.527860      5.773234     15.658454    100.404180      1.976622

テストデータの特徴量統計（正規化前）:
               nqc      clarity          wig          smv   n_sigma_50
count  2002.000000  2002.000000  2002.000000  2002.000000  2002.000000
mean      0.085546     1.842533     1.458815     1.386211     0.340876
std       0.041053     0.603362     0.859131     2.223310     0.191071
min       0.020533     1.017143     0.257861     0.026283     0.054041
25%       0.058682     1.401132     0.912853     0.406373     0.211617
50%       0.074128     1.652780     1.216525     0.739774     0.285173
75%       0.100134     2.129401     1.752601     1.524935     0.412944
max       0.367395     5.424921    10.924583    52.220148     1.519135

訓練データのラベル分布: {0: 5289, 1: 4747} (正例率: 0.4730)
テストデータのラベル分布: {1: 1070, 0: 932} (正例率: 0.5345)

3. [0,1]正規化（Min-Max）中...
  - 方法: 訓練データの統計量でテストデータも正規化（通常）
  - 正規化完了

【データ分布の確認（正規化後）】
訓練データの特徴量統計（正規化後）:
                nqc       clarity           wig           smv    n_sigma_50
count  10036.000000  10036.000000  10036.000000  10036.000000  10036.000000
mean       0.150835      0.177037      0.084822      0.013324      0.157533
std        0.077203      0.126886      0.053682      0.023076      0.100427
min        0.000000      0.000000      0.000000      0.000000      0.000000
25%        0.100359      0.087074      0.050395      0.003820      0.090824
50%        0.130242      0.136411      0.069594      0.007074      0.129147
75%        0.179439      0.232695      0.102149      0.014295      0.192949
max        1.000000      1.000000      1.000000      1.000000      1.000000

テストデータの特徴量統計（正規化後）:
               nqc      clarity          wig          smv   n_sigma_50
count  2002.000000  2002.000000  2002.000000  2002.000000  2002.000000
mean      0.153051     0.178308     0.086247     0.013728     0.158980
std       0.078609     0.126130     0.055285     0.022145     0.098239
min       0.028563     0.005764     0.008966     0.000182     0.011503
25%       0.101611     0.086035     0.051115     0.003968     0.092522
50%       0.131188     0.138641     0.070656     0.007289     0.130340
75%       0.180983     0.238276     0.105153     0.015109     0.196034
max       0.692740     0.927187     0.695373     0.520061     0.764783

【分布の違いの分析（正規化前）】
nqc:
  平均の差: 訓練=0.0844, テスト=0.0855, 相対差=0.0137
  標準偏差の差: 訓練=0.0403, テスト=0.0411, 相対差=0.0182
clarity:
  平均の差: 訓練=1.8365, テスト=1.8425, 相対差=0.0033
  標準偏差の差: 訓練=0.6070, テスト=0.6034, 相対差=0.0060
wig:
  平均の差: 訓練=1.4367, テスト=1.4588, 相対差=0.0154
  標準偏差の差: 訓練=0.8342, テスト=0.8591, 相対差=0.0299
smv:
  平均の差: 訓練=1.3457, テスト=1.3862, 相対差=0.0301
  標準偏差の差: 訓練=2.3167, テスト=2.2233, 相対差=0.0403
n_sigma_50:
  平均の差: 訓練=0.3381, テスト=0.3409, 相対差=0.0083
  標準偏差の差: 訓練=0.1953, テスト=0.1911, 相対差=0.0218

【分布の違いの分析（正規化後）】
nqc:
  平均: 訓練=0.150835, テスト=0.153051, 差=0.002216
  標準偏差: 訓練=0.077203, テスト=0.078609, 差=0.001406
clarity:
  平均: 訓練=0.177037, テスト=0.178308, 差=0.001270
  標準偏差: 訓練=0.126886, テスト=0.126130, 差=0.000757
wig:
  平均: 訓練=0.084822, テスト=0.086247, 差=0.001425
  標準偏差: 訓練=0.053682, テスト=0.055285, 差=0.001603
smv:
  平均: 訓練=0.013324, テスト=0.013728, 差=0.000403
  標準偏差: 訓練=0.023076, テスト=0.022145, 差=0.000930
n_sigma_50:
  平均: 訓練=0.157533, テスト=0.158980, 差=0.001447
  標準偏差: 訓練=0.100427, テスト=0.098239, 差=0.002188

4. モデル学習中...
  - モデルタイプ: all
  - 学習完了

特徴量の係数:
   feature  coefficient
n_sigma_50     1.504200
       wig    -1.136411
   clarity    -0.317281
       nqc    -0.135652
       smv     0.000000
  - 係数をCSVファイルに保存しました: /home/daiki_shibata/pj/QPP4SIP/LogReg/LASSO/outputs/AmbigNQ/post/clarity_ns50_nqc_smv_wig_bm25/csv/coefficients.csv

5. 評価中...

5.6. 単体指標の最高ROCと回帰モデルのDeLong検定を実行中...
  単体指標の最高ROC: WIG (AUC = 0.4583)
  回帰モデルのROC: AUC = 0.4816

  DeLongの検定結果:
    モデルA (回帰): AUC = 0.4816
    モデルB (単体指標 WIG): AUC = 0.4583
    AUC差: 0.0233
    Z統計量: 2.1905
    p値: 0.0285
    有意差: あり (α=0.05)

  === 各指標とモデルの比較表 ===

Metric	AUC-ROC	AUC-PR	p-value
NQC	0.4372	0.4888	-
Clarity	0.4380	0.4872	-
WIG	0.4583	0.5097	-
SMV	0.4447	0.4956	-
n(σ%)	0.4516	0.4964	-
ALL Logistic Regression	0.4816	0.5090	0.0285

  - DeLongの検定結果を保存: /home/daiki_shibata/pj/QPP4SIP/LogReg/LASSO/outputs/AmbigNQ/post/clarity_ns50_nqc_smv_wig_bm25/delong/delong_test_single_metric.csv
  - 比較表を保存: /home/daiki_shibata/pj/QPP4SIP/LogReg/LASSO/outputs/AmbigNQ/post/clarity_ns50_nqc_smv_wig_bm25/delong/comparison_table.csv
  - 回帰モデル同士の比較用に予測結果を保存: /home/daiki_shibata/pj/QPP4SIP/LogReg/LASSO/outputs/AmbigNQ/post/clarity_ns50_nqc_smv_wig_bm25/csv/predictions_for_delong.csv

=== 訓練データの評価 ===
Accuracy: 0.5256
F1 Score: 0.4319
AUC-ROC: 0.5306
Average Precision: 0.4975

分類レポート:
                   precision    recall  f1-score   support

not_clarification       0.54      0.66      0.59      5289
    clarification       0.50      0.38      0.43      4747

         accuracy                           0.53     10036
        macro avg       0.52      0.52      0.51     10036
     weighted avg       0.52      0.53      0.52     10036


=== テストデータの評価 ===
Accuracy: 0.4805
F1 Score: 0.4183
AUC-ROC: 0.4816
Average Precision: 0.5090

分類レポート:
                   precision    recall  f1-score   support

not_clarification       0.46      0.63      0.53       932
    clarification       0.52      0.35      0.42      1070

         accuracy                           0.48      2002
        macro avg       0.49      0.49      0.47      2002
     weighted avg       0.49      0.48      0.47      2002


【訓練データとテストデータの評価指標の比較】
Accuracy差: -0.0451 (テスト 低)
F1 Score差: -0.0136 (テスト 低)
AUC-ROC差: -0.0490 (テスト 低)
Average Precision差: +0.0115 (テスト 高)

【注意】テストデータの評価指標が訓練データよりも高い場合、以下の可能性があります:
  1. 訓練データとテストデータの分布が異なる（データ分布のシフト）
  2. ラベル分布の違い（正例率の違い）
  3. モデルが単純で過学習が起きにくい（特徴量が少ない場合など）
  4. テストデータの方が「簡単」なケースが多い可能性

6. ROC曲線を描画中...
  - 保存先: /home/daiki_shibata/pj/QPP4SIP/LogReg/LASSO/outputs/AmbigNQ/post/clarity_ns50_nqc_smv_wig_bm25/graphs/roc_curves.png
  - ROC曲線を保存しました

7. Precision-Recall曲線を描画中...
  - 保存先: /home/daiki_shibata/pj/QPP4SIP/LogReg/LASSO/outputs/AmbigNQ/post/clarity_ns50_nqc_smv_wig_bm25/graphs/pr_curves.png
  - PR曲線を保存しました

8. 閾値とF1スコアの関係を描画中...
  - 保存先: /home/daiki_shibata/pj/QPP4SIP/LogReg/LASSO/outputs/AmbigNQ/post/clarity_ns50_nqc_smv_wig_bm25/graphs/threshold_f1_curves.png
  - 閾値とF1スコアの関係を保存しました

9. 特徴量のスコア分布を描画中...
  - 保存先: /home/daiki_shibata/pj/QPP4SIP/LogReg/LASSO/outputs/AmbigNQ/post/clarity_ns50_nqc_smv_wig_bm25/graphs/feature_distributions.png
  - 保存先: /home/daiki_shibata/pj/QPP4SIP/LogReg/LASSO/outputs/AmbigNQ/post/clarity_ns50_nqc_smv_wig_bm25/graphs/feature_distributions_by_label.png
  - 特徴量のスコア分布を保存しました

10. 相関係数ヒートマップを描画中...
testデータのみ使用: 2002サンプル
  - 相関係数ヒートマップを保存しました: /home/daiki_shibata/pj/QPP4SIP/LogReg/LASSO/outputs/AmbigNQ/post/clarity_ns50_nqc_smv_wig_bm25/graphs/correlation_heatmaps.png

=== 相関係数の統計情報 ===
全体のデータ数: 2002

全体の相関係数（ピアソン）:
                 nqc   clarity       wig       smv  n_sigma_50
nqc         1.000000  0.736089  0.847977  0.810857    0.917279
clarity     0.736089  1.000000  0.676909  0.591435    0.771262
wig         0.847977  0.676909  1.000000  0.893553    0.917419
smv         0.810857  0.591435  0.893553  1.000000    0.827889
n_sigma_50  0.917279  0.771262  0.917419  0.827889    1.000000

全体の相関係数（スピアマン）:
                 nqc   clarity       wig       smv  n_sigma_50
nqc         1.000000  0.779279  0.829558  0.884593    0.894310
clarity     0.779279  1.000000  0.828280  0.885527    0.873126
wig         0.829558  0.828280  1.000000  0.977805    0.960357
smv         0.884593  0.885527  0.977805  1.000000    0.984021
n_sigma_50  0.894310  0.873126  0.960357  0.984021    1.000000

Negativeラベルの相関係数（ピアソン） (データ数: 932):
                 nqc   clarity       wig       smv  n_sigma_50
nqc         1.000000  0.750128  0.835711  0.787338    0.928530
clarity     0.750128  1.000000  0.665546  0.563051    0.761895
wig         0.835711  0.665546  1.000000  0.879613    0.894102
smv         0.787338  0.563051  0.879613  1.000000    0.795393
n_sigma_50  0.928530  0.761895  0.894102  0.795393    1.000000

Negativeラベルの相関係数（スピアマン） (データ数: 932):
                 nqc   clarity       wig       smv  n_sigma_50
nqc         1.000000  0.793554  0.821629  0.885149    0.898401
clarity     0.793554  1.000000  0.813476  0.885692    0.870319
wig         0.821629  0.813476  1.000000  0.973372    0.952253
smv         0.885149  0.885692  0.973372  1.000000    0.980105
n_sigma_50  0.898401  0.870319  0.952253  0.980105    1.000000

Positiveラベルの相関係数（ピアソン） (データ数: 1070):
                 nqc   clarity       wig       smv  n_sigma_50
nqc         1.000000  0.714487  0.862330  0.862581    0.903181
clarity     0.714487  1.000000  0.687192  0.642511    0.779064
wig         0.862330  0.687192  1.000000  0.943685    0.947294
smv         0.862581  0.642511  0.943685  1.000000    0.889490
n_sigma_50  0.903181  0.779064  0.947294  0.889490    1.000000

Positiveラベルの相関係数（スピアマン） (データ数: 1070):
                 nqc   clarity       wig       smv  n_sigma_50
nqc         1.000000  0.759954  0.833076  0.880460    0.888505
clarity     0.759954  1.000000  0.837380  0.881240    0.872696
wig         0.833076  0.837380  1.000000  0.981401    0.965868
smv         0.880460  0.881240  0.981401  1.000000    0.986927
n_sigma_50  0.888505  0.872696  0.965868  0.986927    1.000000
  - 相関係数ヒートマップを保存しました

11. Confidence Analysis（確信度分析）を実行中...
  ⚠️  警告: BERTの予測確率を読み込めませんでした（BASE_EXPERIMENT_NAMESが設定されていない可能性があります）

結果をファイルに保存しました: /home/daiki_shibata/pj/QPP4SIP/LogReg/LASSO/outputs/AmbigNQ/post/clarity_ns50_nqc_smv_wig_bm25/results.txt

================================================================================
全てのモデルタイプを実行して比較します
================================================================================
  - 最初のモデル（L1）の結果を追加（置き換え前）: AUC = 0.4816, AP = 0.5090

--- l1 モデルを実行中 ---
  Accuracy: 0.4805
  F1 Score: 0.4183
  AUC-ROC: 0.4816
  Average Precision: 0.5090

  --- L1 モデルのDeLong検定を実行中 ---
  単体指標の最高ROC: wig (AUC = 0.4583)
  回帰モデルのROC: AUC = 0.4816

  DeLongの検定結果:
    モデルA (L1): AUC = 0.4816
    モデルB (単体指標 wig): AUC = 0.4583
    AUC差: 0.0233
    Z統計量: 2.1905
    p値: 0.0285
    有意差: あり (α=0.05)

  === 各指標とモデルの比較表 ===

Metric	AUC-ROC	AUC-PR	p-value
NQC	0.4372	0.4888	-
Clarity	0.4380	0.4872	-
WIG	0.4583	0.5097	-
SMV	0.4447	0.4956	-
n(σ%)	0.4516	0.4964	-
L1	0.4816	0.5090	0.0285

  - DeLongの検定結果を保存: /home/daiki_shibata/pj/QPP4SIP/LogReg/LASSO/outputs/AmbigNQ/post/clarity_ns50_nqc_smv_wig_bm25/delong/delong_test_l1.csv
  - 比較表を保存: /home/daiki_shibata/pj/QPP4SIP/LogReg/LASSO/outputs/AmbigNQ/post/clarity_ns50_nqc_smv_wig_bm25/delong/comparison_table_l1.csv

--- l2 モデルを実行中 ---
  Accuracy: 0.4850
  F1 Score: 0.4125
  AUC-ROC: 0.4876
  Average Precision: 0.5123

  --- L2 モデルのDeLong検定を実行中 ---
  単体指標の最高ROC: wig (AUC = 0.4583)
  回帰モデルのROC: AUC = 0.4876

  DeLongの検定結果:
    モデルA (L2): AUC = 0.4876
    モデルB (単体指標 wig): AUC = 0.4583
    AUC差: 0.0293
    Z統計量: 2.7369
    p値: 0.0062
    有意差: あり (α=0.05)

  === 各指標とモデルの比較表 ===

Metric	AUC-ROC	AUC-PR	p-value
NQC	0.4372	0.4888	-
Clarity	0.4380	0.4872	-
WIG	0.4583	0.5097	-
SMV	0.4447	0.4956	-
n(σ%)	0.4516	0.4964	-
L2	0.4876	0.5123	0.0062

  - DeLongの検定結果を保存: /home/daiki_shibata/pj/QPP4SIP/LogReg/LASSO/outputs/AmbigNQ/post/clarity_ns50_nqc_smv_wig_bm25/delong/delong_test_l2.csv
  - 比較表を保存: /home/daiki_shibata/pj/QPP4SIP/LogReg/LASSO/outputs/AmbigNQ/post/clarity_ns50_nqc_smv_wig_bm25/delong/comparison_table_l2.csv

--- elasticnet モデルを実行中 ---
  Accuracy: 0.4795
  F1 Score: 0.4146
  AUC-ROC: 0.4843
  Average Precision: 0.5108

  --- ElasticNet モデルのDeLong検定を実行中 ---
  単体指標の最高ROC: wig (AUC = 0.4583)
  回帰モデルのROC: AUC = 0.4843

  DeLongの検定結果:
    モデルA (ElasticNet): AUC = 0.4843
    モデルB (単体指標 wig): AUC = 0.4583
    AUC差: 0.0260
    Z統計量: 2.4899
    p値: 0.0128
    有意差: あり (α=0.05)

  === 各指標とモデルの比較表 ===

Metric	AUC-ROC	AUC-PR	p-value
NQC	0.4372	0.4888	-
Clarity	0.4380	0.4872	-
WIG	0.4583	0.5097	-
SMV	0.4447	0.4956	-
n(σ%)	0.4516	0.4964	-
ElasticNet	0.4843	0.5108	0.0128

  - DeLongの検定結果を保存: /home/daiki_shibata/pj/QPP4SIP/LogReg/LASSO/outputs/AmbigNQ/post/clarity_ns50_nqc_smv_wig_bm25/delong/delong_test_elasticnet.csv
  - 比較表を保存: /home/daiki_shibata/pj/QPP4SIP/LogReg/LASSO/outputs/AmbigNQ/post/clarity_ns50_nqc_smv_wig_bm25/delong/comparison_table_elasticnet.csv

--- none モデルを実行中 ---
  Accuracy: 0.4910
  F1 Score: 0.4398
  AUC-ROC: 0.5019
  Average Precision: 0.5141

  --- No Penalty モデルのDeLong検定を実行中 ---
  単体指標の最高ROC: wig (AUC = 0.4583)
  回帰モデルのROC: AUC = 0.5019

  DeLongの検定結果:
    モデルA (No Penalty): AUC = 0.5019
    モデルB (単体指標 wig): AUC = 0.4583
    AUC差: 0.0435
    Z統計量: 2.5684
    p値: 0.0102
    有意差: あり (α=0.05)

  === 各指標とモデルの比較表 ===

Metric	AUC-ROC	AUC-PR	p-value
NQC	0.4372	0.4888	-
Clarity	0.4380	0.4872	-
WIG	0.4583	0.5097	-
SMV	0.4447	0.4956	-
n(σ%)	0.4516	0.4964	-
No Penalty	0.5019	0.5141	0.0102

  - DeLongの検定結果を保存: /home/daiki_shibata/pj/QPP4SIP/LogReg/LASSO/outputs/AmbigNQ/post/clarity_ns50_nqc_smv_wig_bm25/delong/delong_test_none.csv
  - 比較表を保存: /home/daiki_shibata/pj/QPP4SIP/LogReg/LASSO/outputs/AmbigNQ/post/clarity_ns50_nqc_smv_wig_bm25/delong/comparison_table_none.csv

--- bolasso モデルを実行中 ---

  - ブートストラップサンプル数: 100
  - 特徴量選択閾値: 0.50 (50%以上のモデルで選択)
    - 10/100 サンプル完了
    - 20/100 サンプル完了
    - 30/100 サンプル完了
    - 40/100 サンプル完了
    - 50/100 サンプル完了
    - 60/100 サンプル完了
    - 70/100 サンプル完了
    - 80/100 サンプル完了
    - 90/100 サンプル完了
    - 100/100 サンプル完了

  特徴量選択結果:
    - 選択された特徴量: 4/5
    - 選択頻度:
      ✓ n_sigma_50: 100.00% (100/100)
      ✓ clarity: 95.00% (95/100)
      ✓ wig: 87.00% (87/100)
      ✓ nqc: 71.00% (71/100)
      ✗ smv: 22.00% (22/100)
  Accuracy: 0.4805
  F1 Score: 0.4183
  AUC-ROC: 0.4816
  Average Precision: 0.5090

  --- BOLASSO モデルのDeLong検定を実行中 ---
  単体指標の最高ROC: wig (AUC = 0.4583)
  回帰モデルのROC: AUC = 0.4816

  DeLongの検定結果:
    モデルA (BOLASSO): AUC = 0.4816
    モデルB (単体指標 wig): AUC = 0.4583
    AUC差: 0.0233
    Z統計量: 2.1905
    p値: 0.0285
    有意差: あり (α=0.05)

  === 各指標とモデルの比較表 ===

Metric	AUC-ROC	AUC-PR	p-value
NQC	0.4372	0.4888	-
Clarity	0.4380	0.4872	-
WIG	0.4583	0.5097	-
SMV	0.4447	0.4956	-
n(σ%)	0.4516	0.4964	-
BOLASSO	0.4816	0.5090	0.0285

  - DeLongの検定結果を保存: /home/daiki_shibata/pj/QPP4SIP/LogReg/LASSO/outputs/AmbigNQ/post/clarity_ns50_nqc_smv_wig_bm25/delong/delong_test_bolasso.csv
  - 比較表を保存: /home/daiki_shibata/pj/QPP4SIP/LogReg/LASSO/outputs/AmbigNQ/post/clarity_ns50_nqc_smv_wig_bm25/delong/comparison_table_bolasso.csv

--- lars_traps モデルを実行中 ---

  - ランダムトラップ数: 10
    - 5/10 トラップ完了
    - 10/10 トラップ完了

  特徴量選択結果:
    - 選択された特徴量: 0/5
    - 選択頻度:
  Accuracy: 0.4850
  F1 Score: 0.4125
  AUC-ROC: 0.4876
  Average Precision: 0.5123

  --- LARS-Traps モデルのDeLong検定を実行中 ---
  単体指標の最高ROC: wig (AUC = 0.4583)
  回帰モデルのROC: AUC = 0.4876

  DeLongの検定結果:
    モデルA (LARS-Traps): AUC = 0.4876
    モデルB (単体指標 wig): AUC = 0.4583
    AUC差: 0.0293
    Z統計量: 2.7369
    p値: 0.0062
    有意差: あり (α=0.05)

  === 各指標とモデルの比較表 ===

Metric	AUC-ROC	AUC-PR	p-value
NQC	0.4372	0.4888	-
Clarity	0.4380	0.4872	-
WIG	0.4583	0.5097	-
SMV	0.4447	0.4956	-
n(σ%)	0.4516	0.4964	-
LARS-Traps	0.4876	0.5123	0.0062

  - DeLongの検定結果を保存: /home/daiki_shibata/pj/QPP4SIP/LogReg/LASSO/outputs/AmbigNQ/post/clarity_ns50_nqc_smv_wig_bm25/delong/delong_test_lars_traps.csv
  - 比較表を保存: /home/daiki_shibata/pj/QPP4SIP/LogReg/LASSO/outputs/AmbigNQ/post/clarity_ns50_nqc_smv_wig_bm25/delong/comparison_table_lars_traps.csv

--- lars_cv モデルを実行中 ---

  - LARS-CVで選択された特徴量: 5/5
  - 選択された特徴量: ['nqc', 'clarity', 'wig', 'smv', 'n_sigma_50']
  Accuracy: 0.4850
  F1 Score: 0.4125
  AUC-ROC: 0.4876
  Average Precision: 0.5123

  --- LARS-CV モデルのDeLong検定を実行中 ---
  単体指標の最高ROC: wig (AUC = 0.4583)
  回帰モデルのROC: AUC = 0.4876

  DeLongの検定結果:
    モデルA (LARS-CV): AUC = 0.4876
    モデルB (単体指標 wig): AUC = 0.4583
    AUC差: 0.0293
    Z統計量: 2.7369
    p値: 0.0062
    有意差: あり (α=0.05)

  === 各指標とモデルの比較表 ===

Metric	AUC-ROC	AUC-PR	p-value
NQC	0.4372	0.4888	-
Clarity	0.4380	0.4872	-
WIG	0.4583	0.5097	-
SMV	0.4447	0.4956	-
n(σ%)	0.4516	0.4964	-
LARS-CV	0.4876	0.5123	0.0062

  - DeLongの検定結果を保存: /home/daiki_shibata/pj/QPP4SIP/LogReg/LASSO/outputs/AmbigNQ/post/clarity_ns50_nqc_smv_wig_bm25/delong/delong_test_lars_cv.csv
  - 比較表を保存: /home/daiki_shibata/pj/QPP4SIP/LogReg/LASSO/outputs/AmbigNQ/post/clarity_ns50_nqc_smv_wig_bm25/delong/comparison_table_lars_cv.csv

--- randomforest モデルを実行中 ---
  Accuracy: 0.4990
  F1 Score: 0.4605
  AUC-ROC: 0.5167
  Average Precision: 0.5449

  --- RandomForest モデルのDeLong検定を実行中 ---
  単体指標の最高ROC: wig (AUC = 0.4583)
  回帰モデルのROC: AUC = 0.5167

  DeLongの検定結果:
    モデルA (RandomForest): AUC = 0.5167
    モデルB (単体指標 wig): AUC = 0.4583
    AUC差: 0.0583
    Z統計量: 3.2574
    p値: 0.0011
    有意差: あり (α=0.05)

  === 各指標とモデルの比較表 ===

Metric	AUC-ROC	AUC-PR	p-value
NQC	0.4372	0.4888	-
Clarity	0.4380	0.4872	-
WIG	0.4583	0.5097	-
SMV	0.4447	0.4956	-
n(σ%)	0.4516	0.4964	-
RandomForest	0.5167	0.5449	0.0011

  - DeLongの検定結果を保存: /home/daiki_shibata/pj/QPP4SIP/LogReg/LASSO/outputs/AmbigNQ/post/clarity_ns50_nqc_smv_wig_bm25/delong/delong_test_randomforest.csv
  - 比較表を保存: /home/daiki_shibata/pj/QPP4SIP/LogReg/LASSO/outputs/AmbigNQ/post/clarity_ns50_nqc_smv_wig_bm25/delong/comparison_table_randomforest.csv

================================================================================
全モデル統合比較表を作成中...
================================================================================

=== 全モデル統合比較表 ===
Metric	AUC-ROC	AUC-PR	p-value
Clarity	0.4380	0.4872	-
n(σ%)	0.4516	0.4964	-
NQC	0.4372	0.4888	-
SMV	0.4447	0.4956	-
WIG	0.4583	0.5097	-
L1 Logistic Regression	0.4816	0.5090	0.0285
L2 Logistic Regression	0.4876	0.5123	0.0062
E-Net	0.4843	0.5108	0.0128
No Penalty Logistic Regression	0.5019	0.5141	0.0102
BOLASSO	0.4816	0.5090	0.0285
LARS-Traps	0.4876	0.5123	0.0062
LARS-CV	0.4876	0.5123	0.0062
Random Forest	0.5167	0.5449	0.0011

  - 統合比較表（DeLong検定）を保存: /home/daiki_shibata/pj/QPP4SIP/LogReg/LASSO/outputs/AmbigNQ/post/clarity_ns50_nqc_smv_wig_bm25/delong/comprehensive_comparison_table.csv

================================================================================
モデル比較グラフを描画中...
================================================================================
  - 保存先: /home/daiki_shibata/pj/QPP4SIP/LogReg/LASSO/outputs/AmbigNQ/post/clarity_ns50_nqc_smv_wig_bm25/graphs/roc_curves_comparison.png
  - 保存先: /home/daiki_shibata/pj/QPP4SIP/LogReg/LASSO/outputs/AmbigNQ/post/clarity_ns50_nqc_smv_wig_bm25/graphs/pr_curves_comparison.png
  - 比較表を保存: /home/daiki_shibata/pj/QPP4SIP/LogReg/LASSO/outputs/AmbigNQ/post/clarity_ns50_nqc_smv_wig_bm25/graphs/models_comparison.csv
  - モデル比較グラフを保存しました

結果をファイルに保存しました（全モデル実行結果を含む）: /home/daiki_shibata/pj/QPP4SIP/LogReg/LASSO/outputs/AmbigNQ/post/clarity_ns50_nqc_smv_wig_bm25/results.txt

=== results.csvを生成中 ===
  - results.csvを保存しました: /home/daiki_shibata/pj/QPP4SIP/LogReg/LASSO/outputs/AmbigNQ/post/clarity_ns50_nqc_smv_wig_bm25/csv/results.csv
  - 行数: 2002, 列数: 10
  - カラム: label, Clarity, NQC, SMV, WIG, nSigma, ENet, L1, L2, LogReg

=== 完了 ===
