NSP top_k値: 50 (trainとdevで共通)
使用する特徴量タイプ: pre, post, bert
=== allによるclarification分類 ===

データセット: AmbigNQ
検索手法: dpr
使用する特徴量: QPPスコア（post + pre + base）
  設定: --feature-typesで指定
モデルタイプ: all
ラベル分布の調整: 無効
非負制約: 無効
クロスバリデーション: 有効
  Fold数: 5
正規化方法: 訓練データの統計量で[0,1]正規化（Min-Max）（通常）

1. データ読み込み中...

【ラベル抽出のデバッグ情報】
response_type別の分布:
  clarification: 総数=4747, ラベル0=0, ラベル1=4747
  directAnswer: 総数=5289, ラベル0=5289, ラベル1=0
総ラベル分布: 0=5289, 1=4747

  - 訓練データ: 10036 サンプル
Loaded 10036 nqc scores for train
Loaded 10036 clarity scores for train
Loaded 10036 wig scores for train
Loaded 10036 smv scores for train
Loaded 10036 n_sigma_50 scores for train
Loaded 10036 pre_avgidf scores for train
Loaded 10036 pre_avgictf scores for train
Loaded 10036 pre_maxidf scores for train
Loaded 10036 pre_maxscq scores for train
Loaded 10036 pre_simplified_clarity scores for train
  - nqc: 10036 サンプル
  - clarity: 10036 サンプル
  - wig: 10036 サンプル
  - smv: 10036 サンプル
  - n_sigma_50: 10036 サンプル
  - pre_avgidf: 10036 サンプル
  - pre_avgictf: 10036 サンプル
  - pre_maxidf: 10036 サンプル
  - pre_maxscq: 10036 サンプル
  - pre_simplified_clarity: 10036 サンプル
Loaded 10036 bert_logit_clarification scores for train (experiment: AmbigNQ_bert-base_lr2e-05_bs16_kfold5)
  - bert_logit_clarification: 10036 サンプル

【ラベル抽出のデバッグ情報】
response_type別の分布:
  clarification: 総数=1070, ラベル0=0, ラベル1=1070
  directAnswer: 総数=932, ラベル0=932, ラベル1=0
総ラベル分布: 0=932, 1=1070

  - テストデータ: 2002 サンプル
Loaded 2002 nqc scores for dev
Loaded 2002 clarity scores for dev
Loaded 2002 wig scores for dev
Loaded 2002 smv scores for dev
Loaded 2002 n_sigma_50 scores for dev
Loaded 2002 pre_avgidf scores for dev
Loaded 2002 pre_avgictf scores for dev
Loaded 2002 pre_maxidf scores for dev
Loaded 2002 pre_maxscq scores for dev
Loaded 2002 pre_simplified_clarity scores for dev
  - nqc: 2002 サンプル
  - clarity: 2002 サンプル
  - wig: 2002 サンプル
  - smv: 2002 サンプル
  - n_sigma_50: 2002 サンプル
  - pre_avgidf: 2002 サンプル
  - pre_avgictf: 2002 サンプル
  - pre_maxidf: 2002 サンプル
  - pre_maxscq: 2002 サンプル
  - pre_simplified_clarity: 2002 サンプル
Loaded 2002 bert_logit_clarification scores for dev (experiment: AmbigNQ_bert-base_lr2e-05_bs16_kfold5)
  - bert_logit_clarification: 2002 サンプル

2. 特徴量マージ中...
  - 訓練データ: 10036 サンプル, 11 特徴量
  - テストデータ: 2002 サンプル, 11 特徴量
  - 特徴量: ['nqc', 'clarity', 'wig', 'smv', 'n_sigma_50', 'pre_avgidf', 'pre_avgictf', 'pre_maxidf', 'pre_maxscq', 'pre_simplified_clarity', 'bert_logit_clarification']
  - 訓練データのラベル分布: {0: 5289, 1: 4747}
  - テストデータのラベル分布: {1: 1070, 0: 932}

2.1. trainとdevを統合中...
  - 統合データ: 12038 サンプル, 11 特徴量
  - 統合データのラベル分布: {0: 6221, 1: 5817} (正例率: 0.4832)

2.5. ラベル分布の調整: スキップ（--balance-label-distribution が指定されていません）

================================================================================
クロスバリデーション評価を開始します
================================================================================

================================================================================
Fold 1/5
================================================================================
  - Fold訓練データ: 9630 サンプル
  - Foldテストデータ: 2408 サンプル
  - Fold訓練データのラベル分布: {0: 4977, 1: 4653} (正例率: 0.4832)
  - Foldテストデータのラベル分布: {0: 1244, 1: 1164} (正例率: 0.4834)

  Fold 1 結果:
    訓練 - Accuracy: 0.6352, F1: 0.6299, AUC: 0.6920, AP: 0.6716
    テスト - Accuracy: 0.6337, F1: 0.6237, AUC: 0.6781, AP: 0.6501

================================================================================
Fold 2/5
================================================================================
  - Fold訓練データ: 9630 サンプル
  - Foldテストデータ: 2408 サンプル
  - Fold訓練データのラベル分布: {0: 4977, 1: 4653} (正例率: 0.4832)
  - Foldテストデータのラベル分布: {0: 1244, 1: 1164} (正例率: 0.4834)

  Fold 2 結果:
    訓練 - Accuracy: 0.6358, F1: 0.6297, AUC: 0.6904, AP: 0.6657
    テスト - Accuracy: 0.6370, F1: 0.6290, AUC: 0.6884, AP: 0.6717

================================================================================
Fold 3/5
================================================================================
  - Fold訓練データ: 9630 サンプル
  - Foldテストデータ: 2408 サンプル
  - Fold訓練データのラベル分布: {0: 4976, 1: 4654} (正例率: 0.4833)
  - Foldテストデータのラベル分布: {0: 1245, 1: 1163} (正例率: 0.4830)

  Fold 3 結果:
    訓練 - Accuracy: 0.6330, F1: 0.6271, AUC: 0.6864, AP: 0.6627
    テスト - Accuracy: 0.6408, F1: 0.6394, AUC: 0.7006, AP: 0.6866

================================================================================
Fold 4/5
================================================================================
  - Fold訓練データ: 9631 サンプル
  - Foldテストデータ: 2407 サンプル
  - Fold訓練データのラベル分布: {0: 4977, 1: 4654} (正例率: 0.4832)
  - Foldテストデータのラベル分布: {0: 1244, 1: 1163} (正例率: 0.4832)

  Fold 4 結果:
    訓練 - Accuracy: 0.6421, F1: 0.6359, AUC: 0.6911, AP: 0.6677
    テスト - Accuracy: 0.6240, F1: 0.6199, AUC: 0.6834, AP: 0.6591

================================================================================
Fold 5/5
================================================================================
  - Fold訓練データ: 9631 サンプル
  - Foldテストデータ: 2407 サンプル
  - Fold訓練データのラベル分布: {0: 4977, 1: 4654} (正例率: 0.4832)
  - Foldテストデータのラベル分布: {0: 1244, 1: 1163} (正例率: 0.4832)

  Fold 5 結果:
    訓練 - Accuracy: 0.6334, F1: 0.6277, AUC: 0.6898, AP: 0.6694
    テスト - Accuracy: 0.6373, F1: 0.6315, AUC: 0.6903, AP: 0.6588

================================================================================
クロスバリデーション結果の集約
================================================================================

各Foldの結果:
 fold  train_acc  train_f1  train_auc  train_ap  test_acc  test_f1  test_auc  test_ap
    1   0.635202  0.629860   0.691988  0.671623  0.633721 0.623720  0.678115 0.650063
    2   0.635826  0.629712   0.690424  0.665733  0.637043 0.629032  0.688379 0.671714
    3   0.633022  0.627137   0.686431  0.662676  0.640781 0.639433  0.700623 0.686621
    4   0.642093  0.635893   0.691136  0.667742  0.624013 0.619908  0.683383 0.659134
    5   0.633371  0.627728   0.689753  0.669433  0.637308 0.631490  0.690343 0.658842

平均値（標準偏差）:
  train_acc: 0.6359 (±0.0037)
  train_f1: 0.6301 (±0.0035)
  train_auc: 0.6899 (±0.0021)
  train_ap: 0.6674 (±0.0034)
  test_acc: 0.6346 (±0.0064)
  test_f1: 0.6287 (±0.0075)
  test_auc: 0.6882 (±0.0084)
  test_ap: 0.6653 (±0.0142)

全Fold統合テストデータ:
  AUC-ROC: 0.6881
  Average Precision: 0.6646

=== クロスバリデーション完了 ===

================================================================================
クロスバリデーションで得られたモデルを使って、train/devデータに対して評価を実行します
================================================================================

=== クロスバリデーション結果による評価 ===
（各foldのテストデータに対する予測結果を使用）
CVテストデータ - Accuracy: 0.6346, F1: 0.6287, AUC: 0.6881, AP: 0.6646/home/daiki_shibata/pj/QPP4SIP/LogReg/LASSO/module/visualization.py:718: UserWarning: Boolean Series key will be reindexed to match DataFrame index.
  test_values_pos = X_test[y_test == 1][feature_name].values
/home/daiki_shibata/pj/QPP4SIP/LogReg/LASSO/module/visualization.py:719: UserWarning: Boolean Series key will be reindexed to match DataFrame index.
  test_values_neg = X_test[y_test == 0][feature_name].values
/home/daiki_shibata/pj/QPP4SIP/LogReg/LASSO/module/visualization.py:718: UserWarning: Boolean Series key will be reindexed to match DataFrame index.
  test_values_pos = X_test[y_test == 1][feature_name].values
/home/daiki_shibata/pj/QPP4SIP/LogReg/LASSO/module/visualization.py:719: UserWarning: Boolean Series key will be reindexed to match DataFrame index.
  test_values_neg = X_test[y_test == 0][feature_name].values
/home/daiki_shibata/pj/QPP4SIP/LogReg/LASSO/module/visualization.py:718: UserWarning: Boolean Series key will be reindexed to match DataFrame index.
  test_values_pos = X_test[y_test == 1][feature_name].values
/home/daiki_shibata/pj/QPP4SIP/LogReg/LASSO/module/visualization.py:719: UserWarning: Boolean Series key will be reindexed to match DataFrame index.
  test_values_neg = X_test[y_test == 0][feature_name].values
/home/daiki_shibata/pj/QPP4SIP/LogReg/LASSO/module/visualization.py:718: UserWarning: Boolean Series key will be reindexed to match DataFrame index.
  test_values_pos = X_test[y_test == 1][feature_name].values
/home/daiki_shibata/pj/QPP4SIP/LogReg/LASSO/module/visualization.py:719: UserWarning: Boolean Series key will be reindexed to match DataFrame index.
  test_values_neg = X_test[y_test == 0][feature_name].values
/home/daiki_shibata/pj/QPP4SIP/LogReg/LASSO/module/visualization.py:718: UserWarning: Boolean Series key will be reindexed to match DataFrame index.
  test_values_pos = X_test[y_test == 1][feature_name].values
/home/daiki_shibata/pj/QPP4SIP/LogReg/LASSO/module/visualization.py:719: UserWarning: Boolean Series key will be reindexed to match DataFrame index.
  test_values_neg = X_test[y_test == 0][feature_name].values
/home/daiki_shibata/pj/QPP4SIP/LogReg/LASSO/module/visualization.py:718: UserWarning: Boolean Series key will be reindexed to match DataFrame index.
  test_values_pos = X_test[y_test == 1][feature_name].values
/home/daiki_shibata/pj/QPP4SIP/LogReg/LASSO/module/visualization.py:719: UserWarning: Boolean Series key will be reindexed to match DataFrame index.
  test_values_neg = X_test[y_test == 0][feature_name].values
/home/daiki_shibata/pj/QPP4SIP/LogReg/LASSO/module/visualization.py:718: UserWarning: Boolean Series key will be reindexed to match DataFrame index.
  test_values_pos = X_test[y_test == 1][feature_name].values
/home/daiki_shibata/pj/QPP4SIP/LogReg/LASSO/module/visualization.py:719: UserWarning: Boolean Series key will be reindexed to match DataFrame index.
  test_values_neg = X_test[y_test == 0][feature_name].values
/home/daiki_shibata/pj/QPP4SIP/LogReg/LASSO/module/visualization.py:718: UserWarning: Boolean Series key will be reindexed to match DataFrame index.
  test_values_pos = X_test[y_test == 1][feature_name].values
/home/daiki_shibata/pj/QPP4SIP/LogReg/LASSO/module/visualization.py:719: UserWarning: Boolean Series key will be reindexed to match DataFrame index.
  test_values_neg = X_test[y_test == 0][feature_name].values
/home/daiki_shibata/pj/QPP4SIP/LogReg/LASSO/module/visualization.py:718: UserWarning: Boolean Series key will be reindexed to match DataFrame index.
  test_values_pos = X_test[y_test == 1][feature_name].values
/home/daiki_shibata/pj/QPP4SIP/LogReg/LASSO/module/visualization.py:719: UserWarning: Boolean Series key will be reindexed to match DataFrame index.
  test_values_neg = X_test[y_test == 0][feature_name].values
/home/daiki_shibata/pj/QPP4SIP/LogReg/LASSO/module/visualization.py:718: UserWarning: Boolean Series key will be reindexed to match DataFrame index.
  test_values_pos = X_test[y_test == 1][feature_name].values
/home/daiki_shibata/pj/QPP4SIP/LogReg/LASSO/module/visualization.py:719: UserWarning: Boolean Series key will be reindexed to match DataFrame index.
  test_values_neg = X_test[y_test == 0][feature_name].values
/home/daiki_shibata/pj/QPP4SIP/LogReg/LASSO/module/visualization.py:718: UserWarning: Boolean Series key will be reindexed to match DataFrame index.
  test_values_pos = X_test[y_test == 1][feature_name].values
/home/daiki_shibata/pj/QPP4SIP/LogReg/LASSO/module/visualization.py:719: UserWarning: Boolean Series key will be reindexed to match DataFrame index.
  test_values_neg = X_test[y_test == 0][feature_name].values


5.6. 単体指標の最高ROCと回帰モデルのDeLong検定を実行中...
  単体指標の最高ROC: BERT (AUC = 0.6839)
  回帰モデルのROC: AUC = 0.6881

  DeLongの検定結果:
    モデルA (回帰): AUC = 0.6881
    モデルB (単体指標 BERT): AUC = 0.6839
    AUC差: 0.0042
    Z統計量: 3.6399
    p値: 0.0003
    有意差: あり (α=0.05)

  === 各指標とモデルの比較表 ===

Metric	AUC-ROC	AUC-PR	p-value
NQC	0.5111	0.4939	-
Clarity	0.5475	0.5185	-
WIG	0.5101	0.4957	-
SMV	0.5100	0.4931	-
n(σ%)	0.5201	0.5001	-
AvgIDF	0.5575	0.5294	-
AvgICTF	0.5500	0.5205	-
MaxIDF	0.5379	0.5188	-
MaxSCQ	0.5354	0.5158	-
Simplified Clarity	0.5469	0.5198	-
BERT	0.6839	0.6620	-
ALL Logistic Regression	0.6881	0.6646	0.0003

  - DeLongの検定結果を保存: /home/daiki_shibata/pj/QPP4SIP/LogReg/LASSO/outputs/AmbigNQ/pre_post_bert/ictf_idf_maxidf_scq_scs_clarity_ns50_nqc_smv_wig_bert/delong/delong_test_single_metric.csv
  - 比較表を保存: /home/daiki_shibata/pj/QPP4SIP/LogReg/LASSO/outputs/AmbigNQ/pre_post_bert/ictf_idf_maxidf_scq_scs_clarity_ns50_nqc_smv_wig_bert/delong/comparison_table.csv
  - 回帰モデル同士の比較用に予測結果を保存: /home/daiki_shibata/pj/QPP4SIP/LogReg/LASSO/outputs/AmbigNQ/pre_post_bert/ictf_idf_maxidf_scq_scs_clarity_ns50_nqc_smv_wig_bert/csv/predictions_for_delong.csv

参考: train/devデータに対する予測（評価には使用しません）
参考 - 訓練データ: Accuracy: 0.6318, F1: 0.6200, AUC: 0.6838, AP: 0.6526
参考 - テストデータ: Accuracy: 0.6503, F1: 0.6922, AUC: 0.7149, AP: 0.7268

特徴量の係数（各foldの平均）:
                 feature  coefficient
bert_logit_clarification     3.208047
              pre_avgidf    -2.880067
  pre_simplified_clarity     2.659110
                 clarity     0.736499
              n_sigma_50     0.364479
              pre_maxscq    -0.224228
                     smv    -0.168592
              pre_maxidf    -0.041621
                     wig     0.031598
                     nqc     0.001359
             pre_avgictf     0.000000
  - 係数をCSVファイルに保存しました: /home/daiki_shibata/pj/QPP4SIP/LogReg/LASSO/outputs/AmbigNQ/pre_post_bert/ictf_idf_maxidf_scq_scs_clarity_ns50_nqc_smv_wig_bert/coefficients.csv
  - DeLongの検定用に予測結果を保存（CV統合）: /home/daiki_shibata/pj/QPP4SIP/LogReg/LASSO/outputs/AmbigNQ/pre_post_bert/ictf_idf_maxidf_scq_scs_clarity_ns50_nqc_smv_wig_bert/csv/predictions_for_delong.csv

3. [0,1]正規化（Min-Max）中...
  - 方法: 訓練データの統計量でテストデータも正規化（通常）
  - 正規化完了

=== 評価結果 ===
（クロスバリデーション結果は既に上記で表示済み）

6. ROC曲線を描画中...
  - 保存先: /home/daiki_shibata/pj/QPP4SIP/LogReg/LASSO/outputs/AmbigNQ/pre_post_bert/ictf_idf_maxidf_scq_scs_clarity_ns50_nqc_smv_wig_bert/graphs/roc_curves.png
  - ROC曲線を保存しました

7. Precision-Recall曲線を描画中...
  - 保存先: /home/daiki_shibata/pj/QPP4SIP/LogReg/LASSO/outputs/AmbigNQ/pre_post_bert/ictf_idf_maxidf_scq_scs_clarity_ns50_nqc_smv_wig_bert/graphs/pr_curves.png
  - PR曲線を保存しました

8. 閾値とF1スコアの関係を描画中...
  - 保存先: /home/daiki_shibata/pj/QPP4SIP/LogReg/LASSO/outputs/AmbigNQ/pre_post_bert/ictf_idf_maxidf_scq_scs_clarity_ns50_nqc_smv_wig_bert/graphs/threshold_f1_curves.png
  - 閾値とF1スコアの関係を保存しました

9. 特徴量のスコア分布を描画中...
  - 保存先: /home/daiki_shibata/pj/QPP4SIP/LogReg/LASSO/outputs/AmbigNQ/pre_post_bert/ictf_idf_maxidf_scq_scs_clarity_ns50_nqc_smv_wig_bert/graphs/feature_distributions.png
  - 保存先: /home/daiki_shibata/pj/QPP4SIP/LogReg/LASSO/outputs/AmbigNQ/pre_post_bert/ictf_idf_maxidf_scq_scs_clarity_ns50_nqc_smv_wig_bert/graphs/feature_distributions_by_label.png
  - 特徴量のスコア分布を保存しました

10. 相関係数ヒートマップを描画中...
trainとtestを統合: train=10036サンプル, test=2002サンプル, 合計=12038サンプル
  - 相関係数ヒートマップを保存しました: /home/daiki_shibata/pj/QPP4SIP/LogReg/LASSO/outputs/AmbigNQ/pre_post_bert/ictf_idf_maxidf_scq_scs_clarity_ns50_nqc_smv_wig_bert/graphs/correlation_heatmaps.png

=== 相関係数の統計情報 ===
全体のデータ数: 12038

全体の相関係数（ピアソン）:
                               nqc  ...  bert_logit_clarification
nqc                       1.000000  ...                  0.022502
clarity                   0.001331  ...                  0.050911
wig                       0.905049  ...                  0.027728
smv                       0.968019  ...                  0.025380
n_sigma_50                0.960829  ...                  0.055679
pre_avgidf               -0.010206  ...                 -0.176304
pre_avgictf              -0.009081  ...                 -0.153087
pre_maxidf               -0.011692  ...                 -0.128198
pre_maxscq               -0.008365  ...                 -0.120920
pre_simplified_clarity   -0.009730  ...                 -0.145142
bert_logit_clarification  0.022502  ...                  1.000000

[11 rows x 11 columns]

全体の相関係数（スピアマン）:
                               nqc  ...  bert_logit_clarification
nqc                       1.000000  ...                  0.015495
clarity                  -0.008799  ...                  0.078719
wig                       0.910473  ...                  0.023117
smv                       0.988699  ...                  0.016652
n_sigma_50                0.959306  ...                  0.050121
pre_avgidf               -0.017423  ...                 -0.183923
pre_avgictf              -0.016332  ...                 -0.160699
pre_maxidf               -0.007874  ...                 -0.116783
pre_maxscq               -0.004201  ...                 -0.113750
pre_simplified_clarity   -0.017177  ...                 -0.152713
bert_logit_clarification  0.015495  ...                  1.000000

[11 rows x 11 columns]

Negativeラベルの相関係数（ピアソン） (データ数: 6333):
                               nqc  ...  bert_logit_clarification
nqc                       1.000000  ...                  0.010523
clarity                   0.005729  ...                  0.137819
wig                       0.903116  ...                  0.025195
smv                       0.966861  ...                  0.015034
n_sigma_50                0.957898  ...                  0.043440
pre_avgidf               -0.013496  ...                 -0.176978
pre_avgictf              -0.013112  ...                 -0.155730
pre_maxidf               -0.009488  ...                 -0.147621
pre_maxscq               -0.001661  ...                 -0.106447
pre_simplified_clarity   -0.014199  ...                 -0.146874
bert_logit_clarification  0.010523  ...                  1.000000

[11 rows x 11 columns]

Negativeラベルの相関係数（スピアマン） (データ数: 6333):
                               nqc  ...  bert_logit_clarification
nqc                       1.000000  ...                  0.005727
clarity                  -0.004774  ...                  0.144184
wig                       0.910217  ...                  0.021760
smv                       0.988502  ...                  0.009038
n_sigma_50                0.956450  ...                  0.040144
pre_avgidf               -0.017884  ...                 -0.192835
pre_avgictf              -0.016726  ...                 -0.170407
pre_maxidf               -0.007116  ...                 -0.136122
pre_maxscq                0.000651  ...                 -0.104259
pre_simplified_clarity   -0.018868  ...                 -0.161854
bert_logit_clarification  0.005727  ...                  1.000000

[11 rows x 11 columns]

Positiveラベルの相関係数（ピアソン） (データ数: 5705):
                               nqc  ...  bert_logit_clarification
nqc                       1.000000  ...                  0.030100
clarity                  -0.004458  ...                 -0.063608
wig                       0.907099  ...                  0.028938
smv                       0.969245  ...                  0.032068
n_sigma_50                0.964042  ...                  0.059659
pre_avgidf               -0.004599  ...                 -0.142978
pre_avgictf              -0.002897  ...                 -0.121732
pre_maxidf               -0.012530  ...                 -0.084316
pre_maxscq               -0.013760  ...                 -0.112325
pre_simplified_clarity   -0.003190  ...                 -0.116314
bert_logit_clarification  0.030100  ...                  1.000000

[11 rows x 11 columns]

Positiveラベルの相関係数（スピアマン） (データ数: 5705):
                               nqc  ...  bert_logit_clarification
nqc                       1.000000  ...                  0.021438
clarity                  -0.014612  ...                 -0.024785
wig                       0.910839  ...                  0.024092
smv                       0.988894  ...                  0.021611
n_sigma_50                0.962576  ...                  0.050767
pre_avgidf               -0.016260  ...                 -0.142712
pre_avgictf              -0.015261  ...                 -0.122937
pre_maxidf               -0.007853  ...                 -0.074272
pre_maxscq               -0.009128  ...                 -0.102665
pre_simplified_clarity   -0.014951  ...                 -0.117560
bert_logit_clarification  0.021438  ...                  1.000000

[11 rows x 11 columns]
  - 相関係数ヒートマップを保存しました

11. Confidence Analysis（確信度分析）を実行中...
Loaded 2002 bert_prob_clarification probabilities for dev (experiment: AmbigNQ_bert-base_lr2e-05_bs16_kfold5)
  - BERT予測確率を読み込み: bert_prob_clarification (2002 サンプル)
  - Confidence Analysis可視化を保存: /home/daiki_shibata/pj/QPP4SIP/LogReg/LASSO/outputs/AmbigNQ/pre_post_bert/ictf_idf_maxidf_scq_scs_clarity_ns50_nqc_smv_wig_bert/graphs/confidence_analysis.png
  - Confidence Analysis可視化を保存しました

  Confidence Analysis結果:
  - BERT確率範囲: [0.4, 0.6]
  - 抽出サンプル数: 417 / 12038
  - 抽出率: 3.46%

  回帰モデル（QPP統合）の評価:
    Accuracy: 0.6451
    F1 Score: 0.6558
    AUC-ROC: 0.7094
    Average Precision: 0.6591

  単体指標（BERT）の評価:
    Accuracy: 0.6499
    F1 Score: 0.6589
    AUC-ROC: 0.6922
    Average Precision: 0.6584

  QPP統合による改善度:
    AUC-ROC改善: +0.0173
    Average Precision改善: +0.0007
    F1 Score改善: -0.0031

  全体データでの改善度との比較:
    全体データ - AUC改善: +0.0042
    Confidence範囲 - AUC改善: +0.0173
    改善度の差: +0.0131

  ✓ QPP統合の効果は、BERTが迷った時（確率0.5付近）により大きくなっています！
  → 「BERTが迷った時の最後の一押し（Tie-breaker）」としてQPPが有効であると主張できます。
  - Confidence Analysis結果を保存: /home/daiki_shibata/pj/QPP4SIP/LogReg/LASSO/outputs/AmbigNQ/pre_post_bert/ictf_idf_maxidf_scq_scs_clarity_ns50_nqc_smv_wig_bert/csv/confidence_analysis.csv

12. Overconfidence Analysis（過信分析）を実行中...

  False Positive (高確信度で誤分類):
    - サンプル数: 236
    - 回帰モデル 平均予測確率: 0.4429 (std: 0.1589)
    - 単体指標 平均予測確率: 0.4428 (std: 0.1539)
    - 改善度（0からの距離の減少）: -0.0001
    → QPP統合による改善は見られませんでした

  False Negative (高確信度で誤分類):
    - サンプル数: 152
    - 回帰モデル 平均予測確率: 0.5434 (std: 0.1487)
    - 単体指標 平均予測確率: 0.5414 (std: 0.1450)
    - 改善度（1からの距離の減少）: +0.0019
    → QPP統合により、誤分類の予測確率が1に近づいています（改善）
  - Overconfidence Analysis可視化を保存: /home/daiki_shibata/pj/QPP4SIP/LogReg/LASSO/outputs/AmbigNQ/pre_post_bert/ictf_idf_maxidf_scq_scs_clarity_ns50_nqc_smv_wig_bert/graphs/overconfidence_analysis.png
  - Overconfidence Analysis可視化を保存しました
  - Overconfidence Analysis結果を保存: /home/daiki_shibata/pj/QPP4SIP/LogReg/LASSO/outputs/AmbigNQ/pre_post_bert/ictf_idf_maxidf_scq_scs_clarity_ns50_nqc_smv_wig_bert/csv/overconfidence_analysis.csv

結果をファイルに保存しました: /home/daiki_shibata/pj/QPP4SIP/LogReg/LASSO/outputs/AmbigNQ/pre_post_bert/ictf_idf_maxidf_scq_scs_clarity_ns50_nqc_smv_wig_bert/results.txt

================================================================================
全てのモデルタイプを実行して比較します
================================================================================

L1:
  Accuracy: 0.6347
  F1 Score: 0.6289
  AUC-ROC: 0.6880
  Average Precision: 0.6646

  --- L1 モデルのDeLong検定を実行中 ---
  単体指標の最高ROC: bert_logit_clarification (AUC = 0.6839)
  回帰モデルのROC: AUC = 0.6880

  DeLongの検定結果:
    モデルA (L1): AUC = 0.6880
    モデルB (単体指標 bert_logit_clarification): AUC = 0.6839
    AUC差: 0.0041
    Z統計量: 3.6143
    p値: 0.0003
    有意差: あり (α=0.05)

  === 各指標とモデルの比較表 ===

Metric	AUC-ROC	AUC-PR	p-value
NQC	0.5094	0.4904	-
Clarity	0.5470	0.5177	-
WIG	0.5080	0.4922	-
SMV	0.5077	0.4897	-
n(σ%)	0.5193	0.4986	-
AvgIDF	0.5575	0.5294	-
AvgICTF	0.5500	0.5205	-
MaxIDF	0.5379	0.5188	-
MaxSCQ	0.5354	0.5158	-
Simplified Clarity	0.5469	0.5198	-
BERT	0.6839	0.6620	-
L1	0.6880	0.6646	0.0003

  - DeLongの検定結果を保存: /home/daiki_shibata/pj/QPP4SIP/LogReg/LASSO/outputs/AmbigNQ/pre_post_bert/ictf_idf_maxidf_scq_scs_clarity_ns50_nqc_smv_wig_bert/delong/delong_test_l1.csv
  - 比較表を保存: /home/daiki_shibata/pj/QPP4SIP/LogReg/LASSO/outputs/AmbigNQ/pre_post_bert/ictf_idf_maxidf_scq_scs_clarity_ns50_nqc_smv_wig_bert/delong/comparison_table_l1.csv

L2:
  Accuracy: 0.6349
  F1 Score: 0.6286
  AUC-ROC: 0.6876
  Average Precision: 0.6643

  --- L2 モデルのDeLong検定を実行中 ---
  単体指標の最高ROC: bert_logit_clarification (AUC = 0.6839)
  回帰モデルのROC: AUC = 0.6876

  DeLongの検定結果:
    モデルA (L2): AUC = 0.6876
    モデルB (単体指標 bert_logit_clarification): AUC = 0.6839
    AUC差: 0.0037
    Z統計量: 3.3288
    p値: 0.0009
    有意差: あり (α=0.05)

  === 各指標とモデルの比較表 ===

Metric	AUC-ROC	AUC-PR	p-value
NQC	0.5094	0.4904	-
Clarity	0.5470	0.5177	-
WIG	0.5080	0.4922	-
SMV	0.5077	0.4897	-
n(σ%)	0.5193	0.4986	-
AvgIDF	0.5575	0.5294	-
AvgICTF	0.5500	0.5205	-
MaxIDF	0.5379	0.5188	-
MaxSCQ	0.5354	0.5158	-
Simplified Clarity	0.5469	0.5198	-
BERT	0.6839	0.6620	-
L2	0.6876	0.6643	0.0009

  - DeLongの検定結果を保存: /home/daiki_shibata/pj/QPP4SIP/LogReg/LASSO/outputs/AmbigNQ/pre_post_bert/ictf_idf_maxidf_scq_scs_clarity_ns50_nqc_smv_wig_bert/delong/delong_test_l2.csv
  - 比較表を保存: /home/daiki_shibata/pj/QPP4SIP/LogReg/LASSO/outputs/AmbigNQ/pre_post_bert/ictf_idf_maxidf_scq_scs_clarity_ns50_nqc_smv_wig_bert/delong/comparison_table_l2.csv

ElasticNet:
  Accuracy: 0.6347
  F1 Score: 0.6285
  AUC-ROC: 0.6878
  Average Precision: 0.6644

  --- ElasticNet モデルのDeLong検定を実行中 ---
  単体指標の最高ROC: bert_logit_clarification (AUC = 0.6839)
  回帰モデルのROC: AUC = 0.6878

  DeLongの検定結果:
    モデルA (ElasticNet): AUC = 0.6878
    モデルB (単体指標 bert_logit_clarification): AUC = 0.6839
    AUC差: 0.0039
    Z統計量: 3.4606
    p値: 0.0005
    有意差: あり (α=0.05)

  === 各指標とモデルの比較表 ===

Metric	AUC-ROC	AUC-PR	p-value
NQC	0.5094	0.4904	-
Clarity	0.5470	0.5177	-
WIG	0.5080	0.4922	-
SMV	0.5077	0.4897	-
n(σ%)	0.5193	0.4986	-
AvgIDF	0.5575	0.5294	-
AvgICTF	0.5500	0.5205	-
MaxIDF	0.5379	0.5188	-
MaxSCQ	0.5354	0.5158	-
Simplified Clarity	0.5469	0.5198	-
BERT	0.6839	0.6620	-
ElasticNet	0.6878	0.6644	0.0005

  - DeLongの検定結果を保存: /home/daiki_shibata/pj/QPP4SIP/LogReg/LASSO/outputs/AmbigNQ/pre_post_bert/ictf_idf_maxidf_scq_scs_clarity_ns50_nqc_smv_wig_bert/delong/delong_test_elasticnet.csv
  - 比較表を保存: /home/daiki_shibata/pj/QPP4SIP/LogReg/LASSO/outputs/AmbigNQ/pre_post_bert/ictf_idf_maxidf_scq_scs_clarity_ns50_nqc_smv_wig_bert/delong/comparison_table_elasticnet.csv

No Penalty:
  Accuracy: 0.6334
  F1 Score: 0.6281
  AUC-ROC: 0.6883
  Average Precision: 0.6643

  --- No Penalty モデルのDeLong検定を実行中 ---
  単体指標の最高ROC: bert_logit_clarification (AUC = 0.6839)
  回帰モデルのROC: AUC = 0.6883

  DeLongの検定結果:
    モデルA (No Penalty): AUC = 0.6883
    モデルB (単体指標 bert_logit_clarification): AUC = 0.6839
    AUC差: 0.0045
    Z統計量: 3.3600
    p値: 0.0008
    有意差: あり (α=0.05)

  === 各指標とモデルの比較表 ===

Metric	AUC-ROC	AUC-PR	p-value
NQC	0.5094	0.4904	-
Clarity	0.5470	0.5177	-
WIG	0.5080	0.4922	-
SMV	0.5077	0.4897	-
n(σ%)	0.5193	0.4986	-
AvgIDF	0.5575	0.5294	-
AvgICTF	0.5500	0.5205	-
MaxIDF	0.5379	0.5188	-
MaxSCQ	0.5354	0.5158	-
Simplified Clarity	0.5469	0.5198	-
BERT	0.6839	0.6620	-
No Penalty	0.6883	0.6643	0.0008

  - DeLongの検定結果を保存: /home/daiki_shibata/pj/QPP4SIP/LogReg/LASSO/outputs/AmbigNQ/pre_post_bert/ictf_idf_maxidf_scq_scs_clarity_ns50_nqc_smv_wig_bert/delong/delong_test_none.csv
  - 比較表を保存: /home/daiki_shibata/pj/QPP4SIP/LogReg/LASSO/outputs/AmbigNQ/pre_post_bert/ictf_idf_maxidf_scq_scs_clarity_ns50_nqc_smv_wig_bert/delong/comparison_table_none.csv

BOLASSO:
  Accuracy: 0.6347
  F1 Score: 0.6289
  AUC-ROC: 0.6880
  Average Precision: 0.6646

  --- BOLASSO モデルのDeLong検定を実行中 ---
  単体指標の最高ROC: bert_logit_clarification (AUC = 0.6839)
  回帰モデルのROC: AUC = 0.6880

  DeLongの検定結果:
    モデルA (BOLASSO): AUC = 0.6880
    モデルB (単体指標 bert_logit_clarification): AUC = 0.6839
    AUC差: 0.0041
    Z統計量: 3.6143
    p値: 0.0003
    有意差: あり (α=0.05)

  === 各指標とモデルの比較表 ===

Metric	AUC-ROC	AUC-PR	p-value
NQC	0.5094	0.4904	-
Clarity	0.5470	0.5177	-
WIG	0.5080	0.4922	-
SMV	0.5077	0.4897	-
n(σ%)	0.5193	0.4986	-
AvgIDF	0.5575	0.5294	-
AvgICTF	0.5500	0.5205	-
MaxIDF	0.5379	0.5188	-
MaxSCQ	0.5354	0.5158	-
Simplified Clarity	0.5469	0.5198	-
BERT	0.6839	0.6620	-
BOLASSO	0.6880	0.6646	0.0003

  - DeLongの検定結果を保存: /home/daiki_shibata/pj/QPP4SIP/LogReg/LASSO/outputs/AmbigNQ/pre_post_bert/ictf_idf_maxidf_scq_scs_clarity_ns50_nqc_smv_wig_bert/delong/delong_test_bolasso.csv
  - 比較表を保存: /home/daiki_shibata/pj/QPP4SIP/LogReg/LASSO/outputs/AmbigNQ/pre_post_bert/ictf_idf_maxidf_scq_scs_clarity_ns50_nqc_smv_wig_bert/delong/comparison_table_bolasso.csv

LARS-Traps:
  Accuracy: 0.6349
  F1 Score: 0.6286
  AUC-ROC: 0.6876
  Average Precision: 0.6643

  --- LARS-Traps モデルのDeLong検定を実行中 ---
  単体指標の最高ROC: bert_logit_clarification (AUC = 0.6839)
  回帰モデルのROC: AUC = 0.6876

  DeLongの検定結果:
    モデルA (LARS-Traps): AUC = 0.6876
    モデルB (単体指標 bert_logit_clarification): AUC = 0.6839
    AUC差: 0.0037
    Z統計量: 3.3288
    p値: 0.0009
    有意差: あり (α=0.05)

  === 各指標とモデルの比較表 ===

Metric	AUC-ROC	AUC-PR	p-value
NQC	0.5094	0.4904	-
Clarity	0.5470	0.5177	-
WIG	0.5080	0.4922	-
SMV	0.5077	0.4897	-
n(σ%)	0.5193	0.4986	-
AvgIDF	0.5575	0.5294	-
AvgICTF	0.5500	0.5205	-
MaxIDF	0.5379	0.5188	-
MaxSCQ	0.5354	0.5158	-
Simplified Clarity	0.5469	0.5198	-
BERT	0.6839	0.6620	-
LARS-Traps	0.6876	0.6643	0.0009

  - DeLongの検定結果を保存: /home/daiki_shibata/pj/QPP4SIP/LogReg/LASSO/outputs/AmbigNQ/pre_post_bert/ictf_idf_maxidf_scq_scs_clarity_ns50_nqc_smv_wig_bert/delong/delong_test_lars_traps.csv
  - 比較表を保存: /home/daiki_shibata/pj/QPP4SIP/LogReg/LASSO/outputs/AmbigNQ/pre_post_bert/ictf_idf_maxidf_scq_scs_clarity_ns50_nqc_smv_wig_bert/delong/comparison_table_lars_traps.csv

LARS-CV:
  Accuracy: 0.6345
  F1 Score: 0.6283
  AUC-ROC: 0.6876
  Average Precision: 0.6643

  --- LARS-CV モデルのDeLong検定を実行中 ---
  単体指標の最高ROC: bert_logit_clarification (AUC = 0.6839)
  回帰モデルのROC: AUC = 0.6876

  DeLongの検定結果:
    モデルA (LARS-CV): AUC = 0.6876
    モデルB (単体指標 bert_logit_clarification): AUC = 0.6839
    AUC差: 0.0037
    Z統計量: 3.2831
    p値: 0.0010
    有意差: あり (α=0.05)

  === 各指標とモデルの比較表 ===

Metric	AUC-ROC	AUC-PR	p-value
NQC	0.5094	0.4904	-
Clarity	0.5470	0.5177	-
WIG	0.5080	0.4922	-
SMV	0.5077	0.4897	-
n(σ%)	0.5193	0.4986	-
AvgIDF	0.5575	0.5294	-
AvgICTF	0.5500	0.5205	-
MaxIDF	0.5379	0.5188	-
MaxSCQ	0.5354	0.5158	-
Simplified Clarity	0.5469	0.5198	-
BERT	0.6839	0.6620	-
LARS-CV	0.6876	0.6643	0.0010

  - DeLongの検定結果を保存: /home/daiki_shibata/pj/QPP4SIP/LogReg/LASSO/outputs/AmbigNQ/pre_post_bert/ictf_idf_maxidf_scq_scs_clarity_ns50_nqc_smv_wig_bert/delong/delong_test_lars_cv.csv
  - 比較表を保存: /home/daiki_shibata/pj/QPP4SIP/LogReg/LASSO/outputs/AmbigNQ/pre_post_bert/ictf_idf_maxidf_scq_scs_clarity_ns50_nqc_smv_wig_bert/delong/comparison_table_lars_cv.csv

RandomForest:
  Accuracy: 0.6138
  F1 Score: 0.5966
  AUC-ROC: 0.6621
  Average Precision: 0.6319

  --- RandomForest モデルのDeLong検定を実行中 ---
  単体指標の最高ROC: bert_logit_clarification (AUC = 0.6839)
  回帰モデルのROC: AUC = 0.6621

  DeLongの検定結果:
    モデルA (RandomForest): AUC = 0.6621
    モデルB (単体指標 bert_logit_clarification): AUC = 0.6839
    AUC差: -0.0218
    Z統計量: -6.9070
    p値: 0.0000
    有意差: あり (α=0.05)

  === 各指標とモデルの比較表 ===

Metric	AUC-ROC	AUC-PR	p-value
NQC	0.5094	0.4904	-
Clarity	0.5470	0.5177	-
WIG	0.5080	0.4922	-
SMV	0.5077	0.4897	-
n(σ%)	0.5193	0.4986	-
AvgIDF	0.5575	0.5294	-
AvgICTF	0.5500	0.5205	-
MaxIDF	0.5379	0.5188	-
MaxSCQ	0.5354	0.5158	-
Simplified Clarity	0.5469	0.5198	-
BERT	0.6839	0.6620	-
RandomForest	0.6621	0.6319	4.95e-12

  - DeLongの検定結果を保存: /home/daiki_shibata/pj/QPP4SIP/LogReg/LASSO/outputs/AmbigNQ/pre_post_bert/ictf_idf_maxidf_scq_scs_clarity_ns50_nqc_smv_wig_bert/delong/delong_test_randomforest.csv
  - 比較表を保存: /home/daiki_shibata/pj/QPP4SIP/LogReg/LASSO/outputs/AmbigNQ/pre_post_bert/ictf_idf_maxidf_scq_scs_clarity_ns50_nqc_smv_wig_bert/delong/comparison_table_randomforest.csv

================================================================================
全モデル統合比較表を作成中...
================================================================================

=== 全モデル統合比較表 ===
Metric	AUC-ROC	AUC-PR	p-value
BERT	0.6839	0.6620	-
Clarity	0.5475	0.5185	-
n(σ%)	0.5201	0.5001	-
NQC	0.5111	0.4939	-
AvgICTF	0.5500	0.5205	-
AvgIDF	0.5575	0.5294	-
MaxIDF	0.5379	0.5188	-
MaxSCQ	0.5354	0.5158	-
Simplified Clarity	0.5469	0.5198	-
SMV	0.5100	0.4931	-
WIG	0.5101	0.4957	-
L1 Logistic Regression	0.6880	0.6646	0.0003
L2 Logistic Regression	0.6876	0.6643	0.0009
E-Net	0.6878	0.6644	0.0005
No Penalty Logistic Regression	0.6883	0.6643	0.0008
BOLASSO	0.6880	0.6646	0.0003
LARS-Traps	0.6876	0.6643	0.0009
LARS-CV	0.6876	0.6643	0.0010
Random Forest	0.6621	0.6319	4.95e-12

  - 統合比較表（DeLong検定）を保存: /home/daiki_shibata/pj/QPP4SIP/LogReg/LASSO/outputs/AmbigNQ/pre_post_bert/ictf_idf_maxidf_scq_scs_clarity_ns50_nqc_smv_wig_bert/delong/comprehensive_comparison_table.csv

================================================================================
モデル比較グラフを描画中...
================================================================================
  - 保存先: /home/daiki_shibata/pj/QPP4SIP/LogReg/LASSO/outputs/AmbigNQ/pre_post_bert/ictf_idf_maxidf_scq_scs_clarity_ns50_nqc_smv_wig_bert/graphs/roc_curves_comparison.png
  - 保存先: /home/daiki_shibata/pj/QPP4SIP/LogReg/LASSO/outputs/AmbigNQ/pre_post_bert/ictf_idf_maxidf_scq_scs_clarity_ns50_nqc_smv_wig_bert/graphs/pr_curves_comparison.png
  - 比較表を保存: /home/daiki_shibata/pj/QPP4SIP/LogReg/LASSO/outputs/AmbigNQ/pre_post_bert/ictf_idf_maxidf_scq_scs_clarity_ns50_nqc_smv_wig_bert/graphs/models_comparison.csv
  - モデル比較グラフを保存しました

結果をファイルに保存しました（全モデル実行結果を含む）: /home/daiki_shibata/pj/QPP4SIP/LogReg/LASSO/outputs/AmbigNQ/pre_post_bert/ictf_idf_maxidf_scq_scs_clarity_ns50_nqc_smv_wig_bert/results.txt

=== 完了 ===
