NSP top_k値: 50 (trainとdevで共通)
使用する特徴量タイプ: pre, bert
=== allによるclarification分類 ===

データセット: AmbigNQ
検索手法: dpr
使用する特徴量: QPPスコア（pre + base）
  設定: --feature-typesで指定
モデルタイプ: all
ラベル分布の調整: 無効
非負制約: 無効
クロスバリデーション: 有効
  Fold数: 5
正規化方法: 訓練データの統計量で[0,1]正規化（Min-Max）（通常）

1. データ読み込み中...

【ラベル抽出のデバッグ情報】
response_type別の分布:
  clarification: 総数=4747, ラベル0=0, ラベル1=4747
  directAnswer: 総数=5289, ラベル0=5289, ラベル1=0
総ラベル分布: 0=5289, 1=4747

  - 訓練データ: 10036 サンプル
Loaded 10036 pre_avgidf scores for train
Loaded 10036 pre_avgictf scores for train
Loaded 10036 pre_maxidf scores for train
Loaded 10036 pre_maxscq scores for train
Loaded 10036 pre_simplified_clarity scores for train
  - pre_avgidf: 10036 サンプル
  - pre_avgictf: 10036 サンプル
  - pre_maxidf: 10036 サンプル
  - pre_maxscq: 10036 サンプル
  - pre_simplified_clarity: 10036 サンプル
Loaded 10036 bert_logit_clarification scores for train (experiment: AmbigNQ_bert-base_lr2e-05_bs16_kfold5)
  - bert_logit_clarification: 10036 サンプル

【ラベル抽出のデバッグ情報】
response_type別の分布:
  clarification: 総数=1070, ラベル0=0, ラベル1=1070
  directAnswer: 総数=932, ラベル0=932, ラベル1=0
総ラベル分布: 0=932, 1=1070

  - テストデータ: 2002 サンプル
Loaded 2002 pre_avgidf scores for dev
Loaded 2002 pre_avgictf scores for dev
Loaded 2002 pre_maxidf scores for dev
Loaded 2002 pre_maxscq scores for dev
Loaded 2002 pre_simplified_clarity scores for dev
  - pre_avgidf: 2002 サンプル
  - pre_avgictf: 2002 サンプル
  - pre_maxidf: 2002 サンプル
  - pre_maxscq: 2002 サンプル
  - pre_simplified_clarity: 2002 サンプル
Loaded 2002 bert_logit_clarification scores for dev (experiment: AmbigNQ_bert-base_lr2e-05_bs16_kfold5)
  - bert_logit_clarification: 2002 サンプル

2. 特徴量マージ中...
  - 訓練データ: 10036 サンプル, 6 特徴量
  - テストデータ: 2002 サンプル, 6 特徴量
  - 特徴量: ['pre_avgidf', 'pre_avgictf', 'pre_maxidf', 'pre_maxscq', 'pre_simplified_clarity', 'bert_logit_clarification']
  - 訓練データのラベル分布: {0: 5289, 1: 4747}
  - テストデータのラベル分布: {1: 1070, 0: 932}

2.1. trainとdevを統合中...
  - 統合データ: 12038 サンプル, 6 特徴量
  - 統合データのラベル分布: {0: 6221, 1: 5817} (正例率: 0.4832)

2.5. ラベル分布の調整: スキップ（--balance-label-distribution が指定されていません）

================================================================================
クロスバリデーション評価を開始します
================================================================================

================================================================================
Fold 1/5
================================================================================
  - Fold訓練データ: 9630 サンプル
  - Foldテストデータ: 2408 サンプル
  - Fold訓練データのラベル分布: {0: 4977, 1: 4653} (正例率: 0.4832)
  - Foldテストデータのラベル分布: {0: 1244, 1: 1164} (正例率: 0.4834)

  Fold 1 結果:
    訓練 - Accuracy: 0.6333, F1: 0.6273, AUC: 0.6872, AP: 0.6663
    テスト - Accuracy: 0.6462, F1: 0.6368, AUC: 0.6893, AP: 0.6607

================================================================================
Fold 2/5
================================================================================
  - Fold訓練データ: 9630 サンプル
  - Foldテストデータ: 2408 サンプル
  - Fold訓練データのラベル分布: {0: 4977, 1: 4653} (正例率: 0.4832)
  - Foldテストデータのラベル分布: {0: 1244, 1: 1164} (正例率: 0.4834)

  Fold 2 結果:
    訓練 - Accuracy: 0.6404, F1: 0.6350, AUC: 0.6910, AP: 0.6686
    テスト - Accuracy: 0.6217, F1: 0.6092, AUC: 0.6760, AP: 0.6534

================================================================================
Fold 3/5
================================================================================
  - Fold訓練データ: 9630 サンプル
  - Foldテストデータ: 2408 サンプル
  - Fold訓練データのラベル分布: {0: 4976, 1: 4654} (正例率: 0.4833)
  - Foldテストデータのラベル分布: {0: 1245, 1: 1163} (正例率: 0.4830)

  Fold 3 結果:
    訓練 - Accuracy: 0.6400, F1: 0.6335, AUC: 0.6916, AP: 0.6706
    テスト - Accuracy: 0.6204, F1: 0.6140, AUC: 0.6725, AP: 0.6446

================================================================================
Fold 4/5
================================================================================
  - Fold訓練データ: 9631 サンプル
  - Foldテストデータ: 2407 サンプル
  - Fold訓練データのラベル分布: {0: 4977, 1: 4654} (正例率: 0.4832)
  - Foldテストデータのラベル分布: {0: 1244, 1: 1163} (正例率: 0.4832)

  Fold 4 結果:
    訓練 - Accuracy: 0.6309, F1: 0.6245, AUC: 0.6824, AP: 0.6579
    テスト - Accuracy: 0.6477, F1: 0.6487, AUC: 0.7046, AP: 0.6874

================================================================================
Fold 5/5
================================================================================
  - Fold訓練データ: 9631 サンプル
  - Foldテストデータ: 2407 サンプル
  - Fold訓練データのラベル分布: {0: 4977, 1: 4654} (正例率: 0.4832)
  - Foldテストデータのラベル分布: {0: 1244, 1: 1163} (正例率: 0.4832)

  Fold 5 結果:
    訓練 - Accuracy: 0.6336, F1: 0.6274, AUC: 0.6863, AP: 0.6626
    テスト - Accuracy: 0.6435, F1: 0.6428, AUC: 0.6925, AP: 0.6759

================================================================================
クロスバリデーション結果の集約
================================================================================

各Foldの結果:
 fold  train_acc  train_f1  train_auc  train_ap  test_acc  test_f1  test_auc  test_ap
    1   0.633333  0.627335   0.687198  0.666253  0.646179 0.636829  0.689252 0.660676
    2   0.640395  0.634974   0.691035  0.668593  0.621678 0.609181  0.676027 0.653441
    3   0.639979  0.633548   0.691645  0.670574  0.620432 0.614020  0.672477 0.644589
    4   0.630879  0.624485   0.682427  0.657890  0.647694 0.648716  0.704597 0.687442
    5   0.633579  0.627389   0.686265  0.662610  0.643540 0.642798  0.692452 0.675883

平均値（標準偏差）:
  train_acc: 0.6356 (±0.0043)
  train_f1: 0.6295 (±0.0045)
  train_auc: 0.6877 (±0.0038)
  train_ap: 0.6652 (±0.0050)
  test_acc: 0.6359 (±0.0136)
  test_f1: 0.6303 (±0.0177)
  test_auc: 0.6870 (±0.0130)
  test_ap: 0.6644 (±0.0172)

全Fold統合テストデータ:
  AUC-ROC: 0.6867
  Average Precision: 0.6636

=== クロスバリデーション完了 ===

================================================================================
クロスバリデーションで得られたモデルを使って、train/devデータに対して評価を実行します
================================================================================

=== クロスバリデーション結果による評価 ===
（各foldのテストデータに対する予測結果を使用）
CVテストデータ - Accuracy: 0.6359, F1: 0.6305, AUC: 0.6867, AP: 0.6636

5.6. 単体指標の最高ROCと回帰モデルのDeLong検定を実行中...
  単体指標の最高ROC: BERT (AUC = 0.6837)
  回帰モデルのROC: AUC = 0.6867

  DeLongの検定結果:
    モデルA (回帰): AUC = 0.6867
    モデルB (単体指標 BERT): AUC = 0.6837
    AUC差: 0.0030
    Z統計量: 3.4865
    p値: 0.0005
    有意差: あり (α=0.05)

  === 各指標とモデルの比較表 ===

Metric	AUC-ROC	AUC-PR	p-value
AvgIDF	0.5577	0.5302	-
AvgICTF	0.5501	0.5206	-
MaxIDF	0.5392	0.5210	-
MaxSCQ	0.5362	0.5162	-
Simplified Clarity	0.5470	0.5200	-
BERT	0.6837	0.6618	-
ALL Logistic Regression	0.6867	0.6636	0.0005
/home/daiki_shibata/pj/QPP4SIP/LogReg/LASSO/module/visualization.py:718: UserWarning: Boolean Series key will be reindexed to match DataFrame index.
  test_values_pos = X_test[y_test == 1][feature_name].values
/home/daiki_shibata/pj/QPP4SIP/LogReg/LASSO/module/visualization.py:719: UserWarning: Boolean Series key will be reindexed to match DataFrame index.
  test_values_neg = X_test[y_test == 0][feature_name].values
/home/daiki_shibata/pj/QPP4SIP/LogReg/LASSO/module/visualization.py:718: UserWarning: Boolean Series key will be reindexed to match DataFrame index.
  test_values_pos = X_test[y_test == 1][feature_name].values
/home/daiki_shibata/pj/QPP4SIP/LogReg/LASSO/module/visualization.py:719: UserWarning: Boolean Series key will be reindexed to match DataFrame index.
  test_values_neg = X_test[y_test == 0][feature_name].values
/home/daiki_shibata/pj/QPP4SIP/LogReg/LASSO/module/visualization.py:718: UserWarning: Boolean Series key will be reindexed to match DataFrame index.
  test_values_pos = X_test[y_test == 1][feature_name].values
/home/daiki_shibata/pj/QPP4SIP/LogReg/LASSO/module/visualization.py:719: UserWarning: Boolean Series key will be reindexed to match DataFrame index.
  test_values_neg = X_test[y_test == 0][feature_name].values
/home/daiki_shibata/pj/QPP4SIP/LogReg/LASSO/module/visualization.py:718: UserWarning: Boolean Series key will be reindexed to match DataFrame index.
  test_values_pos = X_test[y_test == 1][feature_name].values
/home/daiki_shibata/pj/QPP4SIP/LogReg/LASSO/module/visualization.py:719: UserWarning: Boolean Series key will be reindexed to match DataFrame index.
  test_values_neg = X_test[y_test == 0][feature_name].values
/home/daiki_shibata/pj/QPP4SIP/LogReg/LASSO/module/visualization.py:718: UserWarning: Boolean Series key will be reindexed to match DataFrame index.
  test_values_pos = X_test[y_test == 1][feature_name].values
/home/daiki_shibata/pj/QPP4SIP/LogReg/LASSO/module/visualization.py:719: UserWarning: Boolean Series key will be reindexed to match DataFrame index.
  test_values_neg = X_test[y_test == 0][feature_name].values
/home/daiki_shibata/pj/QPP4SIP/LogReg/LASSO/module/visualization.py:718: UserWarning: Boolean Series key will be reindexed to match DataFrame index.
  test_values_pos = X_test[y_test == 1][feature_name].values
/home/daiki_shibata/pj/QPP4SIP/LogReg/LASSO/module/visualization.py:719: UserWarning: Boolean Series key will be reindexed to match DataFrame index.
  test_values_neg = X_test[y_test == 0][feature_name].values

  - DeLongの検定結果を保存: /home/daiki_shibata/pj/QPP4SIP/LogReg/LASSO/outputs/AmbigNQ/pre_bert/ictf_idf_maxidf_scq_scs_bert/delong/delong_test_single_metric.csv
  - 比較表を保存: /home/daiki_shibata/pj/QPP4SIP/LogReg/LASSO/outputs/AmbigNQ/pre_bert/ictf_idf_maxidf_scq_scs_bert/delong/comparison_table.csv
  - 回帰モデル同士の比較用に予測結果を保存: /home/daiki_shibata/pj/QPP4SIP/LogReg/LASSO/outputs/AmbigNQ/pre_bert/ictf_idf_maxidf_scq_scs_bert/csv/predictions_for_delong.csv

参考: train/devデータに対する予測（評価には使用しません）
参考 - 訓練データ: Accuracy: 0.6274, F1: 0.6214, AUC: 0.6831, AP: 0.6538
参考 - テストデータ: Accuracy: 0.6633, F1: 0.6766, AUC: 0.7162, AP: 0.7324

特徴量の係数（各foldの平均）:
                 feature  coefficient
              pre_avgidf    -3.658273
  pre_simplified_clarity     3.416012
bert_logit_clarification     3.209225
              pre_maxscq    -0.272473
              pre_maxidf    -0.019898
             pre_avgictf     0.000000
  - 係数をCSVファイルに保存しました: /home/daiki_shibata/pj/QPP4SIP/LogReg/LASSO/outputs/AmbigNQ/pre_bert/ictf_idf_maxidf_scq_scs_bert/coefficients.csv
  - DeLongの検定用に予測結果を保存（CV統合）: /home/daiki_shibata/pj/QPP4SIP/LogReg/LASSO/outputs/AmbigNQ/pre_bert/ictf_idf_maxidf_scq_scs_bert/csv/predictions_for_delong.csv

3. [0,1]正規化（Min-Max）中...
  - 方法: 訓練データの統計量でテストデータも正規化（通常）
  - 正規化完了

=== 評価結果 ===
（クロスバリデーション結果は既に上記で表示済み）

6. ROC曲線を描画中...
  - 保存先: /home/daiki_shibata/pj/QPP4SIP/LogReg/LASSO/outputs/AmbigNQ/pre_bert/ictf_idf_maxidf_scq_scs_bert/graphs/roc_curves.png
  - ROC曲線を保存しました

7. Precision-Recall曲線を描画中...
  - 保存先: /home/daiki_shibata/pj/QPP4SIP/LogReg/LASSO/outputs/AmbigNQ/pre_bert/ictf_idf_maxidf_scq_scs_bert/graphs/pr_curves.png
  - PR曲線を保存しました

8. 閾値とF1スコアの関係を描画中...
  - 保存先: /home/daiki_shibata/pj/QPP4SIP/LogReg/LASSO/outputs/AmbigNQ/pre_bert/ictf_idf_maxidf_scq_scs_bert/graphs/threshold_f1_curves.png
  - 閾値とF1スコアの関係を保存しました

9. 特徴量のスコア分布を描画中...
  - 保存先: /home/daiki_shibata/pj/QPP4SIP/LogReg/LASSO/outputs/AmbigNQ/pre_bert/ictf_idf_maxidf_scq_scs_bert/graphs/feature_distributions.png
  - 保存先: /home/daiki_shibata/pj/QPP4SIP/LogReg/LASSO/outputs/AmbigNQ/pre_bert/ictf_idf_maxidf_scq_scs_bert/graphs/feature_distributions_by_label.png
  - 特徴量のスコア分布を保存しました

10. 相関係数ヒートマップを描画中...
trainとtestを統合: train=10036サンプル, test=2002サンプル, 合計=12038サンプル
  - 相関係数ヒートマップを保存しました: /home/daiki_shibata/pj/QPP4SIP/LogReg/LASSO/outputs/AmbigNQ/pre_bert/ictf_idf_maxidf_scq_scs_bert/graphs/correlation_heatmaps.png

=== 相関係数の統計情報 ===
全体のデータ数: 12038

全体の相関係数（ピアソン）:
                          pre_avgidf  ...  bert_logit_clarification
pre_avgidf                  1.000000  ...                 -0.176304
pre_avgictf                 0.986014  ...                 -0.153087
pre_maxidf                  0.755004  ...                 -0.128198
pre_maxscq                  0.276256  ...                 -0.120920
pre_simplified_clarity      0.988840  ...                 -0.145142
bert_logit_clarification   -0.176304  ...                  1.000000

[6 rows x 6 columns]

全体の相関係数（スピアマン）:
                          pre_avgidf  ...  bert_logit_clarification
pre_avgidf                  1.000000  ...                 -0.183923
pre_avgictf                 0.986729  ...                 -0.160699
pre_maxidf                  0.770325  ...                 -0.116783
pre_maxscq                  0.292212  ...                 -0.113750
pre_simplified_clarity      0.987387  ...                 -0.152713
bert_logit_clarification   -0.183923  ...                  1.000000

[6 rows x 6 columns]

Negativeラベルの相関係数（ピアソン） (データ数: 6332):
                          pre_avgidf  ...  bert_logit_clarification
pre_avgidf                  1.000000  ...                 -0.177858
pre_avgictf                 0.985406  ...                 -0.156374
pre_maxidf                  0.743076  ...                 -0.148331
pre_maxscq                  0.286308  ...                 -0.112127
pre_simplified_clarity      0.988697  ...                 -0.147061
bert_logit_clarification   -0.177858  ...                  1.000000

[6 rows x 6 columns]

Negativeラベルの相関係数（スピアマン） (データ数: 6332):
                          pre_avgidf  ...  bert_logit_clarification
pre_avgidf                  1.000000  ...                 -0.192861
pre_avgictf                 0.986134  ...                 -0.170344
pre_maxidf                  0.748688  ...                 -0.135779
pre_maxscq                  0.292649  ...                 -0.110311
pre_simplified_clarity      0.987336  ...                 -0.161194
bert_logit_clarification   -0.192861  ...                  1.000000

[6 rows x 6 columns]

Positiveラベルの相関係数（ピアソン） (データ数: 5706):
                          pre_avgidf  ...  bert_logit_clarification
pre_avgidf                  1.000000  ...                 -0.144886
pre_avgictf                 0.986666  ...                 -0.123687
pre_maxidf                  0.765802  ...                 -0.081044
pre_maxscq                  0.259305  ...                 -0.104683
pre_simplified_clarity      0.989120  ...                 -0.118998
bert_logit_clarification   -0.144886  ...                  1.000000

[6 rows x 6 columns]

Positiveラベルの相関係数（スピアマン） (データ数: 5706):
                          pre_avgidf  ...  bert_logit_clarification
pre_avgidf                  1.000000  ...                 -0.144969
pre_avgictf                 0.987449  ...                 -0.125147
pre_maxidf                  0.791643  ...                 -0.071985
pre_maxscq                  0.283990  ...                 -0.095142
pre_simplified_clarity      0.987519  ...                 -0.120946
bert_logit_clarification   -0.144969  ...                  1.000000

[6 rows x 6 columns]
  - 相関係数ヒートマップを保存しました

11. Confidence Analysis（確信度分析）を実行中...
Loaded 2002 bert_prob_clarification probabilities for dev (experiment: AmbigNQ_bert-base_lr2e-05_bs16_kfold5)
  - BERT予測確率を読み込み: bert_prob_clarification (2002 サンプル)
  - Confidence Analysis可視化を保存: /home/daiki_shibata/pj/QPP4SIP/LogReg/LASSO/outputs/AmbigNQ/pre_bert/ictf_idf_maxidf_scq_scs_bert/graphs/confidence_analysis.png
  - Confidence Analysis可視化を保存しました

  Confidence Analysis結果:
  - BERT確率範囲: [0.4, 0.6]
  - 抽出サンプル数: 417 / 12038
  - 抽出率: 3.46%

  回帰モデル（QPP統合）の評価:
    Accuracy: 0.6331
    F1 Score: 0.6467
    AUC-ROC: 0.6757
    Average Precision: 0.6518

  単体指標（BERT）の評価:
    Accuracy: 0.6211
    F1 Score: 0.6291
    AUC-ROC: 0.6735
    Average Precision: 0.6591

  QPP統合による改善度:
    AUC-ROC改善: +0.0022
    Average Precision改善: -0.0073
    F1 Score改善: +0.0175

  全体データでの改善度との比較:
    全体データ - AUC改善: +0.0030
    Confidence範囲 - AUC改善: +0.0022
    改善度の差: -0.0008

  → Confidence範囲での改善度は全体データと同程度です。
  - Confidence Analysis結果を保存: /home/daiki_shibata/pj/QPP4SIP/LogReg/LASSO/outputs/AmbigNQ/pre_bert/ictf_idf_maxidf_scq_scs_bert/csv/confidence_analysis.csv

12. Overconfidence Analysis（過信分析）を実行中...

  False Positive (高確信度で誤分類):
    - サンプル数: 221
    - 回帰モデル 平均予測確率: 0.4376 (std: 0.1453)
    - 単体指標 平均予測確率: 0.4380 (std: 0.1394)
    - 改善度（0からの距離の減少）: +0.0004
    → QPP統合により、誤分類の予測確率が0に近づいています（改善）

  False Negative (高確信度で誤分類):
    - サンプル数: 146
    - 回帰モデル 平均予測確率: 0.5507 (std: 0.1633)
    - 単体指標 平均予測確率: 0.5513 (std: 0.1579)
    - 改善度（1からの距離の減少）: -0.0006
    → QPP統合による改善は見られませんでした
  - Overconfidence Analysis可視化を保存: /home/daiki_shibata/pj/QPP4SIP/LogReg/LASSO/outputs/AmbigNQ/pre_bert/ictf_idf_maxidf_scq_scs_bert/graphs/overconfidence_analysis.png
  - Overconfidence Analysis可視化を保存しました
  - Overconfidence Analysis結果を保存: /home/daiki_shibata/pj/QPP4SIP/LogReg/LASSO/outputs/AmbigNQ/pre_bert/ictf_idf_maxidf_scq_scs_bert/csv/overconfidence_analysis.csv

結果をファイルに保存しました: /home/daiki_shibata/pj/QPP4SIP/LogReg/LASSO/outputs/AmbigNQ/pre_bert/ictf_idf_maxidf_scq_scs_bert/results.txt

================================================================================
全てのモデルタイプを実行して比較します
================================================================================

L1:
  Accuracy: 0.6357
  F1 Score: 0.6301
  AUC-ROC: 0.6867
  Average Precision: 0.6636

  --- L1 モデルのDeLong検定を実行中 ---
  単体指標の最高ROC: bert_logit_clarification (AUC = 0.6837)
  回帰モデルのROC: AUC = 0.6867

  DeLongの検定結果:
    モデルA (L1): AUC = 0.6867
    モデルB (単体指標 bert_logit_clarification): AUC = 0.6837
    AUC差: 0.0029
    Z統計量: 3.4715
    p値: 0.0005
    有意差: あり (α=0.05)

  === 各指標とモデルの比較表 ===

Metric	AUC-ROC	AUC-PR	p-value
AvgIDF	0.5577	0.5302	-
AvgICTF	0.5501	0.5206	-
MaxIDF	0.5392	0.5210	-
MaxSCQ	0.5362	0.5162	-
Simplified Clarity	0.5470	0.5200	-
BERT	0.6837	0.6618	-
L1	0.6867	0.6636	0.0005

  - DeLongの検定結果を保存: /home/daiki_shibata/pj/QPP4SIP/LogReg/LASSO/outputs/AmbigNQ/pre_bert/ictf_idf_maxidf_scq_scs_bert/delong/delong_test_l1.csv
  - 比較表を保存: /home/daiki_shibata/pj/QPP4SIP/LogReg/LASSO/outputs/AmbigNQ/pre_bert/ictf_idf_maxidf_scq_scs_bert/delong/comparison_table_l1.csv

L2:
  Accuracy: 0.6348
  F1 Score: 0.6285
  AUC-ROC: 0.6861
  Average Precision: 0.6632

  --- L2 モデルのDeLong検定を実行中 ---
  単体指標の最高ROC: bert_logit_clarification (AUC = 0.6837)
  回帰モデルのROC: AUC = 0.6861

  DeLongの検定結果:
    モデルA (L2): AUC = 0.6861
    モデルB (単体指標 bert_logit_clarification): AUC = 0.6837
    AUC差: 0.0024
    Z統計量: 3.2156
    p値: 0.0013
    有意差: あり (α=0.05)

  === 各指標とモデルの比較表 ===

Metric	AUC-ROC	AUC-PR	p-value
AvgIDF	0.5577	0.5302	-
AvgICTF	0.5501	0.5206	-
MaxIDF	0.5392	0.5210	-
MaxSCQ	0.5362	0.5162	-
Simplified Clarity	0.5470	0.5200	-
BERT	0.6837	0.6618	-
L2	0.6861	0.6632	0.0013

  - DeLongの検定結果を保存: /home/daiki_shibata/pj/QPP4SIP/LogReg/LASSO/outputs/AmbigNQ/pre_bert/ictf_idf_maxidf_scq_scs_bert/delong/delong_test_l2.csv
  - 比較表を保存: /home/daiki_shibata/pj/QPP4SIP/LogReg/LASSO/outputs/AmbigNQ/pre_bert/ictf_idf_maxidf_scq_scs_bert/delong/comparison_table_l2.csv

ElasticNet:
  Accuracy: 0.6345
  F1 Score: 0.6284
  AUC-ROC: 0.6863
  Average Precision: 0.6634

  --- ElasticNet モデルのDeLong検定を実行中 ---
  単体指標の最高ROC: bert_logit_clarification (AUC = 0.6837)
  回帰モデルのROC: AUC = 0.6863

  DeLongの検定結果:
    モデルA (ElasticNet): AUC = 0.6863
    モデルB (単体指標 bert_logit_clarification): AUC = 0.6837
    AUC差: 0.0026
    Z統計量: 3.4348
    p値: 0.0006
    有意差: あり (α=0.05)

  === 各指標とモデルの比較表 ===

Metric	AUC-ROC	AUC-PR	p-value
AvgIDF	0.5577	0.5302	-
AvgICTF	0.5501	0.5206	-
MaxIDF	0.5392	0.5210	-
MaxSCQ	0.5362	0.5162	-
Simplified Clarity	0.5470	0.5200	-
BERT	0.6837	0.6618	-
ElasticNet	0.6863	0.6634	0.0006

  - DeLongの検定結果を保存: /home/daiki_shibata/pj/QPP4SIP/LogReg/LASSO/outputs/AmbigNQ/pre_bert/ictf_idf_maxidf_scq_scs_bert/delong/delong_test_elasticnet.csv
  - 比較表を保存: /home/daiki_shibata/pj/QPP4SIP/LogReg/LASSO/outputs/AmbigNQ/pre_bert/ictf_idf_maxidf_scq_scs_bert/delong/comparison_table_elasticnet.csv

No Penalty:
  Accuracy: 0.6352
  F1 Score: 0.6302
  AUC-ROC: 0.6871
  Average Precision: 0.6634

  --- No Penalty モデルのDeLong検定を実行中 ---
  単体指標の最高ROC: bert_logit_clarification (AUC = 0.6837)
  回帰モデルのROC: AUC = 0.6871

  DeLongの検定結果:
    モデルA (No Penalty): AUC = 0.6871
    モデルB (単体指標 bert_logit_clarification): AUC = 0.6837
    AUC差: 0.0034
    Z統計量: 3.1335
    p値: 0.0017
    有意差: あり (α=0.05)

  === 各指標とモデルの比較表 ===

Metric	AUC-ROC	AUC-PR	p-value
AvgIDF	0.5577	0.5302	-
AvgICTF	0.5501	0.5206	-
MaxIDF	0.5392	0.5210	-
MaxSCQ	0.5362	0.5162	-
Simplified Clarity	0.5470	0.5200	-
BERT	0.6837	0.6618	-
No Penalty	0.6871	0.6634	0.0017

  - DeLongの検定結果を保存: /home/daiki_shibata/pj/QPP4SIP/LogReg/LASSO/outputs/AmbigNQ/pre_bert/ictf_idf_maxidf_scq_scs_bert/delong/delong_test_none.csv
  - 比較表を保存: /home/daiki_shibata/pj/QPP4SIP/LogReg/LASSO/outputs/AmbigNQ/pre_bert/ictf_idf_maxidf_scq_scs_bert/delong/comparison_table_none.csv

BOLASSO:
  Accuracy: 0.6357
  F1 Score: 0.6301
  AUC-ROC: 0.6867
  Average Precision: 0.6636

  --- BOLASSO モデルのDeLong検定を実行中 ---
  単体指標の最高ROC: bert_logit_clarification (AUC = 0.6837)
  回帰モデルのROC: AUC = 0.6867

  DeLongの検定結果:
    モデルA (BOLASSO): AUC = 0.6867
    モデルB (単体指標 bert_logit_clarification): AUC = 0.6837
    AUC差: 0.0029
    Z統計量: 3.4715
    p値: 0.0005
    有意差: あり (α=0.05)

  === 各指標とモデルの比較表 ===

Metric	AUC-ROC	AUC-PR	p-value
AvgIDF	0.5577	0.5302	-
AvgICTF	0.5501	0.5206	-
MaxIDF	0.5392	0.5210	-
MaxSCQ	0.5362	0.5162	-
Simplified Clarity	0.5470	0.5200	-
BERT	0.6837	0.6618	-
BOLASSO	0.6867	0.6636	0.0005

  - DeLongの検定結果を保存: /home/daiki_shibata/pj/QPP4SIP/LogReg/LASSO/outputs/AmbigNQ/pre_bert/ictf_idf_maxidf_scq_scs_bert/delong/delong_test_bolasso.csv
  - 比較表を保存: /home/daiki_shibata/pj/QPP4SIP/LogReg/LASSO/outputs/AmbigNQ/pre_bert/ictf_idf_maxidf_scq_scs_bert/delong/comparison_table_bolasso.csv

LARS-Traps:
  Accuracy: 0.6348
  F1 Score: 0.6285
  AUC-ROC: 0.6861
  Average Precision: 0.6632

  --- LARS-Traps モデルのDeLong検定を実行中 ---
  単体指標の最高ROC: bert_logit_clarification (AUC = 0.6837)
  回帰モデルのROC: AUC = 0.6861

  DeLongの検定結果:
    モデルA (LARS-Traps): AUC = 0.6861
    モデルB (単体指標 bert_logit_clarification): AUC = 0.6837
    AUC差: 0.0024
    Z統計量: 3.2156
    p値: 0.0013
    有意差: あり (α=0.05)

  === 各指標とモデルの比較表 ===

Metric	AUC-ROC	AUC-PR	p-value
AvgIDF	0.5577	0.5302	-
AvgICTF	0.5501	0.5206	-
MaxIDF	0.5392	0.5210	-
MaxSCQ	0.5362	0.5162	-
Simplified Clarity	0.5470	0.5200	-
BERT	0.6837	0.6618	-
LARS-Traps	0.6861	0.6632	0.0013

  - DeLongの検定結果を保存: /home/daiki_shibata/pj/QPP4SIP/LogReg/LASSO/outputs/AmbigNQ/pre_bert/ictf_idf_maxidf_scq_scs_bert/delong/delong_test_lars_traps.csv
  - 比較表を保存: /home/daiki_shibata/pj/QPP4SIP/LogReg/LASSO/outputs/AmbigNQ/pre_bert/ictf_idf_maxidf_scq_scs_bert/delong/comparison_table_lars_traps.csv

LARS-CV:
  Accuracy: 0.6348
  F1 Score: 0.6286
  AUC-ROC: 0.6861
  Average Precision: 0.6632

  --- LARS-CV モデルのDeLong検定を実行中 ---
  単体指標の最高ROC: bert_logit_clarification (AUC = 0.6837)
  回帰モデルのROC: AUC = 0.6861

  DeLongの検定結果:
    モデルA (LARS-CV): AUC = 0.6861
    モデルB (単体指標 bert_logit_clarification): AUC = 0.6837
    AUC差: 0.0024
    Z統計量: 3.2582
    p値: 0.0011
    有意差: あり (α=0.05)

  === 各指標とモデルの比較表 ===

Metric	AUC-ROC	AUC-PR	p-value
AvgIDF	0.5577	0.5302	-
AvgICTF	0.5501	0.5206	-
MaxIDF	0.5392	0.5210	-
MaxSCQ	0.5362	0.5162	-
Simplified Clarity	0.5470	0.5200	-
BERT	0.6837	0.6618	-
LARS-CV	0.6861	0.6632	0.0011

  - DeLongの検定結果を保存: /home/daiki_shibata/pj/QPP4SIP/LogReg/LASSO/outputs/AmbigNQ/pre_bert/ictf_idf_maxidf_scq_scs_bert/delong/delong_test_lars_cv.csv
  - 比較表を保存: /home/daiki_shibata/pj/QPP4SIP/LogReg/LASSO/outputs/AmbigNQ/pre_bert/ictf_idf_maxidf_scq_scs_bert/delong/comparison_table_lars_cv.csv

RandomForest:
  Accuracy: 0.6022
  F1 Score: 0.5821
  AUC-ROC: 0.6460
  Average Precision: 0.6168

  --- RandomForest モデルのDeLong検定を実行中 ---
  単体指標の最高ROC: bert_logit_clarification (AUC = 0.6837)
  回帰モデルのROC: AUC = 0.6460

  DeLongの検定結果:
    モデルA (RandomForest): AUC = 0.6460
    モデルB (単体指標 bert_logit_clarification): AUC = 0.6837
    AUC差: -0.0378
    Z統計量: -10.3727
    p値: 0.0000
    有意差: あり (α=0.05)

  === 各指標とモデルの比較表 ===

Metric	AUC-ROC	AUC-PR	p-value
AvgIDF	0.5577	0.5302	-
AvgICTF	0.5501	0.5206	-
MaxIDF	0.5392	0.5210	-
MaxSCQ	0.5362	0.5162	-
Simplified Clarity	0.5470	0.5200	-
BERT	0.6837	0.6618	-
RandomForest	0.6460	0.6168	0.00e+00

  - DeLongの検定結果を保存: /home/daiki_shibata/pj/QPP4SIP/LogReg/LASSO/outputs/AmbigNQ/pre_bert/ictf_idf_maxidf_scq_scs_bert/delong/delong_test_randomforest.csv
  - 比較表を保存: /home/daiki_shibata/pj/QPP4SIP/LogReg/LASSO/outputs/AmbigNQ/pre_bert/ictf_idf_maxidf_scq_scs_bert/delong/comparison_table_randomforest.csv

================================================================================
全モデル統合比較表を作成中...
================================================================================

=== 全モデル統合比較表 ===
Metric	AUC-ROC	AUC-PR	p-value
BERT	0.6837	0.6618	-
AvgICTF	0.5501	0.5206	-
AvgIDF	0.5577	0.5302	-
MaxIDF	0.5392	0.5210	-
MaxSCQ	0.5362	0.5162	-
Simplified Clarity	0.5470	0.5200	-
L1 Logistic Regression	0.6867	0.6636	0.0005
L2 Logistic Regression	0.6861	0.6632	0.0013
E-Net	0.6863	0.6634	0.0006
No Penalty Logistic Regression	0.6871	0.6634	0.0017
BOLASSO	0.6867	0.6636	0.0005
LARS-Traps	0.6861	0.6632	0.0013
LARS-CV	0.6861	0.6632	0.0011
Random Forest	0.6460	0.6168	0.00e+00

  - 統合比較表（DeLong検定）を保存: /home/daiki_shibata/pj/QPP4SIP/LogReg/LASSO/outputs/AmbigNQ/pre_bert/ictf_idf_maxidf_scq_scs_bert/delong/comprehensive_comparison_table.csv

================================================================================
モデル比較グラフを描画中...
================================================================================
  - 保存先: /home/daiki_shibata/pj/QPP4SIP/LogReg/LASSO/outputs/AmbigNQ/pre_bert/ictf_idf_maxidf_scq_scs_bert/graphs/roc_curves_comparison.png
  - 保存先: /home/daiki_shibata/pj/QPP4SIP/LogReg/LASSO/outputs/AmbigNQ/pre_bert/ictf_idf_maxidf_scq_scs_bert/graphs/pr_curves_comparison.png
  - 比較表を保存: /home/daiki_shibata/pj/QPP4SIP/LogReg/LASSO/outputs/AmbigNQ/pre_bert/ictf_idf_maxidf_scq_scs_bert/graphs/models_comparison.csv
  - モデル比較グラフを保存しました

結果をファイルに保存しました（全モデル実行結果を含む）: /home/daiki_shibata/pj/QPP4SIP/LogReg/LASSO/outputs/AmbigNQ/pre_bert/ictf_idf_maxidf_scq_scs_bert/results.txt

=== 完了 ===
