NSP top_k値: 50 (trainとdevで共通)
使用する特徴量タイプ: pre, post, transfer
=== allによるclarification分類 ===

データセット: AmbigNQ
検索手法: bm25
使用する特徴量: QPPスコア（post + pre + transfer）
  設定: --feature-typesで指定
モデルタイプ: all
ラベル分布の調整: 無効
非負制約: 無効
クロスバリデーション: 無効
正規化方法: 訓練データの統計量で[0,1]正規化（Min-Max）（通常）

1. データ読み込み中...

【ラベル抽出のデバッグ情報】
response_type別の分布:
  clarification: 総数=4747, ラベル0=0, ラベル1=4747
  directAnswer: 総数=5289, ラベル0=5289, ラベル1=0
総ラベル分布: 0=5289, 1=4747

  - 訓練データ: 10036 サンプル
Loaded 10036 nqc scores for train
Loaded 10036 clarity scores for train
Loaded 10036 wig scores for train
Loaded 10036 smv scores for train
Loaded 10036 n_sigma_50 scores for train
Loaded 10036 pre_avgidf scores for train
Loaded 10036 pre_avgictf scores for train
Loaded 10036 pre_maxidf scores for train
Loaded 10036 pre_maxscq scores for train
Loaded 10036 pre_simplified_clarity scores for train
  - nqc: 10036 サンプル
  - clarity: 10036 サンプル
  - wig: 10036 サンプル
  - smv: 10036 サンプル
  - n_sigma_50: 10036 サンプル
  - pre_avgidf: 10036 サンプル
  - pre_avgictf: 10036 サンプル
  - pre_maxidf: 10036 サンプル
  - pre_maxscq: 10036 サンプル
  - pre_simplified_clarity: 10036 サンプル
Loaded 10036 transfer_logit_clarification scores for train (experiment: AmbigNQ_transfer_from_ClariQ)
Loaded 10036 transfer_logit_clarification scores for train (experiment: AmbigNQ_transfer_from_ClariQ_bert-base)
Loaded 10036 transfer_logit_clarification scores for train (experiment: AmbigNQ_transfer_from_INSCIT)
  - transfer_logit_clarification: 10036 サンプル

【ラベル抽出のデバッグ情報】
response_type別の分布:
  clarification: 総数=1070, ラベル0=0, ラベル1=1070
  directAnswer: 総数=932, ラベル0=932, ラベル1=0
総ラベル分布: 0=932, 1=1070

  - テストデータ: 2002 サンプル
Loaded 2002 nqc scores for dev
Loaded 2002 clarity scores for dev
Loaded 2002 wig scores for dev
Loaded 2002 smv scores for dev
Loaded 2002 n_sigma_50 scores for dev
Loaded 2002 pre_avgidf scores for dev
Loaded 2002 pre_avgictf scores for dev
Loaded 2002 pre_maxidf scores for dev
Loaded 2002 pre_maxscq scores for dev
Loaded 2002 pre_simplified_clarity scores for dev
  - nqc: 2002 サンプル
  - clarity: 2002 サンプル
  - wig: 2002 サンプル
  - smv: 2002 サンプル
  - n_sigma_50: 2002 サンプル
  - pre_avgidf: 2002 サンプル
  - pre_avgictf: 2002 サンプル
  - pre_maxidf: 2002 サンプル
  - pre_maxscq: 2002 サンプル
  - pre_simplified_clarity: 2002 サンプル
Loaded 2002 transfer_logit_clarification scores for dev (experiment: AmbigNQ_transfer_from_ClariQ)
Loaded 2002 transfer_logit_clarification scores for dev (experiment: AmbigNQ_transfer_from_ClariQ_bert-base)
Loaded 2002 transfer_logit_clarification scores for dev (experiment: AmbigNQ_transfer_from_INSCIT)
  - transfer_logit_clarification: 2002 サンプル

2. 特徴量マージ中...
  - 訓練データ: 10036 サンプル, 11 特徴量
  - テストデータ: 2002 サンプル, 11 特徴量
  - 特徴量: ['nqc', 'clarity', 'wig', 'smv', 'n_sigma_50', 'pre_avgidf', 'pre_avgictf', 'pre_maxidf', 'pre_maxscq', 'pre_simplified_clarity', 'transfer_logit_clarification']
  - 訓練データのラベル分布: {0: 5289, 1: 4747}
  - テストデータのラベル分布: {1: 1070, 0: 932}

2.5. ラベル分布の調整: スキップ（--balance-label-distribution が指定されていません）

【データ分布の確認（正規化前）】
訓練データの特徴量統計（正規化前）:
                nqc       clarity           wig           smv    n_sigma_50    pre_avgidf   pre_avgictf    pre_maxidf    pre_maxscq  pre_simplified_clarity  transfer_logit_clarification
count  10036.000000  10036.000000  10036.000000  10036.000000  10036.000000  10036.000000  10036.000000  10036.000000  10036.000000            10036.000000                  10036.000000
mean       0.084389      1.836456      1.436667      1.345731      0.338061      5.804579     10.086678     11.806707     76.762377                8.303713                     -0.727592
std        0.040319      0.606981      0.834221      2.316719      0.195326      1.640491      1.737935      3.712931      6.537740                1.723527                      0.272669
min        0.005616      0.989569      0.118538      0.008022      0.031667      1.068034      2.864502      3.208572     38.289981                2.220727                     -1.250120
25%        0.058028      1.406102      0.901668      0.391550      0.208316      4.566787      8.831352      8.277877     73.025273                7.005525                     -0.908628
50%        0.073634      1.642114      1.200016      0.718214      0.282851      5.656384      9.983825     12.612267     79.182303                8.165972                     -0.779026
75%        0.099327      2.102703      1.705920      1.443224      0.406943      6.845322     11.186647     14.914852     81.805640                9.384104                     -0.609734
max        0.527860      5.773234     15.658454    100.404180      1.976622     12.607819     17.074846     16.860762     89.532771               15.465408                      0.933904

テストデータの特徴量統計（正規化前）:
               nqc      clarity          wig          smv   n_sigma_50   pre_avgidf  pre_avgictf   pre_maxidf   pre_maxscq  pre_simplified_clarity  transfer_logit_clarification
count  2002.000000  2002.000000  2002.000000  2002.000000  2002.000000  2002.000000  2002.000000  2002.000000  2002.000000             2002.000000                   2002.000000
mean      0.085546     1.842533     1.458815     1.386211     0.340876     5.776774    10.060531    11.789795    76.865987                8.273828                     -0.737882
std       0.041053     0.603362     0.859131     2.223310     0.191071     1.647052     1.741610     3.705140     6.474378                1.731535                      0.267955
min       0.020533     1.017143     0.257861     0.026283     0.054041     1.251523     3.931608     2.519300    38.921762                2.965945                     -1.253076
25%       0.058682     1.401132     0.912853     0.406373     0.211617     4.516995     8.826209     8.370940    73.537322                7.015358                     -0.921250
50%       0.074128     1.652780     1.216525     0.739774     0.285173     5.631464     9.954328    12.612267    79.287646                8.119571                     -0.787576
75%       0.100134     2.129401     1.752601     1.524935     0.412944     6.797393    11.156524    15.069003    81.805640                9.338993                     -0.622472
max       0.367395     5.424921    10.924583    52.220148     1.519135    12.102774    16.448441    16.860762    86.154708               15.062146                      0.839281

訓練データのラベル分布: {0: 5289, 1: 4747} (正例率: 0.4730)
テストデータのラベル分布: {1: 1070, 0: 932} (正例率: 0.5345)

3. [0,1]正規化（Min-Max）中...
  - 方法: 訓練データの統計量でテストデータも正規化（通常）
  - 正規化完了

【データ分布の確認（正規化後）】
訓練データの特徴量統計（正規化後）:
                nqc       clarity           wig           smv    n_sigma_50    pre_avgidf   pre_avgictf    pre_maxidf    pre_maxscq  pre_simplified_clarity  transfer_logit_clarification
count  10036.000000  10036.000000  10036.000000  10036.000000  10036.000000  10036.000000  10036.000000  10036.000000  10036.000000            10036.000000                  10036.000000
mean       0.150835      0.177037      0.084822      0.013324      0.157533      0.410453      0.508234      0.629799      0.750787                0.459278                      0.239250
std        0.077203      0.126886      0.053682      0.023076      0.100427      0.142160      0.122301      0.271966      0.127584                0.130130                      0.124847
min        0.000000      0.000000      0.000000      0.000000      0.000000      0.000000      0.000000      0.000000      0.000000                0.000000                      0.000000
25%        0.100359      0.087074      0.050395      0.003820      0.090824      0.303190      0.419895      0.371318      0.677857                0.361262                      0.156359
50%        0.130242      0.136411      0.069594      0.007074      0.129147      0.397611      0.500996      0.688805      0.798011                0.448878                      0.215700
75%        0.179439      0.232695      0.102149      0.014295      0.192949      0.500641      0.585640      0.857465      0.849205                0.540849                      0.293214
max        1.000000      1.000000      1.000000      1.000000      1.000000      1.000000      1.000000      1.000000      1.000000                1.000000                      1.000000

テストデータの特徴量統計（正規化後）:
               nqc      clarity          wig          smv   n_sigma_50   pre_avgidf  pre_avgictf   pre_maxidf   pre_maxscq  pre_simplified_clarity  transfer_logit_clarification
count  2002.000000  2002.000000  2002.000000  2002.000000  2002.000000  2002.000000  2002.000000  2002.000000  2002.000000             2002.000000                   2002.000000
mean      0.153051     0.178308     0.086247     0.013728     0.158980     0.408044     0.506394     0.628560     0.752808                0.457021                      0.234538
std       0.078609     0.126130     0.055285     0.022145     0.098239     0.142728     0.122559     0.271395     0.126347                0.130734                      0.122688
min       0.028563     0.005764     0.008966     0.000182     0.011503     0.015901     0.075094    -0.050488     0.012329                0.056265                     -0.001354
25%       0.101611     0.086035     0.051115     0.003968     0.092522     0.298876     0.419533     0.378135     0.687850                0.362004                      0.150580
50%       0.131188     0.138641     0.070656     0.007289     0.130340     0.395452     0.498920     0.688805     0.800067                0.445375                      0.211785
75%       0.180983     0.238276     0.105153     0.015109     0.196034     0.496487     0.583520     0.868757     0.849205                0.537443                      0.287381
max       0.692740     0.927187     0.695373     0.520061     0.764783     0.956234     0.955919     1.000000     0.934077                0.969553                      0.956675

【分布の違いの分析（正規化前）】
nqc:
  平均の差: 訓練=0.0844, テスト=0.0855, 相対差=0.0137
  標準偏差の差: 訓練=0.0403, テスト=0.0411, 相対差=0.0182
clarity:
  平均の差: 訓練=1.8365, テスト=1.8425, 相対差=0.0033
  標準偏差の差: 訓練=0.6070, テスト=0.6034, 相対差=0.0060
wig:
  平均の差: 訓練=1.4367, テスト=1.4588, 相対差=0.0154
  標準偏差の差: 訓練=0.8342, テスト=0.8591, 相対差=0.0299
smv:
  平均の差: 訓練=1.3457, テスト=1.3862, 相対差=0.0301
  標準偏差の差: 訓練=2.3167, テスト=2.2233, 相対差=0.0403
n_sigma_50:
  平均の差: 訓練=0.3381, テスト=0.3409, 相対差=0.0083
  標準偏差の差: 訓練=0.1953, テスト=0.1911, 相対差=0.0218
pre_avgidf:
  平均の差: 訓練=5.8046, テスト=5.7768, 相対差=0.0048
  標準偏差の差: 訓練=1.6405, テスト=1.6471, 相対差=0.0040
pre_avgictf:
  平均の差: 訓練=10.0867, テスト=10.0605, 相対差=0.0026
  標準偏差の差: 訓練=1.7379, テスト=1.7416, 相対差=0.0021
pre_maxidf:
  平均の差: 訓練=11.8067, テスト=11.7898, 相対差=0.0014
  標準偏差の差: 訓練=3.7129, テスト=3.7051, 相対差=0.0021
pre_maxscq:
  平均の差: 訓練=76.7624, テスト=76.8660, 相対差=0.0013
  標準偏差の差: 訓練=6.5377, テスト=6.4744, 相対差=0.0097
pre_simplified_clarity:
  平均の差: 訓練=8.3037, テスト=8.2738, 相対差=0.0036
  標準偏差の差: 訓練=1.7235, テスト=1.7315, 相対差=0.0046
transfer_logit_clarification:
  平均の差: 訓練=-0.7276, テスト=-0.7379, 相対差=0.0141
  標準偏差の差: 訓練=0.2727, テスト=0.2680, 相対差=0.0173

【分布の違いの分析（正規化後）】
nqc:
  平均: 訓練=0.150835, テスト=0.153051, 差=0.002216
  標準偏差: 訓練=0.077203, テスト=0.078609, 差=0.001406
clarity:
  平均: 訓練=0.177037, テスト=0.178308, 差=0.001270
  標準偏差: 訓練=0.126886, テスト=0.126130, 差=0.000757
wig:
  平均: 訓練=0.084822, テスト=0.086247, 差=0.001425
  標準偏差: 訓練=0.053682, テスト=0.055285, 差=0.001603
smv:
  平均: 訓練=0.013324, テスト=0.013728, 差=0.000403
  標準偏差: 訓練=0.023076, テスト=0.022145, 差=0.000930
n_sigma_50:
  平均: 訓練=0.157533, テスト=0.158980, 差=0.001447
  標準偏差: 訓練=0.100427, テスト=0.098239, 差=0.002188
pre_avgidf:
  平均: 訓練=0.410453, テスト=0.408044, 差=0.002409
  標準偏差: 訓練=0.142160, テスト=0.142728, 差=0.000569
pre_avgictf:
  平均: 訓練=0.508234, テスト=0.506394, 差=0.001840
  標準偏差: 訓練=0.122301, テスト=0.122559, 差=0.000259
pre_maxidf:
  平均: 訓練=0.629799, テスト=0.628560, 差=0.001239
  標準偏差: 訓練=0.271966, テスト=0.271395, 差=0.000571
pre_maxscq:
  平均: 訓練=0.750787, テスト=0.752808, 差=0.002022
  標準偏差: 訓練=0.127584, テスト=0.126347, 差=0.001237
pre_simplified_clarity:
  平均: 訓練=0.459278, テスト=0.457021, 差=0.002256
  標準偏差: 訓練=0.130130, テスト=0.130734, 差=0.000605
transfer_logit_clarification:
  平均: 訓練=0.239250, テスト=0.234538, 差=0.004712
  標準偏差: 訓練=0.124847, テスト=0.122688, 差=0.002159

4. モデル学習中...
  - モデルタイプ: all
  - 学習完了

特徴量の係数:
                     feature  coefficient
                  pre_avgidf    -9.901408
      pre_simplified_clarity     9.191313
transfer_logit_clarification     0.796360
                  n_sigma_50     0.747726
                  pre_maxscq    -0.401933
                         wig    -0.249514
                  pre_maxidf     0.201352
                     clarity    -0.126011
                         nqc     0.000000
                 pre_avgictf     0.000000
                         smv     0.000000
  - 係数をCSVファイルに保存しました: /home/daiki_shibata/pj/QPP4SIP/LogReg/LASSO/outputs/AmbigNQ/pre_post_bert/ictf_idf_maxidf_scq_scs_clarity_ns50_nqc_smv_wig_base_bm25/csv/coefficients.csv

5. 評価中...

5.6. 単体指標の最高ROCと回帰モデルのDeLong検定を実行中...
  単体指標の最高ROC: AvgIDF (AUC = 0.5505)
  回帰モデルのROC: AUC = 0.5928

  DeLongの検定結果:
    モデルA (回帰): AUC = 0.5928
    モデルB (単体指標 AvgIDF): AUC = 0.5505
    AUC差: 0.0422
    Z統計量: 4.1413
    p値: 0.0000
    有意差: あり (α=0.05)

  === 各指標とモデルの比較表 ===

Metric	AUC-ROC	AUC-PR	p-value
NQC	0.4372	0.4888	-
Clarity	0.4380	0.4872	-
WIG	0.4583	0.5097	-
SMV	0.4447	0.4956	-
n(σ%)	0.4516	0.4964	-
AvgIDF	0.5505	0.5815	-
AvgICTF	0.5433	0.5742	-
MaxIDF	0.5374	0.5745	-
MaxSCQ	0.5409	0.5737	-
Simplified Clarity	0.5374	0.5703	-
Transfer	0.5162	0.5511	-
ALL Logistic Regression	0.5928	0.6108	3.45e-05

  - DeLongの検定結果を保存: /home/daiki_shibata/pj/QPP4SIP/LogReg/LASSO/outputs/AmbigNQ/pre_post_bert/ictf_idf_maxidf_scq_scs_clarity_ns50_nqc_smv_wig_base_bm25/delong/delong_test_single_metric.csv
  - 比較表を保存: /home/daiki_shibata/pj/QPP4SIP/LogReg/LASSO/outputs/AmbigNQ/pre_post_bert/ictf_idf_maxidf_scq_scs_clarity_ns50_nqc_smv_wig_base_bm25/delong/comparison_table.csv
  - 回帰モデル同士の比較用に予測結果を保存: /home/daiki_shibata/pj/QPP4SIP/LogReg/LASSO/outputs/AmbigNQ/pre_post_bert/ictf_idf_maxidf_scq_scs_clarity_ns50_nqc_smv_wig_base_bm25/csv/predictions_for_delong.csv

=== 訓練データの評価 ===
Accuracy: 0.5740
F1 Score: 0.5653
AUC-ROC: 0.5947
Average Precision: 0.5478

分類レポート:
                   precision    recall  f1-score   support

not_clarification       0.60      0.56      0.58      5289
    clarification       0.55      0.59      0.57      4747

         accuracy                           0.57     10036
        macro avg       0.57      0.57      0.57     10036
     weighted avg       0.58      0.57      0.57     10036


=== テストデータの評価 ===
Accuracy: 0.5689
F1 Score: 0.5857
AUC-ROC: 0.5928
Average Precision: 0.6108

分類レポート:
                   precision    recall  f1-score   support

not_clarification       0.53      0.57      0.55       932
    clarification       0.60      0.57      0.59      1070

         accuracy                           0.57      2002
        macro avg       0.57      0.57      0.57      2002
     weighted avg       0.57      0.57      0.57      2002


【訓練データとテストデータの評価指標の比較】
Accuracy差: -0.0051 (テスト 低)
F1 Score差: +0.0204 (テスト 高)
AUC-ROC差: -0.0020 (テスト 低)
Average Precision差: +0.0630 (テスト 高)

【注意】テストデータの評価指標が訓練データよりも高い場合、以下の可能性があります:
  1. 訓練データとテストデータの分布が異なる（データ分布のシフト）
  2. ラベル分布の違い（正例率の違い）
  3. モデルが単純で過学習が起きにくい（特徴量が少ない場合など）
  4. テストデータの方が「簡単」なケースが多い可能性

6. ROC曲線を描画中...
  - 保存先: /home/daiki_shibata/pj/QPP4SIP/LogReg/LASSO/outputs/AmbigNQ/pre_post_bert/ictf_idf_maxidf_scq_scs_clarity_ns50_nqc_smv_wig_base_bm25/graphs/roc_curves.png
  - ROC曲線を保存しました

7. Precision-Recall曲線を描画中...
  - 保存先: /home/daiki_shibata/pj/QPP4SIP/LogReg/LASSO/outputs/AmbigNQ/pre_post_bert/ictf_idf_maxidf_scq_scs_clarity_ns50_nqc_smv_wig_base_bm25/graphs/pr_curves.png
  - PR曲線を保存しました

8. 閾値とF1スコアの関係を描画中...
  - 保存先: /home/daiki_shibata/pj/QPP4SIP/LogReg/LASSO/outputs/AmbigNQ/pre_post_bert/ictf_idf_maxidf_scq_scs_clarity_ns50_nqc_smv_wig_base_bm25/graphs/threshold_f1_curves.png
  - 閾値とF1スコアの関係を保存しました

9. 特徴量のスコア分布を描画中...
  - 保存先: /home/daiki_shibata/pj/QPP4SIP/LogReg/LASSO/outputs/AmbigNQ/pre_post_bert/ictf_idf_maxidf_scq_scs_clarity_ns50_nqc_smv_wig_base_bm25/graphs/feature_distributions.png
  - 保存先: /home/daiki_shibata/pj/QPP4SIP/LogReg/LASSO/outputs/AmbigNQ/pre_post_bert/ictf_idf_maxidf_scq_scs_clarity_ns50_nqc_smv_wig_base_bm25/graphs/feature_distributions_by_label.png
  - 特徴量のスコア分布を保存しました

10. 相関係数ヒートマップを描画中...
testデータのみ使用: 2002サンプル
  - 相関係数ヒートマップを保存しました: /home/daiki_shibata/pj/QPP4SIP/LogReg/LASSO/outputs/AmbigNQ/pre_post_bert/ictf_idf_maxidf_scq_scs_clarity_ns50_nqc_smv_wig_base_bm25/graphs/correlation_heatmaps.png

=== 相関係数の統計情報 ===
全体のデータ数: 2002

全体の相関係数（ピアソン）:
                                   nqc  ...  transfer_logit_clarification
nqc                           1.000000  ...                     -0.152851
clarity                       0.736089  ...                     -0.168577
wig                           0.847977  ...                     -0.164737
smv                           0.810857  ...                     -0.112546
n_sigma_50                    0.917279  ...                     -0.182010
pre_avgidf                    0.244934  ...                     -0.057723
pre_avgictf                   0.215767  ...                     -0.055848
pre_maxidf                    0.147195  ...                     -0.008213
pre_maxscq                    0.230357  ...                     -0.078886
pre_simplified_clarity        0.210715  ...                     -0.058440
transfer_logit_clarification -0.152851  ...                      1.000000

[11 rows x 11 columns]

全体の相関係数（スピアマン）:
                                   nqc  ...  transfer_logit_clarification
nqc                           1.000000  ...                     -0.178673
clarity                       0.779279  ...                     -0.188105
wig                           0.829558  ...                     -0.189374
smv                           0.884593  ...                     -0.193144
n_sigma_50                    0.894310  ...                     -0.211841
pre_avgidf                    0.264156  ...                     -0.063591
pre_avgictf                   0.234784  ...                     -0.063269
pre_maxidf                    0.140241  ...                      0.023926
pre_maxscq                    0.235716  ...                     -0.084850
pre_simplified_clarity        0.230406  ...                     -0.069257
transfer_logit_clarification -0.178673  ...                      1.000000

[11 rows x 11 columns]

Negativeラベルの相関係数（ピアソン） (データ数: 932):
                                   nqc  ...  transfer_logit_clarification
nqc                           1.000000  ...                     -0.124036
clarity                       0.750128  ...                     -0.139709
wig                           0.835711  ...                     -0.136642
smv                           0.787338  ...                     -0.079484
n_sigma_50                    0.928530  ...                     -0.154891
pre_avgidf                    0.204534  ...                     -0.048865
pre_avgictf                   0.176704  ...                     -0.057913
pre_maxidf                    0.106208  ...                      0.000300
pre_maxscq                    0.227431  ...                     -0.091876
pre_simplified_clarity        0.168129  ...                     -0.061058
transfer_logit_clarification -0.124036  ...                      1.000000

[11 rows x 11 columns]

Negativeラベルの相関係数（スピアマン） (データ数: 932):
                                   nqc  ...  transfer_logit_clarification
nqc                           1.000000  ...                     -0.155954
clarity                       0.793554  ...                     -0.155237
wig                           0.821629  ...                     -0.160798
smv                           0.885149  ...                     -0.161188
n_sigma_50                    0.898401  ...                     -0.183328
pre_avgidf                    0.219742  ...                     -0.076457
pre_avgictf                   0.190455  ...                     -0.083289
pre_maxidf                    0.092314  ...                      0.032901
pre_maxscq                    0.204878  ...                     -0.097059
pre_simplified_clarity        0.183758  ...                     -0.092877
transfer_logit_clarification -0.155954  ...                      1.000000

[11 rows x 11 columns]

Positiveラベルの相関係数（ピアソン） (データ数: 1070):
                                   nqc  ...  transfer_logit_clarification
nqc                           1.000000  ...                     -0.176457
clarity                       0.714487  ...                     -0.191342
wig                           0.862330  ...                     -0.187357
smv                           0.862581  ...                     -0.155983
n_sigma_50                    0.903181  ...                     -0.207316
pre_avgidf                    0.273260  ...                     -0.060554
pre_avgictf                   0.243876  ...                     -0.050134
pre_maxidf                    0.173553  ...                     -0.010409
pre_maxscq                    0.224553  ...                     -0.065183
pre_simplified_clarity        0.244211  ...                     -0.052945
transfer_logit_clarification -0.176457  ...                      1.000000

[11 rows x 11 columns]

Positiveラベルの相関係数（スピアマン） (データ数: 1070):
                                   nqc  ...  transfer_logit_clarification
nqc                           1.000000  ...                     -0.194407
clarity                       0.759954  ...                     -0.215110
wig                           0.833076  ...                     -0.213214
smv                           0.880460  ...                     -0.219093
n_sigma_50                    0.888505  ...                     -0.234636
pre_avgidf                    0.285651  ...                     -0.045433
pre_avgictf                   0.257389  ...                     -0.040035
pre_maxidf                    0.165912  ...                      0.022310
pre_maxscq                    0.249544  ...                     -0.072438
pre_simplified_clarity        0.257250  ...                     -0.043891
transfer_logit_clarification -0.194407  ...                      1.000000

[11 rows x 11 columns]
  - 相関係数ヒートマップを保存しました

11. Confidence Analysis（確信度分析）を実行中...
Loaded 2002 transfer_prob_clarification probabilities for dev (experiment: AmbigNQ_transfer_from_ClariQ)
Loaded 2002 transfer_prob_clarification probabilities for dev (experiment: AmbigNQ_transfer_from_ClariQ_bert-base)
Loaded 2002 transfer_prob_clarification probabilities for dev (experiment: AmbigNQ_transfer_from_INSCIT)
  - BERT予測確率を読み込み: transfer_prob_clarification (2002 サンプル)
  - Confidence Analysis可視化を保存: /home/daiki_shibata/pj/QPP4SIP/LogReg/LASSO/outputs/AmbigNQ/pre_post_bert/ictf_idf_maxidf_scq_scs_clarity_ns50_nqc_smv_wig_base_bm25/graphs/confidence_analysis.png
  - Confidence Analysis可視化を保存しました

  Confidence Analysis結果:
  - BERT確率範囲: [0.4, 0.6]
  - 抽出サンプル数: 110 / 2002
  - 抽出率: 5.49%

  回帰モデル（QPP統合）の評価:
    Accuracy: 0.6182
    F1 Score: 0.6111
    AUC-ROC: 0.6544
    Average Precision: 0.6744

  単体指標（AvgIDF）の評価:
    Accuracy: 0.5636
    F1 Score: 0.5556
    AUC-ROC: 0.5859
    Average Precision: 0.6458

  QPP統合による改善度:
    AUC-ROC改善: +0.0685
    Average Precision改善: +0.0286
    F1 Score改善: +0.0556

  全体データでの改善度との比較:
    全体データ - AUC改善: +0.0422
    Confidence範囲 - AUC改善: +0.0685
    改善度の差: +0.0263

  ✓ QPP統合の効果は、BERTが迷った時（確率0.5付近）により大きくなっています！
  → 「BERTが迷った時の最後の一押し（Tie-breaker）」としてQPPが有効であると主張できます。
  - Confidence Analysis結果を保存: /home/daiki_shibata/pj/QPP4SIP/LogReg/LASSO/outputs/AmbigNQ/pre_post_bert/ictf_idf_maxidf_scq_scs_clarity_ns50_nqc_smv_wig_base_bm25/csv/confidence_analysis.csv

12. Overconfidence Analysis（過信分析）を実行中...

  False Negative (高確信度で誤分類):
    - サンプル数: 449
    - 回帰モデル 平均予測確率: 0.5098 (std: 0.0653)
    - 単体指標 平均予測確率: 0.5041 (std: 0.0492)
    - 改善度（1からの距離の減少）: +0.0057
    → QPP統合により、誤分類の予測確率が1に近づいています（改善）
  - Overconfidence Analysis可視化を保存: /home/daiki_shibata/pj/QPP4SIP/LogReg/LASSO/outputs/AmbigNQ/pre_post_bert/ictf_idf_maxidf_scq_scs_clarity_ns50_nqc_smv_wig_base_bm25/graphs/overconfidence_analysis.png
  - Overconfidence Analysis可視化を保存しました
  - Overconfidence Analysis結果を保存: /home/daiki_shibata/pj/QPP4SIP/LogReg/LASSO/outputs/AmbigNQ/pre_post_bert/ictf_idf_maxidf_scq_scs_clarity_ns50_nqc_smv_wig_base_bm25/csv/overconfidence_analysis.csv

結果をファイルに保存しました: /home/daiki_shibata/pj/QPP4SIP/LogReg/LASSO/outputs/AmbigNQ/pre_post_bert/ictf_idf_maxidf_scq_scs_clarity_ns50_nqc_smv_wig_base_bm25/results.txt

================================================================================
全てのモデルタイプを実行して比較します
================================================================================
  - 最初のモデル（L1）の結果を追加（置き換え前）: AUC = 0.5928, AP = 0.6108

--- l1 モデルを実行中 ---
  Accuracy: 0.5689
  F1 Score: 0.5857
  AUC-ROC: 0.5928
  Average Precision: 0.6108

  --- L1 モデルのDeLong検定を実行中 ---
  単体指標の最高ROC: pre_avgidf (AUC = 0.5505)
  回帰モデルのROC: AUC = 0.5928

  DeLongの検定結果:
    モデルA (L1): AUC = 0.5928
    モデルB (単体指標 pre_avgidf): AUC = 0.5505
    AUC差: 0.0422
    Z統計量: 4.1413
    p値: 0.0000
    有意差: あり (α=0.05)

  === 各指標とモデルの比較表 ===

Metric	AUC-ROC	AUC-PR	p-value
NQC	0.4372	0.4888	-
Clarity	0.4380	0.4872	-
WIG	0.4583	0.5097	-
SMV	0.4447	0.4956	-
n(σ%)	0.4516	0.4964	-
AvgIDF	0.5505	0.5815	-
AvgICTF	0.5433	0.5742	-
MaxIDF	0.5374	0.5745	-
MaxSCQ	0.5409	0.5737	-
Simplified Clarity	0.5374	0.5703	-
Transfer	0.5162	0.5511	-
L1	0.5928	0.6108	3.45e-05

  - DeLongの検定結果を保存: /home/daiki_shibata/pj/QPP4SIP/LogReg/LASSO/outputs/AmbigNQ/pre_post_bert/ictf_idf_maxidf_scq_scs_clarity_ns50_nqc_smv_wig_base_bm25/delong/delong_test_l1.csv
  - 比較表を保存: /home/daiki_shibata/pj/QPP4SIP/LogReg/LASSO/outputs/AmbigNQ/pre_post_bert/ictf_idf_maxidf_scq_scs_clarity_ns50_nqc_smv_wig_base_bm25/delong/comparison_table_l1.csv

--- l2 モデルを実行中 ---
  Accuracy: 0.5614
  F1 Score: 0.5688
  AUC-ROC: 0.5741
  Average Precision: 0.5925

  --- L2 モデルのDeLong検定を実行中 ---
  単体指標の最高ROC: pre_avgidf (AUC = 0.5505)
  回帰モデルのROC: AUC = 0.5741

  DeLongの検定結果:
    モデルA (L2): AUC = 0.5741
    モデルB (単体指標 pre_avgidf): AUC = 0.5505
    AUC差: 0.0236
    Z統計量: 2.8518
    p値: 0.0043
    有意差: あり (α=0.05)

  === 各指標とモデルの比較表 ===

Metric	AUC-ROC	AUC-PR	p-value
NQC	0.4372	0.4888	-
Clarity	0.4380	0.4872	-
WIG	0.4583	0.5097	-
SMV	0.4447	0.4956	-
n(σ%)	0.4516	0.4964	-
AvgIDF	0.5505	0.5815	-
AvgICTF	0.5433	0.5742	-
MaxIDF	0.5374	0.5745	-
MaxSCQ	0.5409	0.5737	-
Simplified Clarity	0.5374	0.5703	-
Transfer	0.5162	0.5511	-
L2	0.5741	0.5925	0.0043

  - DeLongの検定結果を保存: /home/daiki_shibata/pj/QPP4SIP/LogReg/LASSO/outputs/AmbigNQ/pre_post_bert/ictf_idf_maxidf_scq_scs_clarity_ns50_nqc_smv_wig_base_bm25/delong/delong_test_l2.csv
  - 比較表を保存: /home/daiki_shibata/pj/QPP4SIP/LogReg/LASSO/outputs/AmbigNQ/pre_post_bert/ictf_idf_maxidf_scq_scs_clarity_ns50_nqc_smv_wig_base_bm25/delong/comparison_table_l2.csv

--- elasticnet モデルを実行中 ---
  [INFO] ElasticNet-CVを有効化: CV folds=5, scoring=roc_auc

  - ElasticNet-CVで最適化されたパラメータ:
    C: 12.9155
    l1_ratio: 0.8000
    最適化スコア (roc_auc): 0.5926
  Accuracy: 0.5679
  F1 Score: 0.5887
  AUC-ROC: 0.5876
  Average Precision: 0.6064

  --- ElasticNet モデルのDeLong検定を実行中 ---
  単体指標の最高ROC: pre_avgidf (AUC = 0.5505)
  回帰モデルのROC: AUC = 0.5876

  DeLongの検定結果:
    モデルA (ElasticNet): AUC = 0.5876
    モデルB (単体指標 pre_avgidf): AUC = 0.5505
    AUC差: 0.0371
    Z統計量: 3.3518
    p値: 0.0008
    有意差: あり (α=0.05)

  === 各指標とモデルの比較表 ===

Metric	AUC-ROC	AUC-PR	p-value
NQC	0.4372	0.4888	-
Clarity	0.4380	0.4872	-
WIG	0.4583	0.5097	-
SMV	0.4447	0.4956	-
n(σ%)	0.4516	0.4964	-
AvgIDF	0.5505	0.5815	-
AvgICTF	0.5433	0.5742	-
MaxIDF	0.5374	0.5745	-
MaxSCQ	0.5409	0.5737	-
Simplified Clarity	0.5374	0.5703	-
Transfer	0.5162	0.5511	-
ElasticNet	0.5876	0.6064	0.0008

  - DeLongの検定結果を保存: /home/daiki_shibata/pj/QPP4SIP/LogReg/LASSO/outputs/AmbigNQ/pre_post_bert/ictf_idf_maxidf_scq_scs_clarity_ns50_nqc_smv_wig_base_bm25/delong/delong_test_elasticnet.csv
  - 比較表を保存: /home/daiki_shibata/pj/QPP4SIP/LogReg/LASSO/outputs/AmbigNQ/pre_post_bert/ictf_idf_maxidf_scq_scs_clarity_ns50_nqc_smv_wig_base_bm25/delong/comparison_table_elasticnet.csv

--- none モデルを実行中 ---
  Accuracy: 0.5689
  F1 Score: 0.5892
  AUC-ROC: 0.5875
  Average Precision: 0.6064

  --- No Penalty モデルのDeLong検定を実行中 ---
  単体指標の最高ROC: pre_avgidf (AUC = 0.5505)
  回帰モデルのROC: AUC = 0.5875

  DeLongの検定結果:
    モデルA (No Penalty): AUC = 0.5875
    モデルB (単体指標 pre_avgidf): AUC = 0.5505
    AUC差: 0.0369
    Z統計量: 3.2794
    p値: 0.0010
    有意差: あり (α=0.05)

  === 各指標とモデルの比較表 ===

Metric	AUC-ROC	AUC-PR	p-value
NQC	0.4372	0.4888	-
Clarity	0.4380	0.4872	-
WIG	0.4583	0.5097	-
SMV	0.4447	0.4956	-
n(σ%)	0.4516	0.4964	-
AvgIDF	0.5505	0.5815	-
AvgICTF	0.5433	0.5742	-
MaxIDF	0.5374	0.5745	-
MaxSCQ	0.5409	0.5737	-
Simplified Clarity	0.5374	0.5703	-
Transfer	0.5162	0.5511	-
No Penalty	0.5875	0.6064	0.0010

  - DeLongの検定結果を保存: /home/daiki_shibata/pj/QPP4SIP/LogReg/LASSO/outputs/AmbigNQ/pre_post_bert/ictf_idf_maxidf_scq_scs_clarity_ns50_nqc_smv_wig_base_bm25/delong/delong_test_none.csv
  - 比較表を保存: /home/daiki_shibata/pj/QPP4SIP/LogReg/LASSO/outputs/AmbigNQ/pre_post_bert/ictf_idf_maxidf_scq_scs_clarity_ns50_nqc_smv_wig_base_bm25/delong/comparison_table_none.csv

--- bolasso モデルを実行中 ---

  - ブートストラップサンプル数: 100
  - 特徴量選択閾値: 0.50 (50%以上のモデルで選択)
    - 10/100 サンプル完了
    - 20/100 サンプル完了
    - 30/100 サンプル完了
    - 40/100 サンプル完了
    - 50/100 サンプル完了
    - 60/100 サンプル完了
    - 70/100 サンプル完了
    - 80/100 サンプル完了
    - 90/100 サンプル完了
    - 100/100 サンプル完了

  特徴量選択結果:
    - 選択された特徴量: 9/11
    - 選択頻度:
      ✓ pre_avgidf: 100.00% (100/100)
      ✓ pre_maxscq: 100.00% (100/100)
      ✓ pre_simplified_clarity: 100.00% (100/100)
      ✓ transfer_logit_clarification: 100.00% (100/100)
      ✓ n_sigma_50: 99.00% (99/100)
      ✓ pre_maxidf: 96.00% (96/100)
      ✓ clarity: 87.00% (87/100)
      ✓ wig: 62.00% (62/100)
      ✓ nqc: 58.00% (58/100)
      ✗ pre_avgictf: 43.00% (43/100)
      ✗ smv: 35.00% (35/100)
  Accuracy: 0.5689
  F1 Score: 0.5857
  AUC-ROC: 0.5928
  Average Precision: 0.6108

  --- BOLASSO モデルのDeLong検定を実行中 ---
  単体指標の最高ROC: pre_avgidf (AUC = 0.5505)
  回帰モデルのROC: AUC = 0.5928

  DeLongの検定結果:
    モデルA (BOLASSO): AUC = 0.5928
    モデルB (単体指標 pre_avgidf): AUC = 0.5505
    AUC差: 0.0422
    Z統計量: 4.1413
    p値: 0.0000
    有意差: あり (α=0.05)

  === 各指標とモデルの比較表 ===

Metric	AUC-ROC	AUC-PR	p-value
NQC	0.4372	0.4888	-
Clarity	0.4380	0.4872	-
WIG	0.4583	0.5097	-
SMV	0.4447	0.4956	-
n(σ%)	0.4516	0.4964	-
AvgIDF	0.5505	0.5815	-
AvgICTF	0.5433	0.5742	-
MaxIDF	0.5374	0.5745	-
MaxSCQ	0.5409	0.5737	-
Simplified Clarity	0.5374	0.5703	-
Transfer	0.5162	0.5511	-
BOLASSO	0.5928	0.6108	3.45e-05

  - DeLongの検定結果を保存: /home/daiki_shibata/pj/QPP4SIP/LogReg/LASSO/outputs/AmbigNQ/pre_post_bert/ictf_idf_maxidf_scq_scs_clarity_ns50_nqc_smv_wig_base_bm25/delong/delong_test_bolasso.csv
  - 比較表を保存: /home/daiki_shibata/pj/QPP4SIP/LogReg/LASSO/outputs/AmbigNQ/pre_post_bert/ictf_idf_maxidf_scq_scs_clarity_ns50_nqc_smv_wig_base_bm25/delong/comparison_table_bolasso.csv

--- lars_traps モデルを実行中 ---

  - ランダムトラップ数: 10
    - 5/10 トラップ完了
    - 10/10 トラップ完了

  特徴量選択結果:
    - 選択された特徴量: 0/11
    - 選択頻度:
  Accuracy: 0.5614
  F1 Score: 0.5688
  AUC-ROC: 0.5741
  Average Precision: 0.5925

  --- LARS-Traps モデルのDeLong検定を実行中 ---
  単体指標の最高ROC: pre_avgidf (AUC = 0.5505)
  回帰モデルのROC: AUC = 0.5741

  DeLongの検定結果:
    モデルA (LARS-Traps): AUC = 0.5741
    モデルB (単体指標 pre_avgidf): AUC = 0.5505
    AUC差: 0.0236
    Z統計量: 2.8518
    p値: 0.0043
    有意差: あり (α=0.05)

  === 各指標とモデルの比較表 ===

Metric	AUC-ROC	AUC-PR	p-value
NQC	0.4372	0.4888	-
Clarity	0.4380	0.4872	-
WIG	0.4583	0.5097	-
SMV	0.4447	0.4956	-
n(σ%)	0.4516	0.4964	-
AvgIDF	0.5505	0.5815	-
AvgICTF	0.5433	0.5742	-
MaxIDF	0.5374	0.5745	-
MaxSCQ	0.5409	0.5737	-
Simplified Clarity	0.5374	0.5703	-
Transfer	0.5162	0.5511	-
LARS-Traps	0.5741	0.5925	0.0043

  - DeLongの検定結果を保存: /home/daiki_shibata/pj/QPP4SIP/LogReg/LASSO/outputs/AmbigNQ/pre_post_bert/ictf_idf_maxidf_scq_scs_clarity_ns50_nqc_smv_wig_base_bm25/delong/delong_test_lars_traps.csv
  - 比較表を保存: /home/daiki_shibata/pj/QPP4SIP/LogReg/LASSO/outputs/AmbigNQ/pre_post_bert/ictf_idf_maxidf_scq_scs_clarity_ns50_nqc_smv_wig_base_bm25/delong/comparison_table_lars_traps.csv

--- lars_cv モデルを実行中 ---

  - LARS-CVで選択された特徴量: 11/11
  - 選択された特徴量: ['nqc', 'clarity', 'wig', 'smv', 'n_sigma_50', 'pre_avgidf', 'pre_avgictf', 'pre_maxidf', 'pre_maxscq', 'pre_simplified_clarity', 'transfer_logit_clarification']
  Accuracy: 0.5614
  F1 Score: 0.5688
  AUC-ROC: 0.5741
  Average Precision: 0.5925

  --- LARS-CV モデルのDeLong検定を実行中 ---
  単体指標の最高ROC: pre_avgidf (AUC = 0.5505)
  回帰モデルのROC: AUC = 0.5741

  DeLongの検定結果:
    モデルA (LARS-CV): AUC = 0.5741
    モデルB (単体指標 pre_avgidf): AUC = 0.5505
    AUC差: 0.0236
    Z統計量: 2.8518
    p値: 0.0043
    有意差: あり (α=0.05)

  === 各指標とモデルの比較表 ===

Metric	AUC-ROC	AUC-PR	p-value
NQC	0.4372	0.4888	-
Clarity	0.4380	0.4872	-
WIG	0.4583	0.5097	-
SMV	0.4447	0.4956	-
n(σ%)	0.4516	0.4964	-
AvgIDF	0.5505	0.5815	-
AvgICTF	0.5433	0.5742	-
MaxIDF	0.5374	0.5745	-
MaxSCQ	0.5409	0.5737	-
Simplified Clarity	0.5374	0.5703	-
Transfer	0.5162	0.5511	-
LARS-CV	0.5741	0.5925	0.0043

  - DeLongの検定結果を保存: /home/daiki_shibata/pj/QPP4SIP/LogReg/LASSO/outputs/AmbigNQ/pre_post_bert/ictf_idf_maxidf_scq_scs_clarity_ns50_nqc_smv_wig_base_bm25/delong/delong_test_lars_cv.csv
  - 比較表を保存: /home/daiki_shibata/pj/QPP4SIP/LogReg/LASSO/outputs/AmbigNQ/pre_post_bert/ictf_idf_maxidf_scq_scs_clarity_ns50_nqc_smv_wig_base_bm25/delong/comparison_table_lars_cv.csv

--- randomforest モデルを実行中 ---
  Accuracy: 0.5465
  F1 Score: 0.4983
  AUC-ROC: 0.5673
  Average Precision: 0.5988

  --- RandomForest モデルのDeLong検定を実行中 ---
  単体指標の最高ROC: pre_avgidf (AUC = 0.5505)
  回帰モデルのROC: AUC = 0.5673

  DeLongの検定結果:
    モデルA (RandomForest): AUC = 0.5673
    モデルB (単体指標 pre_avgidf): AUC = 0.5505
    AUC差: 0.0168
    Z統計量: 1.1570
    p値: 0.2473
    有意差: なし (α=0.05)

  === 各指標とモデルの比較表 ===

Metric	AUC-ROC	AUC-PR	p-value
NQC	0.4372	0.4888	-
Clarity	0.4380	0.4872	-
WIG	0.4583	0.5097	-
SMV	0.4447	0.4956	-
n(σ%)	0.4516	0.4964	-
AvgIDF	0.5505	0.5815	-
AvgICTF	0.5433	0.5742	-
MaxIDF	0.5374	0.5745	-
MaxSCQ	0.5409	0.5737	-
Simplified Clarity	0.5374	0.5703	-
Transfer	0.5162	0.5511	-
RandomForest	0.5673	0.5988	0.2473

  - DeLongの検定結果を保存: /home/daiki_shibata/pj/QPP4SIP/LogReg/LASSO/outputs/AmbigNQ/pre_post_bert/ictf_idf_maxidf_scq_scs_clarity_ns50_nqc_smv_wig_base_bm25/delong/delong_test_randomforest.csv
  - 比較表を保存: /home/daiki_shibata/pj/QPP4SIP/LogReg/LASSO/outputs/AmbigNQ/pre_post_bert/ictf_idf_maxidf_scq_scs_clarity_ns50_nqc_smv_wig_base_bm25/delong/comparison_table_randomforest.csv

================================================================================
全モデル統合比較表を作成中...
================================================================================
Loaded 2002 transfer_logit_clarification scores for dev (experiment: AmbigNQ_transfer_from_ClariQ)
Loaded 2002 transfer_logit_clarification scores for dev (experiment: AmbigNQ_transfer_from_ClariQ_bert-base)
Loaded 2002 transfer_logit_clarification scores for dev (experiment: AmbigNQ_transfer_from_INSCIT)
Loaded 2002 transfer_logit_clarification scores for dev (experiment: AmbigNQ_transfer_from_ClariQ)
Loaded 2002 transfer_logit_clarification scores for dev (experiment: AmbigNQ_transfer_from_ClariQ_bert-base)
Loaded 2002 transfer_logit_clarification scores for dev (experiment: AmbigNQ_transfer_from_INSCIT)
Loaded 2002 transfer_logit_clarification scores for dev (experiment: AmbigNQ_transfer_from_ClariQ)
Loaded 2002 transfer_logit_clarification scores for dev (experiment: AmbigNQ_transfer_from_ClariQ_bert-base)
Loaded 2002 transfer_logit_clarification scores for dev (experiment: AmbigNQ_transfer_from_INSCIT)
Loaded 2002 transfer_logit_clarification scores for dev (experiment: AmbigNQ_transfer_from_ClariQ)
Loaded 2002 transfer_logit_clarification scores for dev (experiment: AmbigNQ_transfer_from_ClariQ_bert-base)
Loaded 2002 transfer_logit_clarification scores for dev (experiment: AmbigNQ_transfer_from_INSCIT)
Loaded 2002 transfer_logit_clarification scores for dev (experiment: AmbigNQ_transfer_from_ClariQ)
Loaded 2002 transfer_logit_clarification scores for dev (experiment: AmbigNQ_transfer_from_ClariQ_bert-base)
Loaded 2002 transfer_logit_clarification scores for dev (experiment: AmbigNQ_transfer_from_INSCIT)

=== 全モデル統合比較表 ===
Metric	AUC-ROC	AUC-PR	p-value
Clarity	0.4380	0.4872	-
n(σ%)	0.4516	0.4964	-
NQC	0.4372	0.4888	-
AvgICTF	0.5433	0.5742	-
AvgIDF	0.5505	0.5815	-
MaxIDF	0.5374	0.5745	-
MaxSCQ	0.5409	0.5737	-
Simplified Clarity	0.5374	0.5703	-
SMV	0.4447	0.4956	-
Transfer	0.5162	0.5511	-
WIG	0.4583	0.5097	-
L1 Logistic Regression	0.5928	0.6108	3.45e-05
L2 Logistic Regression	0.5741	0.5925	0.0043
E-Net	0.5876	0.6064	0.0008
No Penalty Logistic Regression	0.5875	0.6064	0.0010
BOLASSO	0.5928	0.6108	3.45e-05
LARS-Traps	0.5741	0.5925	0.0043
LARS-CV	0.5741	0.5925	0.0043
Random Forest	0.5673	0.5988	0.2473

  - 統合比較表（DeLong検定）を保存: /home/daiki_shibata/pj/QPP4SIP/LogReg/LASSO/outputs/AmbigNQ/pre_post_bert/ictf_idf_maxidf_scq_scs_clarity_ns50_nqc_smv_wig_base_bm25/delong/comprehensive_comparison_table.csv

================================================================================
モデル比較グラフを描画中...
================================================================================
  - 保存先: /home/daiki_shibata/pj/QPP4SIP/LogReg/LASSO/outputs/AmbigNQ/pre_post_bert/ictf_idf_maxidf_scq_scs_clarity_ns50_nqc_smv_wig_base_bm25/graphs/roc_curves_comparison.png
  - 保存先: /home/daiki_shibata/pj/QPP4SIP/LogReg/LASSO/outputs/AmbigNQ/pre_post_bert/ictf_idf_maxidf_scq_scs_clarity_ns50_nqc_smv_wig_base_bm25/graphs/pr_curves_comparison.png
  - 比較表を保存: /home/daiki_shibata/pj/QPP4SIP/LogReg/LASSO/outputs/AmbigNQ/pre_post_bert/ictf_idf_maxidf_scq_scs_clarity_ns50_nqc_smv_wig_base_bm25/graphs/models_comparison.csv
  - モデル比較グラフを保存しました

結果をファイルに保存しました（全モデル実行結果を含む）: /home/daiki_shibata/pj/QPP4SIP/LogReg/LASSO/outputs/AmbigNQ/pre_post_bert/ictf_idf_maxidf_scq_scs_clarity_ns50_nqc_smv_wig_base_bm25/results.txt

=== results.csvを生成中 ===
  - results.csvを保存しました: /home/daiki_shibata/pj/QPP4SIP/LogReg/LASSO/outputs/AmbigNQ/pre_post_bert/ictf_idf_maxidf_scq_scs_clarity_ns50_nqc_smv_wig_base_bm25/csv/results.csv
  - 行数: 2002, 列数: 16
  - カラム: label, AvgICTF, AvgIDF, Clarity, MaxIDF, MaxSCQ, NQC, SClarity, SMV, Transfer, WIG, nSigma, ENet, L1, L2, LogReg

=== 完了 ===
