[完了] pre
[完了] post
[完了] pre post
[完了] pre post bert
[完了] pre bert
[完了] post bert
[完了] pre post roberta
[エラー] pre
[エラー] pre
[エラー] pre
[完了] pre
[完了] pre
[完了] post
[完了] pre post
[完了] pre post bert
[完了] pre bert
[完了] post bert
[完了] pre post roberta
[完了] pre
[完了] post
[完了] pre post
[完了] pre post bert
[完了] pre bert
[完了] post bert
[完了] pre post roberta
[エラー] pre
[エラー] post
[エラー] pre post
[エラー] pre post bert
[エラー] pre bert
[エラー] post bert
[エラー] pre post roberta
[完了] pre
[完了] post
[完了] pre post
[完了] pre post bert
[完了] pre bert
[完了] post bert
[完了] pre post roberta
