NSP top_k値: 100 (trainとdevで共通)
使用する特徴量タイプ: pre, post
=== allによるclarification分類 ===

データセット: INSCIT
検索手法: dpr
使用する特徴量: QPPスコア（post + pre + nsp）
  設定: config.pyで指定
モデルタイプ: all
ラベル分布の調整: 無効
非負制約: 無効
クロスバリデーション: 有効
  Fold数: 5
正規化方法: 訓練データの統計量で[0,1]正規化（Min-Max）（通常）

1. データ読み込み中...

【ラベル抽出のデバッグ情報】
response_type別の分布:
  clarification: 総数=191, ラベル0=0, ラベル1=191
  directAnswer: 総数=980, ラベル0=980, ラベル1=0
  noAnswerButRelevantInfo: 総数=215, ラベル0=215, ラベル1=0
  noAnswerNoRelevantInfo: 総数=57, ラベル0=0, ラベル1=57
総ラベル分布: 0=1195, 1=248

  - 訓練データ: 1443 サンプル
Loaded 1443 nqc scores for train
Loaded 1443 clarity scores for train
Loaded 1443 wig scores for train
Loaded 1443 smv scores for train
Loaded 1443 n_sigma_50 scores for train
Loaded 1443 pre_avgidf scores for train
Loaded 1443 pre_avgictf scores for train
Loaded 1443 pre_maxidf scores for train
Loaded 1443 pre_maxscq scores for train
Loaded 1443 pre_simplified_clarity scores for train
  - nqc: 1443 サンプル
  - clarity: 1443 サンプル
  - wig: 1443 サンプル
  - smv: 1443 サンプル
  - n_sigma_50: 1443 サンプル
  - pre_avgidf: 1443 サンプル
  - pre_avgictf: 1443 サンプル
  - pre_maxidf: 1443 サンプル
  - pre_maxscq: 1443 サンプル
  - pre_simplified_clarity: 1443 サンプル

【ラベル抽出のデバッグ情報】
response_type別の分布:
  clarification: 総数=66, ラベル0=0, ラベル1=66
  directAnswer: 総数=344, ラベル0=344, ラベル1=0
  noAnswerButRelevantInfo: 総数=75, ラベル0=75, ラベル1=0
  noAnswerNoRelevantInfo: 総数=17, ラベル0=0, ラベル1=17
総ラベル分布: 0=419, 1=83

  - テストデータ: 502 サンプル
Loaded 502 nqc scores for dev
Loaded 502 clarity scores for dev
Loaded 502 wig scores for dev
Loaded 502 smv scores for dev
Loaded 502 n_sigma_50 scores for dev
Loaded 502 pre_avgidf scores for dev
Loaded 502 pre_avgictf scores for dev
Loaded 502 pre_maxidf scores for dev
Loaded 502 pre_maxscq scores for dev
Loaded 502 pre_simplified_clarity scores for dev
  - nqc: 502 サンプル
  - clarity: 502 サンプル
  - wig: 502 サンプル
  - smv: 502 サンプル
  - n_sigma_50: 502 サンプル
  - pre_avgidf: 502 サンプル
  - pre_avgictf: 502 サンプル
  - pre_maxidf: 502 サンプル
  - pre_maxscq: 502 サンプル
  - pre_simplified_clarity: 502 サンプル

2. 特徴量マージ中...
  - 訓練データ: 1443 サンプル, 10 特徴量
  - テストデータ: 502 サンプル, 10 特徴量
  - 特徴量: ['nqc', 'clarity', 'wig', 'smv', 'n_sigma_50', 'pre_avgidf', 'pre_avgictf', 'pre_maxidf', 'pre_maxscq', 'pre_simplified_clarity']
  - 訓練データのラベル分布: {0: 1195, 1: 248}
  - テストデータのラベル分布: {0: 419, 1: 83}

2.1. trainとdevを統合中...
  - 統合データ: 1945 サンプル, 10 特徴量
  - 統合データのラベル分布: {0: 1614, 1: 331} (正例率: 0.1702)

2.5. ラベル分布の調整: スキップ（--balance-label-distribution が指定されていません）

================================================================================
クロスバリデーション評価を開始します
================================================================================

================================================================================
Fold 1/5
================================================================================
  - Fold訓練データ: 1556 サンプル
  - Foldテストデータ: 389 サンプル
  - Fold訓練データのラベル分布: {0: 1292, 1: 264} (正例率: 0.1697)
  - Foldテストデータのラベル分布: {0: 322, 1: 67} (正例率: 0.1722)

  Fold 1 結果:
    訓練 - Accuracy: 0.5186, F1: 0.2954, AUC: 0.5598, AP: 0.1946
    テスト - Accuracy: 0.4961, F1: 0.2794, AUC: 0.5429, AP: 0.1866

================================================================================
Fold 2/5
================================================================================
  - Fold訓練データ: 1556 サンプル
  - Foldテストデータ: 389 サンプル
  - Fold訓練データのラベル分布: {0: 1291, 1: 265} (正例率: 0.1703)
  - Foldテストデータのラベル分布: {0: 323, 1: 66} (正例率: 0.1697)

  Fold 2 結果:
    訓練 - Accuracy: 0.5199, F1: 0.2879, AUC: 0.5609, AP: 0.1930
    テスト - Accuracy: 0.5116, F1: 0.2520, AUC: 0.5461, AP: 0.1913

================================================================================
Fold 3/5
================================================================================
  - Fold訓練データ: 1556 サンプル
  - Foldテストデータ: 389 サンプル
  - Fold訓練データのラベル分布: {0: 1291, 1: 265} (正例率: 0.1703)
  - Foldテストデータのラベル分布: {0: 323, 1: 66} (正例率: 0.1697)

  Fold 3 結果:
    訓練 - Accuracy: 0.5501, F1: 0.3217, AUC: 0.5882, AP: 0.2084
    テスト - Accuracy: 0.4961, F1: 0.2222, AUC: 0.4669, AP: 0.1580

================================================================================
Fold 4/5
================================================================================
  - Fold訓練データ: 1556 サンプル
  - Foldテストデータ: 389 サンプル
  - Fold訓練データのラベル分布: {0: 1291, 1: 265} (正例率: 0.1703)
  - Foldテストデータのラベル分布: {0: 323, 1: 66} (正例率: 0.1697)

  Fold 4 結果:
    訓練 - Accuracy: 0.5347, F1: 0.2957, AUC: 0.5550, AP: 0.1932
    テスト - Accuracy: 0.5347, F1: 0.2957, AUC: 0.5898, AP: 0.2103

================================================================================
Fold 5/5
================================================================================
  - Fold訓練データ: 1556 サンプル
  - Foldテストデータ: 389 サンプル
  - Fold訓練データのラベル分布: {0: 1291, 1: 265} (正例率: 0.1703)
  - Foldテストデータのラベル分布: {0: 323, 1: 66} (正例率: 0.1697)

  Fold 5 結果:
    訓練 - Accuracy: 0.4852, F1: 0.2880, AUC: 0.5474, AP: 0.1838
    テスト - Accuracy: 0.4936, F1: 0.3136, AUC: 0.5732, AP: 0.2252

================================================================================
クロスバリデーション結果の集約
================================================================================

各Foldの結果:
 fold  train_acc  train_f1  train_auc  train_ap  test_acc  test_f1  test_auc  test_ap
    1   0.518638  0.295390   0.559817  0.194596  0.496144 0.279412  0.542876 0.186624
    2   0.519923  0.287893   0.560940  0.192968  0.511568 0.251969  0.546064 0.191258
    3   0.550129  0.321705   0.588156  0.208432  0.496144 0.222222  0.466882 0.157979
    4   0.534704  0.295720   0.555041  0.193191  0.534704 0.295720  0.589783 0.210252
    5   0.485219  0.288000   0.547421  0.183792  0.493573 0.313589  0.573178 0.225202

平均値（標準偏差）:
  train_acc: 0.5217 (±0.0241)
  train_f1: 0.2977 (±0.0139)
  train_auc: 0.5623 (±0.0154)
  train_ap: 0.1946 (±0.0088)
  test_acc: 0.5064 (±0.0173)
  test_f1: 0.2726 (±0.0361)
  test_auc: 0.5438 (±0.0472)
  test_ap: 0.1943 (±0.0255)

全Fold統合テストデータ:
  AUC-ROC: 0.5375
  Average Precision: 0.1827

=== クロスバリデーション完了 ===

================================================================================
クロスバリデーションで得られたモデルを使って、train/devデータに対して評価を実行します
================================================================================

=== クロスバリデーション結果による評価 ===
（各foldのテストデータに対する予測結果を使用）
CVテストデータ - Accuracy: 0.5064, F1: 0.2738, AUC: 0.5375, AP: 0.1827

5.6. 単体指標の最高ROCと回帰モデルのDeLong検定を実行中...
  単体指標の最高ROC: pre_maxidf (AUC = 0.5185)/home/daiki_shibata/pj/QPP4SIP/LogReg/LASSO/module/visualization.py:668: UserWarning: Boolean Series key will be reindexed to match DataFrame index.
  test_values_pos = X_test[y_test == 1][feature_name].values
/home/daiki_shibata/pj/QPP4SIP/LogReg/LASSO/module/visualization.py:669: UserWarning: Boolean Series key will be reindexed to match DataFrame index.
  test_values_neg = X_test[y_test == 0][feature_name].values
/home/daiki_shibata/pj/QPP4SIP/LogReg/LASSO/module/visualization.py:668: UserWarning: Boolean Series key will be reindexed to match DataFrame index.
  test_values_pos = X_test[y_test == 1][feature_name].values
/home/daiki_shibata/pj/QPP4SIP/LogReg/LASSO/module/visualization.py:669: UserWarning: Boolean Series key will be reindexed to match DataFrame index.
  test_values_neg = X_test[y_test == 0][feature_name].values
/home/daiki_shibata/pj/QPP4SIP/LogReg/LASSO/module/visualization.py:668: UserWarning: Boolean Series key will be reindexed to match DataFrame index.
  test_values_pos = X_test[y_test == 1][feature_name].values
/home/daiki_shibata/pj/QPP4SIP/LogReg/LASSO/module/visualization.py:669: UserWarning: Boolean Series key will be reindexed to match DataFrame index.
  test_values_neg = X_test[y_test == 0][feature_name].values
/home/daiki_shibata/pj/QPP4SIP/LogReg/LASSO/module/visualization.py:668: UserWarning: Boolean Series key will be reindexed to match DataFrame index.
  test_values_pos = X_test[y_test == 1][feature_name].values
/home/daiki_shibata/pj/QPP4SIP/LogReg/LASSO/module/visualization.py:669: UserWarning: Boolean Series key will be reindexed to match DataFrame index.
  test_values_neg = X_test[y_test == 0][feature_name].values
/home/daiki_shibata/pj/QPP4SIP/LogReg/LASSO/module/visualization.py:668: UserWarning: Boolean Series key will be reindexed to match DataFrame index.
  test_values_pos = X_test[y_test == 1][feature_name].values
/home/daiki_shibata/pj/QPP4SIP/LogReg/LASSO/module/visualization.py:669: UserWarning: Boolean Series key will be reindexed to match DataFrame index.
  test_values_neg = X_test[y_test == 0][feature_name].values
/home/daiki_shibata/pj/QPP4SIP/LogReg/LASSO/module/visualization.py:668: UserWarning: Boolean Series key will be reindexed to match DataFrame index.
  test_values_pos = X_test[y_test == 1][feature_name].values
/home/daiki_shibata/pj/QPP4SIP/LogReg/LASSO/module/visualization.py:669: UserWarning: Boolean Series key will be reindexed to match DataFrame index.
  test_values_neg = X_test[y_test == 0][feature_name].values
/home/daiki_shibata/pj/QPP4SIP/LogReg/LASSO/module/visualization.py:668: UserWarning: Boolean Series key will be reindexed to match DataFrame index.
  test_values_pos = X_test[y_test == 1][feature_name].values
/home/daiki_shibata/pj/QPP4SIP/LogReg/LASSO/module/visualization.py:669: UserWarning: Boolean Series key will be reindexed to match DataFrame index.
  test_values_neg = X_test[y_test == 0][feature_name].values
/home/daiki_shibata/pj/QPP4SIP/LogReg/LASSO/module/visualization.py:668: UserWarning: Boolean Series key will be reindexed to match DataFrame index.
  test_values_pos = X_test[y_test == 1][feature_name].values
/home/daiki_shibata/pj/QPP4SIP/LogReg/LASSO/module/visualization.py:669: UserWarning: Boolean Series key will be reindexed to match DataFrame index.
  test_values_neg = X_test[y_test == 0][feature_name].values
/home/daiki_shibata/pj/QPP4SIP/LogReg/LASSO/module/visualization.py:668: UserWarning: Boolean Series key will be reindexed to match DataFrame index.
  test_values_pos = X_test[y_test == 1][feature_name].values
/home/daiki_shibata/pj/QPP4SIP/LogReg/LASSO/module/visualization.py:669: UserWarning: Boolean Series key will be reindexed to match DataFrame index.
  test_values_neg = X_test[y_test == 0][feature_name].values
/home/daiki_shibata/pj/QPP4SIP/LogReg/LASSO/module/visualization.py:668: UserWarning: Boolean Series key will be reindexed to match DataFrame index.
  test_values_pos = X_test[y_test == 1][feature_name].values
/home/daiki_shibata/pj/QPP4SIP/LogReg/LASSO/module/visualization.py:669: UserWarning: Boolean Series key will be reindexed to match DataFrame index.
  test_values_neg = X_test[y_test == 0][feature_name].values

  回帰モデルのROC: AUC = 0.5375

  DeLongの検定結果:
    モデルA (回帰): AUC = 0.5375
    モデルB (単体指標 pre_maxidf): AUC = 0.5185
    AUC差: 0.0189
    Z統計量: 0.9219
    p値: 0.3566
    有意差: なし (α=0.05)

  === 各指標とモデルの比較表 ===

Metric	AUC-ROC	AUC-PR	p-value
nqc	0.4516	0.1595	-
clarity	0.4614	0.1506	-
wig	0.4658	0.1629	-
smv	0.4580	0.1636	-
n_sigma_50	0.4744	0.1583	-
pre_avgidf	0.5077	0.1758	-
pre_avgictf	0.5036	0.1727	-
pre_maxidf	0.5185	0.1815	-
pre_maxscq	0.5031	0.1721	-
pre_simplified_clarity	0.5022	0.1727	-
ALL Logistic Regression	0.5375	0.1827	0.3566

  - DeLongの検定結果を保存: /home/daiki_shibata/pj/QPP4SIP/LogReg/LASSO/outputs/INSCIT/pre_post/ictf_idf_maxidf_scq_scs_clarity_ns50_nqc_smv_wig/delong/delong_test_single_metric.csv
  - 比較表を保存: /home/daiki_shibata/pj/QPP4SIP/LogReg/LASSO/outputs/INSCIT/pre_post/ictf_idf_maxidf_scq_scs_clarity_ns50_nqc_smv_wig/delong/comparison_table.csv
  - 回帰モデル同士の比較用に予測結果を保存: /home/daiki_shibata/pj/QPP4SIP/LogReg/LASSO/outputs/INSCIT/pre_post/ictf_idf_maxidf_scq_scs_clarity_ns50_nqc_smv_wig/csv/predictions_for_delong.csv

参考: train/devデータに対する予測（評価には使用しません）
参考 - 訓練データ: Accuracy: 0.5405, F1: 0.2969, AUC: 0.5714, AP: 0.2038
参考 - テストデータ: Accuracy: 0.5139, F1: 0.2695, AUC: 0.5272, AP: 0.1686

特徴量の係数（各foldの平均）:
               feature  coefficient
               clarity    -1.552597
                   nqc    -1.345666
                   smv     0.949252
            pre_maxidf     0.254304
            pre_maxscq    -0.218502
            n_sigma_50    -0.174409
                   wig     0.167918
pre_simplified_clarity     0.044504
            pre_avgidf     0.022644
           pre_avgictf     0.000000
  - 係数をCSVファイルに保存しました: /home/daiki_shibata/pj/QPP4SIP/LogReg/LASSO/outputs/INSCIT/pre_post/ictf_idf_maxidf_scq_scs_clarity_ns50_nqc_smv_wig/coefficients.csv
  - DeLongの検定用に予測結果を保存（CV統合）: /home/daiki_shibata/pj/QPP4SIP/LogReg/LASSO/outputs/INSCIT/pre_post/ictf_idf_maxidf_scq_scs_clarity_ns50_nqc_smv_wig/csv/predictions_for_delong.csv

3. [0,1]正規化（Min-Max）中...
  - 方法: 訓練データの統計量でテストデータも正規化（通常）
  - 正規化完了

=== 評価結果 ===
（クロスバリデーション結果は既に上記で表示済み）

6. ROC曲線を描画中...
  - 保存先: /home/daiki_shibata/pj/QPP4SIP/LogReg/LASSO/outputs/INSCIT/pre_post/ictf_idf_maxidf_scq_scs_clarity_ns50_nqc_smv_wig/graphs/roc_curves.png
  - ROC曲線を保存しました

7. Precision-Recall曲線を描画中...
  - 保存先: /home/daiki_shibata/pj/QPP4SIP/LogReg/LASSO/outputs/INSCIT/pre_post/ictf_idf_maxidf_scq_scs_clarity_ns50_nqc_smv_wig/graphs/pr_curves.png
  - PR曲線を保存しました

8. 閾値とF1スコアの関係を描画中...
  - 保存先: /home/daiki_shibata/pj/QPP4SIP/LogReg/LASSO/outputs/INSCIT/pre_post/ictf_idf_maxidf_scq_scs_clarity_ns50_nqc_smv_wig/graphs/threshold_f1_curves.png
  - 閾値とF1スコアの関係を保存しました

9. 特徴量のスコア分布を描画中...
  - 保存先: /home/daiki_shibata/pj/QPP4SIP/LogReg/LASSO/outputs/INSCIT/pre_post/ictf_idf_maxidf_scq_scs_clarity_ns50_nqc_smv_wig/graphs/feature_distributions.png
  - 保存先: /home/daiki_shibata/pj/QPP4SIP/LogReg/LASSO/outputs/INSCIT/pre_post/ictf_idf_maxidf_scq_scs_clarity_ns50_nqc_smv_wig/graphs/feature_distributions_by_label.png
  - 特徴量のスコア分布を保存しました

10. 相関係数ヒートマップを描画中...
trainとtestを統合: train=1443サンプル, test=502サンプル, 合計=1945サンプル
  - 相関係数ヒートマップを保存しました: /home/daiki_shibata/pj/QPP4SIP/LogReg/LASSO/outputs/INSCIT/pre_post/ictf_idf_maxidf_scq_scs_clarity_ns50_nqc_smv_wig/graphs/correlation_heatmaps.png

=== 相関係数の統計情報 ===
全体のデータ数: 1945

全体の相関係数（ピアソン）:
                             nqc   clarity  ...  pre_maxscq  pre_simplified_clarity
nqc                     1.000000  0.130680  ...    0.003135                0.054250
clarity                 0.130680  1.000000  ...    0.037305                0.038028
wig                     0.947161  0.145625  ...   -0.009770                0.049564
smv                     0.950883  0.092645  ...    0.005244                0.060997
n_sigma_50              0.513079  0.447285  ...    0.017417                0.056312
pre_avgidf              0.041128  0.032532  ...    0.268343                0.977768
pre_avgictf             0.030910  0.006924  ...    0.281899                0.982094
pre_maxidf              0.006949 -0.001554  ...    0.141184                0.639870
pre_maxscq              0.003135  0.037305  ...    1.000000                0.239049
pre_simplified_clarity  0.054250  0.038028  ...    0.239049                1.000000

[10 rows x 10 columns]

全体の相関係数（スピアマン）:
                             nqc   clarity  ...  pre_maxscq  pre_simplified_clarity
nqc                     1.000000  0.154224  ...   -0.001225                0.037168
clarity                 0.154224  1.000000  ...    0.055488                0.051708
wig                     0.946554  0.174256  ...   -0.029919                0.033103
smv                     0.990527  0.146249  ...   -0.005237                0.039789
n_sigma_50              0.625171  0.492332  ...    0.029592                0.053311
pre_avgidf              0.022237  0.048375  ...    0.265664                0.972999
pre_avgictf             0.015738  0.017756  ...    0.251138                0.979778
pre_maxidf             -0.002355  0.002331  ...    0.034929                0.633458
pre_maxscq             -0.001225  0.055488  ...    1.000000                0.230221
pre_simplified_clarity  0.037168  0.051708  ...    0.230221                1.000000

[10 rows x 10 columns]

Negativeラベルの相関係数（ピアソン） (データ数: 1609):
                             nqc   clarity  ...  pre_maxscq  pre_simplified_clarity
nqc                     1.000000  0.147491  ...    0.009528                0.036695
clarity                 0.147491  1.000000  ...    0.036828                0.040549
wig                     0.945555  0.164946  ...   -0.003167                0.039863
smv                     0.949910  0.112354  ...    0.008625                0.046674
n_sigma_50              0.528782  0.441485  ...    0.021164                0.047589
pre_avgidf              0.024008  0.036043  ...    0.290671                0.977267
pre_avgictf             0.011216  0.007939  ...    0.306769                0.981724
pre_maxidf             -0.013437  0.003150  ...    0.158676                0.629367
pre_maxscq              0.009528  0.036828  ...    1.000000                0.262868
pre_simplified_clarity  0.036695  0.040549  ...    0.262868                1.000000

[10 rows x 10 columns]

Negativeラベルの相関係数（スピアマン） (データ数: 1609):
                             nqc   clarity  ...  pre_maxscq  pre_simplified_clarity
nqc                     1.000000  0.163338  ...    0.009597                0.018940
clarity                 0.163338  1.000000  ...    0.062770                0.058562
wig                     0.943801  0.183813  ...   -0.017955                0.018792
smv                     0.990172  0.153754  ...    0.004633                0.021758
n_sigma_50              0.622435  0.494986  ...    0.042470                0.034880
pre_avgidf              0.004912  0.055562  ...    0.271588                0.971692
pre_avgictf            -0.004721  0.023011  ...    0.258330                0.978742
pre_maxidf             -0.026709  0.010638  ...    0.039928                0.619447
pre_maxscq              0.009597  0.062770  ...    1.000000                0.236656
pre_simplified_clarity  0.018940  0.058562  ...    0.236656                1.000000

[10 rows x 10 columns]

Positiveラベルの相関係数（ピアソン） (データ数: 336):
                             nqc   clarity  ...  pre_maxscq  pre_simplified_clarity
nqc                     1.000000  0.026868  ...   -0.029168                0.131593
clarity                 0.026868  1.000000  ...    0.030045                0.030939
wig                     0.954026  0.037424  ...   -0.041538                0.092251
smv                     0.956435 -0.013093  ...   -0.010009                0.121493
n_sigma_50              0.451201  0.470614  ...   -0.016317                0.118835
pre_avgidf              0.114844  0.019019  ...    0.160620                0.980254
pre_avgictf             0.116991  0.007181  ...    0.159065                0.983829
pre_maxidf              0.097034 -0.024898  ...    0.054331                0.689524
pre_maxscq             -0.029168  0.030045  ...    1.000000                0.120994
pre_simplified_clarity  0.131593  0.030939  ...    0.120994                1.000000

[10 rows x 10 columns]

Positiveラベルの相関係数（スピアマン） (データ数: 336):
                             nqc   clarity  ...  pre_maxscq  pre_simplified_clarity
nqc                     1.000000  0.103889  ...   -0.059785                0.111026
clarity                 0.103889  1.000000  ...    0.004287                0.009325
wig                     0.958849  0.126683  ...   -0.086864                0.096199
smv                     0.991552  0.103636  ...   -0.057489                0.114665
n_sigma_50              0.630130  0.475574  ...   -0.042385                0.138520
pre_avgidf              0.093409  0.006281  ...    0.243093                0.977452
pre_avgictf             0.099392 -0.017372  ...    0.222231                0.983631
pre_maxidf              0.105861 -0.040250  ...    0.012141                0.694110
pre_maxscq             -0.059785  0.004287  ...    1.000000                0.203865
pre_simplified_clarity  0.111026  0.009325  ...    0.203865                1.000000

[10 rows x 10 columns]
  - 相関係数ヒートマップを保存しました

11. Confidence Analysis（確信度分析）を実行中...
  ⚠️  警告: BERTの予測確率を読み込めませんでした（BASE_EXPERIMENT_NAMESが設定されていない可能性があります）

結果をファイルに保存しました: /home/daiki_shibata/pj/QPP4SIP/LogReg/LASSO/outputs/INSCIT/pre_post/ictf_idf_maxidf_scq_scs_clarity_ns50_nqc_smv_wig/results.txt

================================================================================
全てのモデルタイプを実行して比較します
================================================================================

L1:
  Accuracy: 0.5044
  F1 Score: 0.2774
  AUC-ROC: 0.5379
  Average Precision: 0.1828

  --- L1 モデルのDeLong検定を実行中 ---
  単体指標の最高ROC: nqc (AUC = 0.5439)
  回帰モデルのROC: AUC = 0.5379

  DeLongの検定結果:
    モデルA (L1): AUC = 0.5379
    モデルB (単体指標 nqc): AUC = 0.5439
    AUC差: -0.0061
    Z統計量: -0.3836
    p値: 0.7013
    有意差: なし (α=0.05)

  === 各指標とモデルの比較表 ===

Metric	AUC-ROC	AUC-PR	p-value
nqc	0.5439	0.1953	-
clarity	0.5352	0.1764	-
wig	0.5253	0.1852	-
smv	0.5356	0.1889	-
n_sigma_50	0.5174	0.1905	-
pre_avgidf	0.5077	0.1758	-
pre_avgictf	0.5036	0.1727	-
pre_maxidf	0.5185	0.1815	-
pre_maxscq	0.5031	0.1721	-
pre_simplified_clarity	0.5022	0.1727	-
L1	0.5379	0.1828	0.7013

  - DeLongの検定結果を保存: /home/daiki_shibata/pj/QPP4SIP/LogReg/LASSO/outputs/INSCIT/pre_post/ictf_idf_maxidf_scq_scs_clarity_ns50_nqc_smv_wig/delong/delong_test_l1.csv
  - 比較表を保存: /home/daiki_shibata/pj/QPP4SIP/LogReg/LASSO/outputs/INSCIT/pre_post/ictf_idf_maxidf_scq_scs_clarity_ns50_nqc_smv_wig/delong/comparison_table_l1.csv

L2:
  Accuracy: 0.5059
  F1 Score: 0.2791
  AUC-ROC: 0.5389
  Average Precision: 0.1826

  --- L2 モデルのDeLong検定を実行中 ---
  単体指標の最高ROC: nqc (AUC = 0.5439)
  回帰モデルのROC: AUC = 0.5389

  DeLongの検定結果:
    モデルA (L2): AUC = 0.5389
    モデルB (単体指標 nqc): AUC = 0.5439
    AUC差: -0.0050
    Z統計量: -0.3095
    p値: 0.7569
    有意差: なし (α=0.05)

  === 各指標とモデルの比較表 ===

Metric	AUC-ROC	AUC-PR	p-value
nqc	0.5439	0.1953	-
clarity	0.5352	0.1764	-
wig	0.5253	0.1852	-
smv	0.5356	0.1889	-
n_sigma_50	0.5174	0.1905	-
pre_avgidf	0.5077	0.1758	-
pre_avgictf	0.5036	0.1727	-
pre_maxidf	0.5185	0.1815	-
pre_maxscq	0.5031	0.1721	-
pre_simplified_clarity	0.5022	0.1727	-
L2	0.5389	0.1826	0.7569

  - DeLongの検定結果を保存: /home/daiki_shibata/pj/QPP4SIP/LogReg/LASSO/outputs/INSCIT/pre_post/ictf_idf_maxidf_scq_scs_clarity_ns50_nqc_smv_wig/delong/delong_test_l2.csv
  - 比較表を保存: /home/daiki_shibata/pj/QPP4SIP/LogReg/LASSO/outputs/INSCIT/pre_post/ictf_idf_maxidf_scq_scs_clarity_ns50_nqc_smv_wig/delong/comparison_table_l2.csv

ElasticNet:
  Accuracy: 0.5064
  F1 Score: 0.2782
  AUC-ROC: 0.5390
  Average Precision: 0.1829

  --- ElasticNet モデルのDeLong検定を実行中 ---
  単体指標の最高ROC: nqc (AUC = 0.5439)
  回帰モデルのROC: AUC = 0.5390

  DeLongの検定結果:
    モデルA (ElasticNet): AUC = 0.5390
    モデルB (単体指標 nqc): AUC = 0.5439
    AUC差: -0.0049
    Z統計量: -0.3087
    p値: 0.7575
    有意差: なし (α=0.05)

  === 各指標とモデルの比較表 ===

Metric	AUC-ROC	AUC-PR	p-value
nqc	0.5439	0.1953	-
clarity	0.5352	0.1764	-
wig	0.5253	0.1852	-
smv	0.5356	0.1889	-
n_sigma_50	0.5174	0.1905	-
pre_avgidf	0.5077	0.1758	-
pre_avgictf	0.5036	0.1727	-
pre_maxidf	0.5185	0.1815	-
pre_maxscq	0.5031	0.1721	-
pre_simplified_clarity	0.5022	0.1727	-
ElasticNet	0.5390	0.1829	0.7575

  - DeLongの検定結果を保存: /home/daiki_shibata/pj/QPP4SIP/LogReg/LASSO/outputs/INSCIT/pre_post/ictf_idf_maxidf_scq_scs_clarity_ns50_nqc_smv_wig/delong/delong_test_elasticnet.csv
  - 比較表を保存: /home/daiki_shibata/pj/QPP4SIP/LogReg/LASSO/outputs/INSCIT/pre_post/ictf_idf_maxidf_scq_scs_clarity_ns50_nqc_smv_wig/delong/comparison_table_elasticnet.csv

No Penalty:
  Accuracy: 0.5332
  F1 Score: 0.2701
  AUC-ROC: 0.5539
  Average Precision: 0.1906

  --- No Penalty モデルのDeLong検定を実行中 ---
  単体指標の最高ROC: nqc (AUC = 0.5439)
  回帰モデルのROC: AUC = 0.5539

  DeLongの検定結果:
    モデルA (No Penalty): AUC = 0.5539
    モデルB (単体指標 nqc): AUC = 0.5439
    AUC差: 0.0099
    Z統計量: 0.6470
    p値: 0.5176
    有意差: なし (α=0.05)

  === 各指標とモデルの比較表 ===

Metric	AUC-ROC	AUC-PR	p-value
nqc	0.5439	0.1953	-
clarity	0.5352	0.1764	-
wig	0.5253	0.1852	-
smv	0.5356	0.1889	-
n_sigma_50	0.5174	0.1905	-
pre_avgidf	0.5077	0.1758	-
pre_avgictf	0.5036	0.1727	-
pre_maxidf	0.5185	0.1815	-
pre_maxscq	0.5031	0.1721	-
pre_simplified_clarity	0.5022	0.1727	-
No Penalty	0.5539	0.1906	0.5176

  - DeLongの検定結果を保存: /home/daiki_shibata/pj/QPP4SIP/LogReg/LASSO/outputs/INSCIT/pre_post/ictf_idf_maxidf_scq_scs_clarity_ns50_nqc_smv_wig/delong/delong_test_none.csv
  - 比較表を保存: /home/daiki_shibata/pj/QPP4SIP/LogReg/LASSO/outputs/INSCIT/pre_post/ictf_idf_maxidf_scq_scs_clarity_ns50_nqc_smv_wig/delong/comparison_table_none.csv

BOLASSO:
  Accuracy: 0.5039
  F1 Score: 0.2782
  AUC-ROC: 0.5380
  Average Precision: 0.1828

  --- BOLASSO モデルのDeLong検定を実行中 ---
  単体指標の最高ROC: nqc (AUC = 0.5439)
  回帰モデルのROC: AUC = 0.5380

  DeLongの検定結果:
    モデルA (BOLASSO): AUC = 0.5380
    モデルB (単体指標 nqc): AUC = 0.5439
    AUC差: -0.0059
    Z統計量: -0.3743
    p値: 0.7082
    有意差: なし (α=0.05)

  === 各指標とモデルの比較表 ===

Metric	AUC-ROC	AUC-PR	p-value
nqc	0.5439	0.1953	-
clarity	0.5352	0.1764	-
wig	0.5253	0.1852	-
smv	0.5356	0.1889	-
n_sigma_50	0.5174	0.1905	-
pre_avgidf	0.5077	0.1758	-
pre_avgictf	0.5036	0.1727	-
pre_maxidf	0.5185	0.1815	-
pre_maxscq	0.5031	0.1721	-
pre_simplified_clarity	0.5022	0.1727	-
BOLASSO	0.5380	0.1828	0.7082

  - DeLongの検定結果を保存: /home/daiki_shibata/pj/QPP4SIP/LogReg/LASSO/outputs/INSCIT/pre_post/ictf_idf_maxidf_scq_scs_clarity_ns50_nqc_smv_wig/delong/delong_test_bolasso.csv
  - 比較表を保存: /home/daiki_shibata/pj/QPP4SIP/LogReg/LASSO/outputs/INSCIT/pre_post/ictf_idf_maxidf_scq_scs_clarity_ns50_nqc_smv_wig/delong/comparison_table_bolasso.csv

LARS-Traps:
  Accuracy: 0.5059
  F1 Score: 0.2791
  AUC-ROC: 0.5389
  Average Precision: 0.1826

  --- LARS-Traps モデルのDeLong検定を実行中 ---
  単体指標の最高ROC: nqc (AUC = 0.5439)
  回帰モデルのROC: AUC = 0.5389

  DeLongの検定結果:
    モデルA (LARS-Traps): AUC = 0.5389
    モデルB (単体指標 nqc): AUC = 0.5439
    AUC差: -0.0050
    Z統計量: -0.3095
    p値: 0.7569
    有意差: なし (α=0.05)

  === 各指標とモデルの比較表 ===

Metric	AUC-ROC	AUC-PR	p-value
nqc	0.5439	0.1953	-
clarity	0.5352	0.1764	-
wig	0.5253	0.1852	-
smv	0.5356	0.1889	-
n_sigma_50	0.5174	0.1905	-
pre_avgidf	0.5077	0.1758	-
pre_avgictf	0.5036	0.1727	-
pre_maxidf	0.5185	0.1815	-
pre_maxscq	0.5031	0.1721	-
pre_simplified_clarity	0.5022	0.1727	-
LARS-Traps	0.5389	0.1826	0.7569

  - DeLongの検定結果を保存: /home/daiki_shibata/pj/QPP4SIP/LogReg/LASSO/outputs/INSCIT/pre_post/ictf_idf_maxidf_scq_scs_clarity_ns50_nqc_smv_wig/delong/delong_test_lars_traps.csv
  - 比較表を保存: /home/daiki_shibata/pj/QPP4SIP/LogReg/LASSO/outputs/INSCIT/pre_post/ictf_idf_maxidf_scq_scs_clarity_ns50_nqc_smv_wig/delong/comparison_table_lars_traps.csv

LARS-CV:
  Accuracy: 0.5069
  F1 Score: 0.2870
  AUC-ROC: 0.5393
  Average Precision: 0.1827

  --- LARS-CV モデルのDeLong検定を実行中 ---
  単体指標の最高ROC: nqc (AUC = 0.5439)
  回帰モデルのROC: AUC = 0.5393

  DeLongの検定結果:
    モデルA (LARS-CV): AUC = 0.5393
    モデルB (単体指標 nqc): AUC = 0.5439
    AUC差: -0.0046
    Z統計量: -0.2867
    p値: 0.7743
    有意差: なし (α=0.05)

  === 各指標とモデルの比較表 ===

Metric	AUC-ROC	AUC-PR	p-value
nqc	0.5439	0.1953	-
clarity	0.5352	0.1764	-
wig	0.5253	0.1852	-
smv	0.5356	0.1889	-
n_sigma_50	0.5174	0.1905	-
pre_avgidf	0.5077	0.1758	-
pre_avgictf	0.5036	0.1727	-
pre_maxidf	0.5185	0.1815	-
pre_maxscq	0.5031	0.1721	-
pre_simplified_clarity	0.5022	0.1727	-
LARS-CV	0.5393	0.1827	0.7743

  - DeLongの検定結果を保存: /home/daiki_shibata/pj/QPP4SIP/LogReg/LASSO/outputs/INSCIT/pre_post/ictf_idf_maxidf_scq_scs_clarity_ns50_nqc_smv_wig/delong/delong_test_lars_cv.csv
  - 比較表を保存: /home/daiki_shibata/pj/QPP4SIP/LogReg/LASSO/outputs/INSCIT/pre_post/ictf_idf_maxidf_scq_scs_clarity_ns50_nqc_smv_wig/delong/comparison_table_lars_cv.csv

RandomForest:
  Accuracy: 0.8267
  F1 Score: 0.0117
  AUC-ROC: 0.5117
  Average Precision: 0.1745

  --- RandomForest モデルのDeLong検定を実行中 ---
  単体指標の最高ROC: nqc (AUC = 0.5439)
  回帰モデルのROC: AUC = 0.5117

  DeLongの検定結果:
    モデルA (RandomForest): AUC = 0.5117
    モデルB (単体指標 nqc): AUC = 0.5439
    AUC差: -0.0322
    Z統計量: -1.5058
    p値: 0.1321
    有意差: なし (α=0.05)

  === 各指標とモデルの比較表 ===

Metric	AUC-ROC	AUC-PR	p-value
nqc	0.5439	0.1953	-
clarity	0.5352	0.1764	-
wig	0.5253	0.1852	-
smv	0.5356	0.1889	-
n_sigma_50	0.5174	0.1905	-
pre_avgidf	0.5077	0.1758	-
pre_avgictf	0.5036	0.1727	-
pre_maxidf	0.5185	0.1815	-
pre_maxscq	0.5031	0.1721	-
pre_simplified_clarity	0.5022	0.1727	-
RandomForest	0.5117	0.1745	0.1321

  - DeLongの検定結果を保存: /home/daiki_shibata/pj/QPP4SIP/LogReg/LASSO/outputs/INSCIT/pre_post/ictf_idf_maxidf_scq_scs_clarity_ns50_nqc_smv_wig/delong/delong_test_randomforest.csv
  - 比較表を保存: /home/daiki_shibata/pj/QPP4SIP/LogReg/LASSO/outputs/INSCIT/pre_post/ictf_idf_maxidf_scq_scs_clarity_ns50_nqc_smv_wig/delong/comparison_table_randomforest.csv

================================================================================
全モデル統合比較表を作成中...
================================================================================

=== 全モデル統合比較表 ===
Metric	AUC-ROC	AUC-PR	p-value
clarity	0.4614	0.1506	-
n_sigma_50	0.4744	0.1583	-
nqc	0.4516	0.1595	-
pre_avgictf	0.5036	0.1727	-
pre_avgidf	0.5077	0.1758	-
pre_maxidf	0.5185	0.1815	-
pre_maxscq	0.5031	0.1721	-
pre_simplified_clarity	0.5022	0.1727	-
smv	0.4580	0.1636	-
wig	0.4658	0.1629	-
L1 Logistic Regression	0.5379	0.1828	0.3475
L2 Logistic Regression	0.5389	0.1826	0.3126
E-Net	0.5390	0.1829	0.3197
No Penalty Logistic Regression	0.5539	0.1906	0.1166
BOLASSO	0.5380	0.1828	0.3439
LARS-Traps	0.5389	0.1826	0.3126
LARS-CV	0.5393	0.1827	0.3031
Random Forest	0.5117	0.1745	0.7636

  - 統合比較表（DeLong検定）を保存: /home/daiki_shibata/pj/QPP4SIP/LogReg/LASSO/outputs/INSCIT/pre_post/ictf_idf_maxidf_scq_scs_clarity_ns50_nqc_smv_wig/delong/comprehensive_comparison_table.csv

================================================================================
モデル比較グラフを描画中...
================================================================================
  - 保存先: /home/daiki_shibata/pj/QPP4SIP/LogReg/LASSO/outputs/INSCIT/pre_post/ictf_idf_maxidf_scq_scs_clarity_ns50_nqc_smv_wig/graphs/roc_curves_comparison.png
  - 保存先: /home/daiki_shibata/pj/QPP4SIP/LogReg/LASSO/outputs/INSCIT/pre_post/ictf_idf_maxidf_scq_scs_clarity_ns50_nqc_smv_wig/graphs/pr_curves_comparison.png
  - 比較表を保存: /home/daiki_shibata/pj/QPP4SIP/LogReg/LASSO/outputs/INSCIT/pre_post/ictf_idf_maxidf_scq_scs_clarity_ns50_nqc_smv_wig/graphs/models_comparison.csv
  - モデル比較グラフを保存しました

結果をファイルに保存しました（全モデル実行結果を含む）: /home/daiki_shibata/pj/QPP4SIP/LogReg/LASSO/outputs/INSCIT/pre_post/ictf_idf_maxidf_scq_scs_clarity_ns50_nqc_smv_wig/results.txt

=== 完了 ===
