NSP top_k値: 100 (trainとdevで共通)
使用する特徴量タイプ: pre, post, roberta
=== allによるclarification分類 ===

データセット: INSCIT
検索手法: dpr
使用する特徴量: QPPスコア（post + pre + nsp + base）
  設定: config.pyで指定
モデルタイプ: all
ラベル分布の調整: 無効
非負制約: 無効
クロスバリデーション: 有効
  Fold数: 5
正規化方法: 訓練データの統計量で[0,1]正規化（Min-Max）（通常）

1. データ読み込み中...

【ラベル抽出のデバッグ情報】
response_type別の分布:
  clarification: 総数=191, ラベル0=0, ラベル1=191
  directAnswer: 総数=980, ラベル0=980, ラベル1=0
  noAnswerButRelevantInfo: 総数=215, ラベル0=215, ラベル1=0
  noAnswerNoRelevantInfo: 総数=57, ラベル0=0, ラベル1=57
総ラベル分布: 0=1195, 1=248

  - 訓練データ: 1443 サンプル
Loaded 1443 nqc scores for train
Loaded 1443 clarity scores for train
Loaded 1443 wig scores for train
Loaded 1443 smv scores for train
Loaded 1443 n_sigma_50 scores for train
Loaded 1443 pre_avgidf scores for train
Loaded 1443 pre_avgictf scores for train
Loaded 1443 pre_maxidf scores for train
Loaded 1443 pre_maxscq scores for train
Loaded 1443 pre_simplified_clarity scores for train
  - nqc: 1443 サンプル
  - clarity: 1443 サンプル
  - wig: 1443 サンプル
  - smv: 1443 サンプル
  - n_sigma_50: 1443 サンプル
  - pre_avgidf: 1443 サンプル
  - pre_avgictf: 1443 サンプル
  - pre_maxidf: 1443 サンプル
  - pre_maxscq: 1443 サンプル
  - pre_simplified_clarity: 1443 サンプル
Loaded 1443 roberta_logit_clarification scores for train (experiment: INSCIT_roberta-base_lr2e-05_bs16_earlystop_kfold5)
  - roberta_logit_clarification: 1443 サンプル

【ラベル抽出のデバッグ情報】
response_type別の分布:
  clarification: 総数=66, ラベル0=0, ラベル1=66
  directAnswer: 総数=344, ラベル0=344, ラベル1=0
  noAnswerButRelevantInfo: 総数=75, ラベル0=75, ラベル1=0
  noAnswerNoRelevantInfo: 総数=17, ラベル0=0, ラベル1=17
総ラベル分布: 0=419, 1=83

  - テストデータ: 502 サンプル
Loaded 502 nqc scores for dev
Loaded 502 clarity scores for dev
Loaded 502 wig scores for dev
Loaded 502 smv scores for dev
Loaded 502 n_sigma_50 scores for dev
Loaded 502 pre_avgidf scores for dev
Loaded 502 pre_avgictf scores for dev
Loaded 502 pre_maxidf scores for dev
Loaded 502 pre_maxscq scores for dev
Loaded 502 pre_simplified_clarity scores for dev
  - nqc: 502 サンプル
  - clarity: 502 サンプル
  - wig: 502 サンプル
  - smv: 502 サンプル
  - n_sigma_50: 502 サンプル
  - pre_avgidf: 502 サンプル
  - pre_avgictf: 502 サンプル
  - pre_maxidf: 502 サンプル
  - pre_maxscq: 502 サンプル
  - pre_simplified_clarity: 502 サンプル
Loaded 502 roberta_logit_clarification scores for dev (experiment: INSCIT_roberta-base_lr2e-05_bs16_earlystop_kfold5)
  - roberta_logit_clarification: 502 サンプル

2. 特徴量マージ中...
  - 訓練データ: 1443 サンプル, 11 特徴量
  - テストデータ: 502 サンプル, 11 特徴量
  - 特徴量: ['nqc', 'clarity', 'wig', 'smv', 'n_sigma_50', 'pre_avgidf', 'pre_avgictf', 'pre_maxidf', 'pre_maxscq', 'pre_simplified_clarity', 'roberta_logit_clarification']
  - 訓練データのラベル分布: {0: 1195, 1: 248}
  - テストデータのラベル分布: {0: 419, 1: 83}

2.1. trainとdevを統合中...
  - 統合データ: 1945 サンプル, 11 特徴量
  - 統合データのラベル分布: {0: 1614, 1: 331} (正例率: 0.1702)

2.5. ラベル分布の調整: スキップ（--balance-label-distribution が指定されていません）

================================================================================
クロスバリデーション評価を開始します
================================================================================

================================================================================
Fold 1/5
================================================================================
  - Fold訓練データ: 1556 サンプル
  - Foldテストデータ: 389 サンプル
  - Fold訓練データのラベル分布: {0: 1292, 1: 264} (正例率: 0.1697)
  - Foldテストデータのラベル分布: {0: 322, 1: 67} (正例率: 0.1722)

  Fold 1 結果:
    訓練 - Accuracy: 0.5855, F1: 0.3218, AUC: 0.6189, AP: 0.2525
    テスト - Accuracy: 0.6170, F1: 0.3605, AUC: 0.6566, AP: 0.2753

================================================================================
Fold 2/5
================================================================================
  - Fold訓練データ: 1556 サンプル
  - Foldテストデータ: 389 サンプル
  - Fold訓練データのラベル分布: {0: 1291, 1: 265} (正例率: 0.1703)
  - Foldテストデータのラベル分布: {0: 323, 1: 66} (正例率: 0.1697)

  Fold 2 結果:
    訓練 - Accuracy: 0.5938, F1: 0.3233, AUC: 0.6279, AP: 0.2563
    テスト - Accuracy: 0.5476, F1: 0.2787, AUC: 0.5926, AP: 0.2556

================================================================================
Fold 3/5
================================================================================
  - Fold訓練データ: 1556 サンプル
  - Foldテストデータ: 389 サンプル
  - Fold訓練データのラベル分布: {0: 1291, 1: 265} (正例率: 0.1703)
  - Foldテストデータのラベル分布: {0: 323, 1: 66} (正例率: 0.1697)

  Fold 3 結果:
    訓練 - Accuracy: 0.6009, F1: 0.3315, AUC: 0.6384, AP: 0.2727
    テスト - Accuracy: 0.5887, F1: 0.2857, AUC: 0.5615, AP: 0.1954

================================================================================
Fold 4/5
================================================================================
  - Fold訓練データ: 1556 サンプル
  - Foldテストデータ: 389 サンプル
  - Fold訓練データのラベル分布: {0: 1291, 1: 265} (正例率: 0.1703)
  - Foldテストデータのラベル分布: {0: 323, 1: 66} (正例率: 0.1697)

  Fold 4 結果:
    訓練 - Accuracy: 0.6028, F1: 0.3453, AUC: 0.6366, AP: 0.2576
    テスト - Accuracy: 0.6015, F1: 0.3111, AUC: 0.5880, AP: 0.2441

================================================================================
Fold 5/5
================================================================================
  - Fold訓練データ: 1556 サンプル
  - Foldテストデータ: 389 サンプル
  - Fold訓練データのラベル分布: {0: 1291, 1: 265} (正例率: 0.1703)
  - Foldテストデータのラベル分布: {0: 323, 1: 66} (正例率: 0.1697)

  Fold 5 結果:
    訓練 - Accuracy: 0.5938, F1: 0.3277, AUC: 0.6181, AP: 0.2445
    テスト - Accuracy: 0.5758, F1: 0.3320, AUC: 0.6573, AP: 0.2926

================================================================================
クロスバリデーション結果の集約
================================================================================

各Foldの結果:
 fold  train_acc  train_f1  train_auc  train_ap  test_acc  test_f1  test_auc  test_ap
    1   0.585476  0.321767   0.618931  0.252547  0.616967 0.360515  0.656577 0.275300
    2   0.593830  0.323340   0.627918  0.256271  0.547558 0.278689  0.592645 0.255627
    3   0.600900  0.331539   0.638376  0.272704  0.588689 0.285714  0.561544 0.195412
    4   0.602828  0.345339   0.636581  0.257597  0.601542 0.311111  0.587954 0.244113
    5   0.593830  0.327660   0.618085  0.244502  0.575835 0.331984  0.657285 0.292562

平均値（標準偏差）:
  train_acc: 0.5954 (±0.0069)
  train_f1: 0.3299 (±0.0094)
  train_auc: 0.6280 (±0.0095)
  train_ap: 0.2567 (±0.0103)
  test_acc: 0.5861 (±0.0264)
  test_f1: 0.3136 (±0.0337)
  test_auc: 0.6112 (±0.0434)
  test_ap: 0.2526 (±0.0370)

全Fold統合テストデータ:
  AUC-ROC: 0.6082
  Average Precision: 0.2425

=== クロスバリデーション完了 ===

================================================================================
クロスバリデーションで得られたモデルを使って、train/devデータに対して評価を実行します/home/daiki_shibata/pj/QPP4SIP/LogReg/LASSO/module/visualization.py:668: UserWarning: Boolean Series key will be reindexed to match DataFrame index.
  test_values_pos = X_test[y_test == 1][feature_name].values
/home/daiki_shibata/pj/QPP4SIP/LogReg/LASSO/module/visualization.py:669: UserWarning: Boolean Series key will be reindexed to match DataFrame index.
  test_values_neg = X_test[y_test == 0][feature_name].values
/home/daiki_shibata/pj/QPP4SIP/LogReg/LASSO/module/visualization.py:668: UserWarning: Boolean Series key will be reindexed to match DataFrame index.
  test_values_pos = X_test[y_test == 1][feature_name].values
/home/daiki_shibata/pj/QPP4SIP/LogReg/LASSO/module/visualization.py:669: UserWarning: Boolean Series key will be reindexed to match DataFrame index.
  test_values_neg = X_test[y_test == 0][feature_name].values
/home/daiki_shibata/pj/QPP4SIP/LogReg/LASSO/module/visualization.py:668: UserWarning: Boolean Series key will be reindexed to match DataFrame index.
  test_values_pos = X_test[y_test == 1][feature_name].values
/home/daiki_shibata/pj/QPP4SIP/LogReg/LASSO/module/visualization.py:669: UserWarning: Boolean Series key will be reindexed to match DataFrame index.
  test_values_neg = X_test[y_test == 0][feature_name].values
/home/daiki_shibata/pj/QPP4SIP/LogReg/LASSO/module/visualization.py:668: UserWarning: Boolean Series key will be reindexed to match DataFrame index.
  test_values_pos = X_test[y_test == 1][feature_name].values
/home/daiki_shibata/pj/QPP4SIP/LogReg/LASSO/module/visualization.py:669: UserWarning: Boolean Series key will be reindexed to match DataFrame index.
  test_values_neg = X_test[y_test == 0][feature_name].values
/home/daiki_shibata/pj/QPP4SIP/LogReg/LASSO/module/visualization.py:668: UserWarning: Boolean Series key will be reindexed to match DataFrame index.
  test_values_pos = X_test[y_test == 1][feature_name].values
/home/daiki_shibata/pj/QPP4SIP/LogReg/LASSO/module/visualization.py:669: UserWarning: Boolean Series key will be reindexed to match DataFrame index.
  test_values_neg = X_test[y_test == 0][feature_name].values
/home/daiki_shibata/pj/QPP4SIP/LogReg/LASSO/module/visualization.py:668: UserWarning: Boolean Series key will be reindexed to match DataFrame index.
  test_values_pos = X_test[y_test == 1][feature_name].values
/home/daiki_shibata/pj/QPP4SIP/LogReg/LASSO/module/visualization.py:669: UserWarning: Boolean Series key will be reindexed to match DataFrame index.
  test_values_neg = X_test[y_test == 0][feature_name].values
/home/daiki_shibata/pj/QPP4SIP/LogReg/LASSO/module/visualization.py:668: UserWarning: Boolean Series key will be reindexed to match DataFrame index.
  test_values_pos = X_test[y_test == 1][feature_name].values
/home/daiki_shibata/pj/QPP4SIP/LogReg/LASSO/module/visualization.py:669: UserWarning: Boolean Series key will be reindexed to match DataFrame index.
  test_values_neg = X_test[y_test == 0][feature_name].values
/home/daiki_shibata/pj/QPP4SIP/LogReg/LASSO/module/visualization.py:668: UserWarning: Boolean Series key will be reindexed to match DataFrame index.
  test_values_pos = X_test[y_test == 1][feature_name].values
/home/daiki_shibata/pj/QPP4SIP/LogReg/LASSO/module/visualization.py:669: UserWarning: Boolean Series key will be reindexed to match DataFrame index.
  test_values_neg = X_test[y_test == 0][feature_name].values
/home/daiki_shibata/pj/QPP4SIP/LogReg/LASSO/module/visualization.py:668: UserWarning: Boolean Series key will be reindexed to match DataFrame index.
  test_values_pos = X_test[y_test == 1][feature_name].values
/home/daiki_shibata/pj/QPP4SIP/LogReg/LASSO/module/visualization.py:669: UserWarning: Boolean Series key will be reindexed to match DataFrame index.
  test_values_neg = X_test[y_test == 0][feature_name].values
/home/daiki_shibata/pj/QPP4SIP/LogReg/LASSO/module/visualization.py:668: UserWarning: Boolean Series key will be reindexed to match DataFrame index.
  test_values_pos = X_test[y_test == 1][feature_name].values
/home/daiki_shibata/pj/QPP4SIP/LogReg/LASSO/module/visualization.py:669: UserWarning: Boolean Series key will be reindexed to match DataFrame index.
  test_values_neg = X_test[y_test == 0][feature_name].values
/home/daiki_shibata/pj/QPP4SIP/LogReg/LASSO/module/visualization.py:668: UserWarning: Boolean Series key will be reindexed to match DataFrame index.
  test_values_pos = X_test[y_test == 1][feature_name].values
/home/daiki_shibata/pj/QPP4SIP/LogReg/LASSO/module/visualization.py:669: UserWarning: Boolean Series key will be reindexed to match DataFrame index.
  test_values_neg = X_test[y_test == 0][feature_name].values

================================================================================

=== クロスバリデーション結果による評価 ===
（各foldのテストデータに対する予測結果を使用）
CVテストデータ - Accuracy: 0.5861, F1: 0.3137, AUC: 0.6082, AP: 0.2425

5.6. 単体指標の最高ROCと回帰モデルのDeLong検定を実行中...
  単体指標の最高ROC: roberta_logit_clarification (AUC = 0.6085)
  回帰モデルのROC: AUC = 0.6082

  DeLongの検定結果:
    モデルA (回帰): AUC = 0.6082
    モデルB (単体指標 roberta_logit_clarification): AUC = 0.6085
    AUC差: -0.0003
    Z統計量: -0.0368
    p値: 0.9706
    有意差: なし (α=0.05)

  === 各指標とモデルの比較表 ===

Metric	AUC-ROC	AUC-PR	p-value
nqc	0.4516	0.1595	-
clarity	0.4614	0.1506	-
wig	0.4658	0.1629	-
smv	0.4580	0.1636	-
n_sigma_50	0.4744	0.1583	-
pre_avgidf	0.4892	0.1694	-
pre_avgictf	0.4815	0.1663	-
pre_maxidf	0.5043	0.1757	-
pre_maxscq	0.4766	0.1618	-
pre_simplified_clarity	0.4863	0.1681	-
roberta_logit_clarification	0.6085	0.2447	-
ALL Logistic Regression	0.6082	0.2425	0.9706

  - DeLongの検定結果を保存: /home/daiki_shibata/pj/QPP4SIP/LogReg/LASSO/outputs/INSCIT/pre_post_bert/ictf_idf_maxidf_scq_scs_clarity_ns50_nqc_smv_wig_rob/delong/delong_test_single_metric.csv
  - 比較表を保存: /home/daiki_shibata/pj/QPP4SIP/LogReg/LASSO/outputs/INSCIT/pre_post_bert/ictf_idf_maxidf_scq_scs_clarity_ns50_nqc_smv_wig_rob/delong/comparison_table.csv
  - 回帰モデル同士の比較用に予測結果を保存: /home/daiki_shibata/pj/QPP4SIP/LogReg/LASSO/outputs/INSCIT/pre_post_bert/ictf_idf_maxidf_scq_scs_clarity_ns50_nqc_smv_wig_rob/csv/predictions_for_delong.csv

参考: train/devデータに対する予測（評価には使用しません）
参考 - 訓練データ: Accuracy: 0.6022, F1: 0.3183, AUC: 0.6200, AP: 0.2515
参考 - テストデータ: Accuracy: 0.5518, F1: 0.3243, AUC: 0.6548, AP: 0.2925

特徴量の係数（各foldの平均）:
                    feature  coefficient
roberta_logit_clarification     1.998834
                        nqc    -1.571696
                    clarity    -1.270208
                        smv     1.104046
                 pre_maxscq    -0.455886
                 pre_avgidf     0.159877
                 pre_maxidf     0.111500
                 n_sigma_50     0.086968
                        wig     0.000000
                pre_avgictf     0.000000
     pre_simplified_clarity     0.000000
  - 係数をCSVファイルに保存しました: /home/daiki_shibata/pj/QPP4SIP/LogReg/LASSO/outputs/INSCIT/pre_post_bert/ictf_idf_maxidf_scq_scs_clarity_ns50_nqc_smv_wig_rob/coefficients.csv
  - DeLongの検定用に予測結果を保存（CV統合）: /home/daiki_shibata/pj/QPP4SIP/LogReg/LASSO/outputs/INSCIT/pre_post_bert/ictf_idf_maxidf_scq_scs_clarity_ns50_nqc_smv_wig_rob/csv/predictions_for_delong.csv

3. [0,1]正規化（Min-Max）中...
  - 方法: 訓練データの統計量でテストデータも正規化（通常）
  - 正規化完了

=== 評価結果 ===
（クロスバリデーション結果は既に上記で表示済み）

6. ROC曲線を描画中...
  - 保存先: /home/daiki_shibata/pj/QPP4SIP/LogReg/LASSO/outputs/INSCIT/pre_post_bert/ictf_idf_maxidf_scq_scs_clarity_ns50_nqc_smv_wig_rob/graphs/roc_curves.png
  - ROC曲線を保存しました

7. Precision-Recall曲線を描画中...
  - 保存先: /home/daiki_shibata/pj/QPP4SIP/LogReg/LASSO/outputs/INSCIT/pre_post_bert/ictf_idf_maxidf_scq_scs_clarity_ns50_nqc_smv_wig_rob/graphs/pr_curves.png
  - PR曲線を保存しました

8. 閾値とF1スコアの関係を描画中...
  - 保存先: /home/daiki_shibata/pj/QPP4SIP/LogReg/LASSO/outputs/INSCIT/pre_post_bert/ictf_idf_maxidf_scq_scs_clarity_ns50_nqc_smv_wig_rob/graphs/threshold_f1_curves.png
  - 閾値とF1スコアの関係を保存しました

9. 特徴量のスコア分布を描画中...
  - 保存先: /home/daiki_shibata/pj/QPP4SIP/LogReg/LASSO/outputs/INSCIT/pre_post_bert/ictf_idf_maxidf_scq_scs_clarity_ns50_nqc_smv_wig_rob/graphs/feature_distributions.png
  - 保存先: /home/daiki_shibata/pj/QPP4SIP/LogReg/LASSO/outputs/INSCIT/pre_post_bert/ictf_idf_maxidf_scq_scs_clarity_ns50_nqc_smv_wig_rob/graphs/feature_distributions_by_label.png
  - 特徴量のスコア分布を保存しました

10. 相関係数ヒートマップを描画中...
trainとtestを統合: train=1443サンプル, test=502サンプル, 合計=1945サンプル
  - 相関係数ヒートマップを保存しました: /home/daiki_shibata/pj/QPP4SIP/LogReg/LASSO/outputs/INSCIT/pre_post_bert/ictf_idf_maxidf_scq_scs_clarity_ns50_nqc_smv_wig_rob/graphs/correlation_heatmaps.png

=== 相関係数の統計情報 ===
全体のデータ数: 1945

全体の相関係数（ピアソン）:
                                  nqc  ...  roberta_logit_clarification
nqc                          1.000000  ...                    -0.014230
clarity                      0.130680  ...                    -0.105022
wig                          0.947161  ...                     0.000780
smv                          0.950883  ...                     0.004323
n_sigma_50                   0.513079  ...                    -0.134167
pre_avgidf                   0.041128  ...                    -0.009171
pre_avgictf                  0.030910  ...                    -0.001021
pre_maxidf                   0.006949  ...                     0.033652
pre_maxscq                   0.003135  ...                    -0.046265
pre_simplified_clarity       0.054250  ...                    -0.015256
roberta_logit_clarification -0.014230  ...                     1.000000

[11 rows x 11 columns]

全体の相関係数（スピアマン）:
                                  nqc  ...  roberta_logit_clarification
nqc                          1.000000  ...                    -0.013434
clarity                      0.154224  ...                    -0.142472
wig                          0.946554  ...                     0.010605
smv                          0.990527  ...                     0.010672
n_sigma_50                   0.625171  ...                    -0.125176
pre_avgidf                   0.022237  ...                    -0.024207
pre_avgictf                  0.015738  ...                    -0.012712
pre_maxidf                  -0.002355  ...                     0.041906
pre_maxscq                  -0.001225  ...                    -0.065246
pre_simplified_clarity       0.037168  ...                    -0.028966
roberta_logit_clarification -0.013434  ...                     1.000000

[11 rows x 11 columns]

Negativeラベルの相関係数（ピアソン） (データ数: 1609):
                                  nqc  ...  roberta_logit_clarification
nqc                          1.000000  ...                    -0.033153
clarity                      0.136096  ...                    -0.098988
wig                          0.946734  ...                    -0.020825
smv                          0.950764  ...                    -0.012287
n_sigma_50                   0.520872  ...                    -0.140779
pre_avgidf                   0.031396  ...                    -0.002648
pre_avgictf                  0.017083  ...                     0.008443
pre_maxidf                  -0.009308  ...                     0.033587
pre_maxscq                   0.010931  ...                    -0.049433
pre_simplified_clarity       0.044351  ...                    -0.005715
roberta_logit_clarification -0.033153  ...                     1.000000

[11 rows x 11 columns]

Negativeラベルの相関係数（スピアマン） (データ数: 1609):
                                  nqc  ...  roberta_logit_clarification
nqc                          1.000000  ...                    -0.034069
clarity                      0.149073  ...                    -0.138519
wig                          0.945243  ...                    -0.010119
smv                          0.990433  ...                    -0.007898
n_sigma_50                   0.616845  ...                    -0.128855
pre_avgidf                   0.013757  ...                    -0.023847
pre_avgictf                  0.003701  ...                    -0.008472
pre_maxidf                  -0.021237  ...                     0.038052
pre_maxscq                   0.010562  ...                    -0.079208
pre_simplified_clarity       0.028635  ...                    -0.025286
roberta_logit_clarification -0.034069  ...                     1.000000

[11 rows x 11 columns]

Positiveラベルの相関係数（ピアソン） (データ数: 336):
                                  nqc  ...  roberta_logit_clarification
nqc                          1.000000  ...                     0.089481
clarity                      0.085500  ...                    -0.109802
wig                          0.949461  ...                     0.106192
smv                          0.953197  ...                     0.083356
n_sigma_50                   0.474547  ...                    -0.075589
pre_avgidf                   0.081328  ...                    -0.030545
pre_avgictf                  0.091313  ...                    -0.037657
pre_maxidf                   0.071578  ...                     0.043573
pre_maxscq                  -0.041338  ...                    -0.019126
pre_simplified_clarity       0.097855  ...                    -0.054575
roberta_logit_clarification  0.089481  ...                     1.000000

[11 rows x 11 columns]

Positiveラベルの相関係数（スピアマン） (データ数: 336):
                                  nqc  ...  roberta_logit_clarification
nqc                          1.000000  ...                     0.105703
clarity                      0.172047  ...                    -0.145713
wig                          0.950723  ...                     0.122457
smv                          0.990504  ...                     0.121941
n_sigma_50                   0.656815  ...                    -0.083969
pre_avgidf                   0.053661  ...                    -0.021320
pre_avgictf                  0.061170  ...                    -0.027011
pre_maxidf                   0.073618  ...                     0.065149
pre_maxscq                  -0.067179  ...                     0.003486
pre_simplified_clarity       0.068276  ...                    -0.046977
roberta_logit_clarification  0.105703  ...                     1.000000

[11 rows x 11 columns]
  - 相関係数ヒートマップを保存しました

11. Confidence Analysis（確信度分析）を実行中...
Loaded 502 roberta_prob_clarification probabilities for dev (experiment: INSCIT_roberta-base_lr2e-05_bs16_earlystop_kfold5)
  - BERT予測確率を読み込み: roberta_prob_clarification (502 サンプル)
  - Confidence Analysis可視化を保存: /home/daiki_shibata/pj/QPP4SIP/LogReg/LASSO/outputs/INSCIT/pre_post_bert/ictf_idf_maxidf_scq_scs_clarity_ns50_nqc_smv_wig_rob/graphs/confidence_analysis.png
  - Confidence Analysis可視化を保存しました

  Confidence Analysis結果:
  - BERT確率範囲: [0.4, 0.6]
  - 抽出サンプル数: 116 / 1945
  - 抽出率: 5.96%

  回帰モデル（QPP統合）の評価:
    Accuracy: 0.5776
    F1 Score: 0.3099
    AUC-ROC: 0.7255
    Average Precision: 0.3193

  単体指標（roberta_logit_clarification）の評価:
    Accuracy: 0.5690
    F1 Score: 0.2857
    AUC-ROC: 0.7591
    Average Precision: 0.3488

  QPP統合による改善度:
    AUC-ROC改善: -0.0336
    Average Precision改善: -0.0295
    F1 Score改善: +0.0241

  全体データでの改善度との比較:
    全体データ - AUC改善: -0.0003
    Confidence範囲 - AUC改善: -0.0336
    改善度の差: -0.0333

  → Confidence範囲での改善度は全体データと同程度です。
  - Confidence Analysis結果を保存: /home/daiki_shibata/pj/QPP4SIP/LogReg/LASSO/outputs/INSCIT/pre_post_bert/ictf_idf_maxidf_scq_scs_clarity_ns50_nqc_smv_wig_rob/csv/confidence_analysis.csv

12. Overconfidence Analysis（過信分析）を実行中...

  False Positive (高確信度で誤分類):
    - サンプル数: 35
    - 回帰モデル 平均予測確率: 0.4880 (std: 0.0983)
    - 単体指標 平均予測確率: 0.4866 (std: 0.0755)
    - 改善度（0からの距離の減少）: -0.0014
    → QPP統合による改善は見られませんでした

  False Negative (高確信度で誤分類):
    - サンプル数: 18
    - 回帰モデル 平均予測確率: 0.5253 (std: 0.1077)
    - 単体指標 平均予測確率: 0.5268 (std: 0.0790)
    - 改善度（1からの距離の減少）: -0.0015
    → QPP統合による改善は見られませんでした
  - Overconfidence Analysis可視化を保存: /home/daiki_shibata/pj/QPP4SIP/LogReg/LASSO/outputs/INSCIT/pre_post_bert/ictf_idf_maxidf_scq_scs_clarity_ns50_nqc_smv_wig_rob/graphs/overconfidence_analysis.png
  - Overconfidence Analysis可視化を保存しました
  - Overconfidence Analysis結果を保存: /home/daiki_shibata/pj/QPP4SIP/LogReg/LASSO/outputs/INSCIT/pre_post_bert/ictf_idf_maxidf_scq_scs_clarity_ns50_nqc_smv_wig_rob/csv/overconfidence_analysis.csv

結果をファイルに保存しました: /home/daiki_shibata/pj/QPP4SIP/LogReg/LASSO/outputs/INSCIT/pre_post_bert/ictf_idf_maxidf_scq_scs_clarity_ns50_nqc_smv_wig_rob/results.txt

================================================================================
全てのモデルタイプを実行して比較します
================================================================================

L1:
  Accuracy: 0.5882
  F1 Score: 0.3148
  AUC-ROC: 0.6076
  Average Precision: 0.2425

  --- L1 モデルのDeLong検定を実行中 ---
  単体指標の最高ROC: roberta_logit_clarification (AUC = 0.6085)
  回帰モデルのROC: AUC = 0.6076

  DeLongの検定結果:
    モデルA (L1): AUC = 0.6076
    モデルB (単体指標 roberta_logit_clarification): AUC = 0.6085
    AUC差: -0.0008
    Z統計量: -0.1152
    p値: 0.9083
    有意差: なし (α=0.05)

  === 各指標とモデルの比較表 ===

Metric	AUC-ROC	AUC-PR	p-value
nqc	0.5418	0.1919	-
clarity	0.5349	0.1769	-
wig	0.5272	0.1874	-
smv	0.5313	0.1840	-
n_sigma_50	0.5207	0.1840	-
pre_avgidf	0.4892	0.1694	-
pre_avgictf	0.4815	0.1663	-
pre_maxidf	0.5043	0.1757	-
pre_maxscq	0.4766	0.1618	-
pre_simplified_clarity	0.4863	0.1681	-
roberta_logit_clarification	0.6085	0.2447	-
L1	0.6076	0.2425	0.9083

  - DeLongの検定結果を保存: /home/daiki_shibata/pj/QPP4SIP/LogReg/LASSO/outputs/INSCIT/pre_post_bert/ictf_idf_maxidf_scq_scs_clarity_ns50_nqc_smv_wig_rob/delong/delong_test_l1.csv
  - 比較表を保存: /home/daiki_shibata/pj/QPP4SIP/LogReg/LASSO/outputs/INSCIT/pre_post_bert/ictf_idf_maxidf_scq_scs_clarity_ns50_nqc_smv_wig_rob/delong/comparison_table_l1.csv

L2:
  Accuracy: 0.5882
  F1 Score: 0.3160
  AUC-ROC: 0.6039
  Average Precision: 0.2411

  --- L2 モデルのDeLong検定を実行中 ---
  単体指標の最高ROC: roberta_logit_clarification (AUC = 0.6085)
  回帰モデルのROC: AUC = 0.6039

  DeLongの検定結果:
    モデルA (L2): AUC = 0.6039
    モデルB (単体指標 roberta_logit_clarification): AUC = 0.6085
    AUC差: -0.0045
    Z統計量: -0.6176
    p値: 0.5369
    有意差: なし (α=0.05)

  === 各指標とモデルの比較表 ===

Metric	AUC-ROC	AUC-PR	p-value
nqc	0.5418	0.1919	-
clarity	0.5349	0.1769	-
wig	0.5272	0.1874	-
smv	0.5313	0.1840	-
n_sigma_50	0.5207	0.1840	-
pre_avgidf	0.4892	0.1694	-
pre_avgictf	0.4815	0.1663	-
pre_maxidf	0.5043	0.1757	-
pre_maxscq	0.4766	0.1618	-
pre_simplified_clarity	0.4863	0.1681	-
roberta_logit_clarification	0.6085	0.2447	-
L2	0.6039	0.2411	0.5369

  - DeLongの検定結果を保存: /home/daiki_shibata/pj/QPP4SIP/LogReg/LASSO/outputs/INSCIT/pre_post_bert/ictf_idf_maxidf_scq_scs_clarity_ns50_nqc_smv_wig_rob/delong/delong_test_l2.csv
  - 比較表を保存: /home/daiki_shibata/pj/QPP4SIP/LogReg/LASSO/outputs/INSCIT/pre_post_bert/ictf_idf_maxidf_scq_scs_clarity_ns50_nqc_smv_wig_rob/delong/comparison_table_l2.csv

ElasticNet:
  Accuracy: 0.5861
  F1 Score: 0.3102
  AUC-ROC: 0.6058
  Average Precision: 0.2412

  --- ElasticNet モデルのDeLong検定を実行中 ---
  単体指標の最高ROC: roberta_logit_clarification (AUC = 0.6085)
  回帰モデルのROC: AUC = 0.6058

  DeLongの検定結果:
    モデルA (ElasticNet): AUC = 0.6058
    モデルB (単体指標 roberta_logit_clarification): AUC = 0.6085
    AUC差: -0.0026
    Z統計量: -0.3688
    p値: 0.7122
    有意差: なし (α=0.05)

  === 各指標とモデルの比較表 ===

Metric	AUC-ROC	AUC-PR	p-value
nqc	0.5418	0.1919	-
clarity	0.5349	0.1769	-
wig	0.5272	0.1874	-
smv	0.5313	0.1840	-
n_sigma_50	0.5207	0.1840	-
pre_avgidf	0.4892	0.1694	-
pre_avgictf	0.4815	0.1663	-
pre_maxidf	0.5043	0.1757	-
pre_maxscq	0.4766	0.1618	-
pre_simplified_clarity	0.4863	0.1681	-
roberta_logit_clarification	0.6085	0.2447	-
ElasticNet	0.6058	0.2412	0.7122

  - DeLongの検定結果を保存: /home/daiki_shibata/pj/QPP4SIP/LogReg/LASSO/outputs/INSCIT/pre_post_bert/ictf_idf_maxidf_scq_scs_clarity_ns50_nqc_smv_wig_rob/delong/delong_test_elasticnet.csv
  - 比較表を保存: /home/daiki_shibata/pj/QPP4SIP/LogReg/LASSO/outputs/INSCIT/pre_post_bert/ictf_idf_maxidf_scq_scs_clarity_ns50_nqc_smv_wig_rob/delong/comparison_table_elasticnet.csv

No Penalty:
  Accuracy: 0.5887
  F1 Score: 0.3139
  AUC-ROC: 0.6054
  Average Precision: 0.2343

  --- No Penalty モデルのDeLong検定を実行中 ---
  単体指標の最高ROC: roberta_logit_clarification (AUC = 0.6085)
  回帰モデルのROC: AUC = 0.6054

  DeLongの検定結果:
    モデルA (No Penalty): AUC = 0.6054
    モデルB (単体指標 roberta_logit_clarification): AUC = 0.6085
    AUC差: -0.0030
    Z統計量: -0.2656
    p値: 0.7906
    有意差: なし (α=0.05)

  === 各指標とモデルの比較表 ===

Metric	AUC-ROC	AUC-PR	p-value
nqc	0.5418	0.1919	-
clarity	0.5349	0.1769	-
wig	0.5272	0.1874	-
smv	0.5313	0.1840	-
n_sigma_50	0.5207	0.1840	-
pre_avgidf	0.4892	0.1694	-
pre_avgictf	0.4815	0.1663	-
pre_maxidf	0.5043	0.1757	-
pre_maxscq	0.4766	0.1618	-
pre_simplified_clarity	0.4863	0.1681	-
roberta_logit_clarification	0.6085	0.2447	-
No Penalty	0.6054	0.2343	0.7906

  - DeLongの検定結果を保存: /home/daiki_shibata/pj/QPP4SIP/LogReg/LASSO/outputs/INSCIT/pre_post_bert/ictf_idf_maxidf_scq_scs_clarity_ns50_nqc_smv_wig_rob/delong/delong_test_none.csv
  - 比較表を保存: /home/daiki_shibata/pj/QPP4SIP/LogReg/LASSO/outputs/INSCIT/pre_post_bert/ictf_idf_maxidf_scq_scs_clarity_ns50_nqc_smv_wig_rob/delong/comparison_table_none.csv

BOLASSO:
  Accuracy: 0.5882
  F1 Score: 0.3136
  AUC-ROC: 0.6085
  Average Precision: 0.2423

  --- BOLASSO モデルのDeLong検定を実行中 ---
  単体指標の最高ROC: roberta_logit_clarification (AUC = 0.6085)
  回帰モデルのROC: AUC = 0.6085

  DeLongの検定結果:
    モデルA (BOLASSO): AUC = 0.6085
    モデルB (単体指標 roberta_logit_clarification): AUC = 0.6085
    AUC差: 0.0001
    Z統計量: 0.0112
    p値: 0.9911
    有意差: なし (α=0.05)

  === 各指標とモデルの比較表 ===

Metric	AUC-ROC	AUC-PR	p-value
nqc	0.5418	0.1919	-
clarity	0.5349	0.1769	-
wig	0.5272	0.1874	-
smv	0.5313	0.1840	-
n_sigma_50	0.5207	0.1840	-
pre_avgidf	0.4892	0.1694	-
pre_avgictf	0.4815	0.1663	-
pre_maxidf	0.5043	0.1757	-
pre_maxscq	0.4766	0.1618	-
pre_simplified_clarity	0.4863	0.1681	-
roberta_logit_clarification	0.6085	0.2447	-
BOLASSO	0.6085	0.2423	0.9911

  - DeLongの検定結果を保存: /home/daiki_shibata/pj/QPP4SIP/LogReg/LASSO/outputs/INSCIT/pre_post_bert/ictf_idf_maxidf_scq_scs_clarity_ns50_nqc_smv_wig_rob/delong/delong_test_bolasso.csv
  - 比較表を保存: /home/daiki_shibata/pj/QPP4SIP/LogReg/LASSO/outputs/INSCIT/pre_post_bert/ictf_idf_maxidf_scq_scs_clarity_ns50_nqc_smv_wig_rob/delong/comparison_table_bolasso.csv

LARS-Traps:
  Accuracy: 0.5882
  F1 Score: 0.3160
  AUC-ROC: 0.6039
  Average Precision: 0.2411

  --- LARS-Traps モデルのDeLong検定を実行中 ---
  単体指標の最高ROC: roberta_logit_clarification (AUC = 0.6085)
  回帰モデルのROC: AUC = 0.6039

  DeLongの検定結果:
    モデルA (LARS-Traps): AUC = 0.6039
    モデルB (単体指標 roberta_logit_clarification): AUC = 0.6085
    AUC差: -0.0045
    Z統計量: -0.6176
    p値: 0.5369
    有意差: なし (α=0.05)

  === 各指標とモデルの比較表 ===

Metric	AUC-ROC	AUC-PR	p-value
nqc	0.5418	0.1919	-
clarity	0.5349	0.1769	-
wig	0.5272	0.1874	-
smv	0.5313	0.1840	-
n_sigma_50	0.5207	0.1840	-
pre_avgidf	0.4892	0.1694	-
pre_avgictf	0.4815	0.1663	-
pre_maxidf	0.5043	0.1757	-
pre_maxscq	0.4766	0.1618	-
pre_simplified_clarity	0.4863	0.1681	-
roberta_logit_clarification	0.6085	0.2447	-
LARS-Traps	0.6039	0.2411	0.5369

  - DeLongの検定結果を保存: /home/daiki_shibata/pj/QPP4SIP/LogReg/LASSO/outputs/INSCIT/pre_post_bert/ictf_idf_maxidf_scq_scs_clarity_ns50_nqc_smv_wig_rob/delong/delong_test_lars_traps.csv
  - 比較表を保存: /home/daiki_shibata/pj/QPP4SIP/LogReg/LASSO/outputs/INSCIT/pre_post_bert/ictf_idf_maxidf_scq_scs_clarity_ns50_nqc_smv_wig_rob/delong/comparison_table_lars_traps.csv

LARS-CV:
  Accuracy: 0.5959
  F1 Score: 0.3201
  AUC-ROC: 0.6032
  Average Precision: 0.2445

  --- LARS-CV モデルのDeLong検定を実行中 ---
  単体指標の最高ROC: roberta_logit_clarification (AUC = 0.6085)
  回帰モデルのROC: AUC = 0.6032

  DeLongの検定結果:
    モデルA (LARS-CV): AUC = 0.6032
    モデルB (単体指標 roberta_logit_clarification): AUC = 0.6085
    AUC差: -0.0052
    Z統計量: -0.8282
    p値: 0.4076
    有意差: なし (α=0.05)

  === 各指標とモデルの比較表 ===

Metric	AUC-ROC	AUC-PR	p-value
nqc	0.5418	0.1919	-
clarity	0.5349	0.1769	-
wig	0.5272	0.1874	-
smv	0.5313	0.1840	-
n_sigma_50	0.5207	0.1840	-
pre_avgidf	0.4892	0.1694	-
pre_avgictf	0.4815	0.1663	-
pre_maxidf	0.5043	0.1757	-
pre_maxscq	0.4766	0.1618	-
pre_simplified_clarity	0.4863	0.1681	-
roberta_logit_clarification	0.6085	0.2447	-
LARS-CV	0.6032	0.2445	0.4076

  - DeLongの検定結果を保存: /home/daiki_shibata/pj/QPP4SIP/LogReg/LASSO/outputs/INSCIT/pre_post_bert/ictf_idf_maxidf_scq_scs_clarity_ns50_nqc_smv_wig_rob/delong/delong_test_lars_cv.csv
  - 比較表を保存: /home/daiki_shibata/pj/QPP4SIP/LogReg/LASSO/outputs/INSCIT/pre_post_bert/ictf_idf_maxidf_scq_scs_clarity_ns50_nqc_smv_wig_rob/delong/comparison_table_lars_cv.csv

RandomForest:
  Accuracy: 0.8257
  F1 Score: 0.0000
  AUC-ROC: 0.5205
  Average Precision: 0.1773

  --- RandomForest モデルのDeLong検定を実行中 ---
  単体指標の最高ROC: roberta_logit_clarification (AUC = 0.6085)
  回帰モデルのROC: AUC = 0.5205

  DeLongの検定結果:
    モデルA (RandomForest): AUC = 0.5205
    モデルB (単体指標 roberta_logit_clarification): AUC = 0.6085
    AUC差: -0.0879
    Z統計量: -4.9388
    p値: 0.0000
    有意差: あり (α=0.05)

  === 各指標とモデルの比較表 ===

Metric	AUC-ROC	AUC-PR	p-value
nqc	0.5418	0.1919	-
clarity	0.5349	0.1769	-
wig	0.5272	0.1874	-
smv	0.5313	0.1840	-
n_sigma_50	0.5207	0.1840	-
pre_avgidf	0.4892	0.1694	-
pre_avgictf	0.4815	0.1663	-
pre_maxidf	0.5043	0.1757	-
pre_maxscq	0.4766	0.1618	-
pre_simplified_clarity	0.4863	0.1681	-
roberta_logit_clarification	0.6085	0.2447	-
RandomForest	0.5205	0.1773	7.86e-07

  - DeLongの検定結果を保存: /home/daiki_shibata/pj/QPP4SIP/LogReg/LASSO/outputs/INSCIT/pre_post_bert/ictf_idf_maxidf_scq_scs_clarity_ns50_nqc_smv_wig_rob/delong/delong_test_randomforest.csv
  - 比較表を保存: /home/daiki_shibata/pj/QPP4SIP/LogReg/LASSO/outputs/INSCIT/pre_post_bert/ictf_idf_maxidf_scq_scs_clarity_ns50_nqc_smv_wig_rob/delong/comparison_table_randomforest.csv

================================================================================
全モデル統合比較表を作成中...
================================================================================

=== 全モデル統合比較表 ===
Metric	AUC-ROC	AUC-PR	p-value
clarity	0.4614	0.1506	-
n_sigma_50	0.4744	0.1583	-
nqc	0.4516	0.1595	-
pre_avgictf	0.4815	0.1663	-
pre_avgidf	0.4892	0.1694	-
pre_maxidf	0.5043	0.1757	-
pre_maxscq	0.4766	0.1618	-
pre_simplified_clarity	0.4863	0.1681	-
roberta_logit_clarification	0.6085	0.2447	-
smv	0.4580	0.1636	-
wig	0.4658	0.1629	-
L1 Logistic Regression	0.6076	0.2425	0.9083
L2 Logistic Regression	0.6039	0.2411	0.5369
E-Net	0.6058	0.2412	0.7122
No Penalty Logistic Regression	0.6054	0.2343	0.7906
BOLASSO	0.6085	0.2423	0.9911
LARS-Traps	0.6039	0.2411	0.5369
LARS-CV	0.6032	0.2445	0.4076
Random Forest	0.5205	0.1773	7.86e-07

  - 統合比較表（DeLong検定）を保存: /home/daiki_shibata/pj/QPP4SIP/LogReg/LASSO/outputs/INSCIT/pre_post_bert/ictf_idf_maxidf_scq_scs_clarity_ns50_nqc_smv_wig_rob/delong/comprehensive_comparison_table.csv

================================================================================
モデル比較グラフを描画中...
================================================================================
  - 保存先: /home/daiki_shibata/pj/QPP4SIP/LogReg/LASSO/outputs/INSCIT/pre_post_bert/ictf_idf_maxidf_scq_scs_clarity_ns50_nqc_smv_wig_rob/graphs/roc_curves_comparison.png
  - 保存先: /home/daiki_shibata/pj/QPP4SIP/LogReg/LASSO/outputs/INSCIT/pre_post_bert/ictf_idf_maxidf_scq_scs_clarity_ns50_nqc_smv_wig_rob/graphs/pr_curves_comparison.png
  - 比較表を保存: /home/daiki_shibata/pj/QPP4SIP/LogReg/LASSO/outputs/INSCIT/pre_post_bert/ictf_idf_maxidf_scq_scs_clarity_ns50_nqc_smv_wig_rob/graphs/models_comparison.csv
  - モデル比較グラフを保存しました

結果をファイルに保存しました（全モデル実行結果を含む）: /home/daiki_shibata/pj/QPP4SIP/LogReg/LASSO/outputs/INSCIT/pre_post_bert/ictf_idf_maxidf_scq_scs_clarity_ns50_nqc_smv_wig_rob/results.txt

=== 完了 ===
